******************************************************************************
               TMS320C6x Linker PC v7.4.4                      
******************************************************************************
>> Linked Mon Aug 15 10:41:01 2016

OUTPUT FILE NAME:   <Basic.out>
ENTRY POINT SYMBOL: "_c_int00"  address: 11818bc0


MEMORY CONFIGURATION

         name            origin    length      used     unused   attr    fill
----------------------  --------  ---------  --------  --------  ----  --------
  dsp_l2_ram            11800000   00040000  0001a537  00025ac9  RWIX
  shared_ram            80000000   00020000  00000000  00020000  RWIX
  external_ram          c0000000   08000000  00000000  08000000  RWIX


SECTION ALLOCATION MAP

 output                                  attributes/
section   page    origin      length       input sections
--------  ----  ----------  ----------   ----------------
.data      0    11800000    00000000     UNINITIALIZED

.sysmem    0    11800000    00010000     UNINITIALIZED
                  11800000    00000008     rts6740.lib : memory.obj (.sysmem)
                  11800008    0000fff8     --HOLE--

.text      0    11810000    00009140     
                  11810000    000016e0     L138_LCDK_aic3106_init.obj (.text)
                  118116e0    00000c20     evmomapl138_bsl.lib : evmomapl138.obj (.text)
                  11812300    000005a0     rts6740.lib : divd.obj (.text:__divd)
                  118128a0    00000580                 : _printfi.obj (.text:__getarg_diouxp)
                  11812e20    000004e0     evmomapl138_bsl.lib : evmomapl138_i2c_gpio.obj (.text)
                  11813300    00000440     rts6740.lib : _printfi.obj (.text:__printfi)
                  11813740    00000440                 : _printfi.obj (.text:__setfield)
                  11813b80    000003a0                 : fputs.obj (.text:_fputs)
                  11813f20    00000380     evmomapl138_bsl.lib : evmomapl138_gpio.obj (.text)
                  118142a0    00000380                         : evmomapl138_i2c.obj (.text)
                  11814620    00000320     rts6740.lib : _printfi.obj (.text:__pproc_fge)
                  11814940    000002c0                 : _printfi.obj (.text:__pproc_fwp)
                  11814c00    000002a0                 : _printfi.obj (.text:_ecvt)
                  11814ea0    000002a0                 : _printfi.obj (.text:_fcvt)
                  11815140    00000280                 : memory.obj (.text:_free)
                  118153c0    00000260                 : imath64.obj (.text:__divull)
                  11815620    00000260                 : _printfi.obj (.text:__pconv_e)
                  11815880    00000240                 : _printfi.obj (.text:__pproc_diouxp)
                  11815ac0    00000220                 : _printfi.obj (.text:__pproc_str)
                  11815ce0    00000220                 : fputc.obj (.text:_fputc)
                  11815f00    00000220     lab1.obj (.text:retain)
                  11816120    00000200     rts6740.lib : _printfi.obj (.text:__pconv_g)
                  11816320    00000200                 : setvbuf.obj (.text:_setvbuf)
                  11816520    000001e0     evmomapl138_bsl.lib : evmomapl138_timer.obj (.text)
                  11816700    000001c0     rts6740.lib : _printfi.obj (.text:__mcpy)
                  118168c0    000001a0                 : imath40.obj (.text:__divul)
                  11816a60    000001a0     evmomapl138_bsl.lib : evmomapl138_aic3106.obj (.text)
                  11816c00    00000180     rts6740.lib : trgdrv.obj (.text:_HOSTrename)
                  11816d80    00000180                 : memory.obj (.text:_malloc)
                  11816f00    00000140                 : _printfi.obj (.text:__pproc_fflags)
                  11817040    00000140                 : lowlev.obj (.text:_getdevice)
                  11817180    00000120                 : fclose.obj (.text:__closefile)
                  118172a0    00000120                 : _printfi.obj (.text:__ltostr)
                  118173c0    00000120                 : fseek.obj (.text:_fseek)
                  118174e0    00000100                 : trgdrv.obj (.text:_HOSTlseek)
                  118175e0    00000100                 : _io_perm.obj (.text:__wrt_ok)
                  118176e0    000000e0                 : trgdrv.obj (.text:_HOSTopen)
                  118177c0    000000e0                 : atoi.obj (.text:_atoi)
                  118178a0    000000e0                 : lowlev.obj (.text:_close)
                  11817980    000000e0                 : memset.obj (.text:_memset)
                  11817a60    000000e0                 : printf.obj (.text:_printf)
                  11817b40    000000c0                 : trgdrv.obj (.text:_HOSTread)
                  11817c00    000000c0                 : trgdrv.obj (.text:_HOSTunlink)
                  11817cc0    000000c0                 : trgdrv.obj (.text:_HOSTwrite)
                  11817d80    000000c0                 : autoinit.obj (.text:__auto_init)
                  11817e40    000000c0                 : _printfi.obj (.text:__div)
                  11817f00    000000c0                 : divu.obj (.text:__divu)
                  11817fc0    000000c0                 : fflush.obj (.text:__doflush)
                  11818080    000000c0                 : exit.obj (.text:_exit)
                  11818140    000000c0                 : ltoa.obj (.text:_ltoa)
                  11818200    000000a0                 : trgdrv.obj (.text:_HOSTclose)
                  118182a0    000000a0                 : fopen.obj (.text:__cleanup)
                  11818340    000000a0                 : imath40.obj (.text:__divli)
                  118183e0    000000a0                 : _printfi.obj (.text:__ecpy)
                  11818480    000000a0                 : _printfi.obj (.text:__fcpy)
                  11818520    000000a0                 : fixdli.obj (.text:__fixdli)
                  118185c0    000000a0                 : _printfi.obj (.text:__pconv_f)
                  11818660    000000a0                 : cpy_tbl.obj (.text:_copy_in)
                  11818700    000000a0                 : lowlev.obj (.text:_finddevice)
                  118187a0    000000a0                 : lowlev.obj (.text:_lseek)
                  11818840    000000a0                 : memcpy64.obj (.text:_memcpy)
                  118188e0    000000a0                 : memory.obj (.text:_minsert)
                  11818980    000000a0                 : memory.obj (.text:_mremove)
                  11818a20    000000a0                 : lowlev.obj (.text:_write)
                  11818ac0    00000080                 : fltlid.obj (.text:__fltlid)
                  11818b40    00000080                 : llshift.obj (.text:__llshl)
                  11818bc0    00000080                 : boot.obj (.text:_c_int00)
                  11818c40    00000080                 : trgmsg.obj (.text:_readmsg)
                  11818cc0    00000080                 : lowlev.obj (.text:_unlink)
                  11818d40    00000060                 : cpp_init.obj (.text:___TI_cpp_init)
                  11818da0    00000060                 : imath64.obj (.text:__subcull)
                  11818e00    00000060                 : memccpy.obj (.text:_memccpy)
                  11818e60    00000060                 : trgmsg.obj (.text:_writemsg)
                  11818ec0    00000040                 : isinf.obj (.text:___isinf)
                  11818f00    00000040                 : _printfi.obj (.text:___isnan)
                  11818f40    00000040                 : args_main.obj (.text:__args_main)
                  11818f80    00000040                 : frcmpyd_div.obj (.text:__frcmpyd_div)
                  11818fc0    00000040                 : llshift.obj (.text:__llshru)
                  11819000    00000040                 : imath40.obj (.text:__remli)
                  11819040    00000020                 : negll.obj (.text:__negll)
                  11819060    00000020                 : _lock.obj (.text:__nop)
                  11819080    00000020                 : printf.obj (.text:__outc)
                  118190a0    00000020                 : printf.obj (.text:__outs)
                  118190c0    00000020                 : exit.obj (.text:_abort)
                  118190e0    00000020                 : remove.obj (.text:_remove)
                  11819100    00000020     lab1.obj (.text)
                  11819120    00000020     vectors_intr.obj (.text)

.stack     0    11819140    00000800     UNINITIALIZED
                  11819140    00000008     rts6740.lib : boot.obj (.stack)
                  11819148    000007f8     --HOLE--

.far       0    11819940    000004b8     UNINITIALIZED
                  11819940    00000324     rts6740.lib : defs.obj (.far)
                  11819c64    00000004                 : fopen.obj (.far)
                  11819c68    0000011c                 : lowlev.obj (.far)
                  11819d84    00000004     --HOLE--
                  11819d88    00000040     lab1.obj (.far)
                  11819dc8    0000000c     rts6740.lib : exit.obj (.far)
                  11819dd4    00000008     L138_LCDK_aic3106_init.obj (.far)
                  11819ddc    00000008     rts6740.lib : _lock.obj (.far)
                  11819de4    00000008                 : memory.obj (.far)
                  11819dec    00000004     --HOLE--
                  11819df0    00000008                 : trgdrv.obj (.far)

.const     0    11819df8    000001eb     
                  11819df8    00000101     rts6740.lib : ctype.obj (.const:.string:__ctypes_)
                  11819ef9    00000002                 : fputs.obj (.const:.string)
                  11819efb    00000005     --HOLE-- [fill = 0]
                  11819f00    00000080     evmomapl138_bsl.lib : evmomapl138.obj (.const:_bitval_u32)
                  11819f80    00000040                         : evmomapl138.obj (.const:.string)
                  11819fc0    00000023     rts6740.lib : _printfi.obj (.const:.string)

.vecs      0    1181a000    00000200     
                  1181a000    00000200     vectors_intr.obj (.vecs)

.cinit     0    1181a200    000001ec     
                  1181a200    00000062     lab1.obj (.cinit)
                  1181a262    00000006     --HOLE-- [fill = 0]
                  1181a268    0000005c     rts6740.lib : defs.obj (.cinit)
                  1181a2c4    00000004     --HOLE-- [fill = 0]
                  1181a2c8    0000005c                 : lowlev.obj (.cinit)
                  1181a324    00000004     --HOLE-- [fill = 0]
                  1181a328    0000002c     L138_LCDK_aic3106_init.obj (.cinit)
                  1181a354    00000004     --HOLE-- [fill = 0]
                  1181a358    0000002c     rts6740.lib : exit.obj (.cinit)
                  1181a384    00000004     --HOLE-- [fill = 0]
                  1181a388    0000002c                 : memory.obj (.cinit)
                  1181a3b4    00000004     --HOLE-- [fill = 0]
                  1181a3b8    0000001c                 : _lock.obj (.cinit)
                  1181a3d4    00000004     --HOLE-- [fill = 0]
                  1181a3d8    0000000c                 : fopen.obj (.cinit)
                  1181a3e4    00000004     --HOLE-- [fill = 0]
                  1181a3e8    00000004     (.pad.cinit) [fill = 0]

.cio       0    1181a3f0    00000120     UNINITIALIZED
                  1181a3f0    00000120     rts6740.lib : trgmsg.obj (.cio)

.bss       0    1181a510    00000024     UNINITIALIZED
                  1181a510    0000001c     L138_LCDK_aic3106_init.obj (.bss)
                  1181a52c    00000004     evmomapl138_bsl.lib : evmomapl138_i2c.obj (.bss)
                  1181a530    00000004     lab1.obj (.bss)

.switch    0    1181a534    00000024     
                  1181a534    00000024     evmomapl138_bsl.lib : evmomapl138_gpio.obj (.switch:_getRegisterBankAndBit)


GLOBAL SYMBOLS: SORTED ALPHABETICALLY BY Name 

address    name
--------   ----
1181a510   $bss
1181a510   .bss
11800000   .data
11810000   .text
118190c0   C$$EXIT
11818eb8   C$$IO$$
11816a60   _AIC3106_init
11816b58   _AIC3106_readRegister
11816bb0   _AIC3106_writeRegister
11819dd4   _AIC31_data
11810258   _EDMA3_PaRAM_setup
118118c8   _EVMOMAPL138_enableDsp
118116e0   _EVMOMAPL138_init
1181170c   _EVMOMAPL138_initRAM
11811990   _EVMOMAPL138_lpscTransition
118118f4   _EVMOMAPL138_pinmuxConfig
11813f98   _GPIO_getInput
11813f20   _GPIO_setDir
1181400c   _GPIO_setOutput
1181408c   _GPIO_toggleLoop
11818200   _HOSTclose
118174e0   _HOSTlseek
118176e0   _HOSTopen
11817b40   _HOSTread
11816c00   _HOSTrename
11817c00   _HOSTunlink
11817cc0   _HOSTwrite
11812ef4   _I2CGPIO_getInput
11813010   _I2CGPIO_getInputAll
11812e20   _I2CGPIO_init
11813120   _I2CGPIO_setOutput
11813268   _I2CGPIO_setOutputAll
118142a0   _I2C_init
1181438c   _I2C_read
118144e8   _I2C_write
11811118   _L138_init_LCDK_DIP
11810de0   _L138_init_aic3106_registers
11810630   _L138_init_mcasp_edma
118108ec   _L138_init_mcasp_intr
11810b4c   _L138_init_mcasp_poll
118111c4   _L138_initialise_edma
1181142c   _L138_initialise_intr
11811348   _L138_initialise_poll
11816604   _USTIMER_delay
118166c4   _USTIMER_get
11816520   _USTIMER_init
11816694   _USTIMER_reset
118166d8   _USTIMER_set
118122e0   _UTIL_isUIBoardAttached
11812188   _UTIL_printMem
1181a3f0   __CIOBUF_
11819940   __STACK_END
00000800   __STACK_SIZE
00010000   __SYSMEM_SIZE
00000001   __TI_args_main
11818d40   ___TI_cpp_init
11819dd0   ___TI_enable_exit_profile_output
ffffffff   ___TI_pprof_out_hndl
ffffffff   ___TI_prof_data_size
ffffffff   ___TI_prof_data_start
ffffffff   ___binit__
1181a510   ___bss__
ffffffff   ___c_args__
1181a200   ___cinit__
11800000   ___data__
11800000   ___edata__
1181a534   ___end__
11819140   ___etext__
11818ec0   ___isinf
ffffffff   ___pinit__
11810000   ___text__
11818f40   __args_main
11817d80   __auto_init
11817f00   __c6xabi_divu
118182a0   __cleanup
11819dc8   __cleanup_ptr
11817180   __closefile
11819df8   __ctypes_
11812300   __divd
11818340   __divli
11817f00   __divu
118168c0   __divul
118153c0   __divull
11817fc0   __doflush
11819dcc   __dtors_ptr
11818520   __fixdli
11818ac0   __fltlid
11818f80   __frcmpyd_div
11819c60   __ft_end
11819940   __ftable
11818b40   __llshl
11818fc0   __llshru
11819ddc   __lock
11819040   __negll
11819060   __nop
11813300   __printfi
11819000   __remli
11819140   __stack
11818da0   __subcull
11800000   __sys_memory
11819b20   __tmpnams
11819de0   __unlock
118175e0   __wrt_ok
118190c0   _abort
118177c0   _atoi
11819f00   _bitval_u32
11818bc0   _c_int00
118178a0   _close
11811d68   _config_pll0
11811fa4   _config_pll1
11818660   _copy_in
11818080   _exit
1181a524   _fb
11815ce0   _fputc
11813b80   _fputs
11815140   _free
118173c0   _fseek
1181a532   _gain
118101a8   _input_left_sample
11810200   _input_right_sample
11810150   _input_sample
11815f00   _interrupt4
118187a0   _lseek
11818140   _ltoa
11819100   _main
11816d80   _malloc
11818e00   _memccpy
11818840   _memcpy
11817980   _memset
11810068   _output_left_sample
118100e0   _output_right_sample
11810000   _output_sample
1181a514   _pingIN
1181a518   _pingOUT
1181a51c   _pongIN
1181a520   _pongOUT
118116b4   _prand
1181a528   _prand_seed
11811568   _prbs
11817a60   _printf
11815ce0   _putc
11811638   _rand31_next
11811160   _read_LCDK_user_DIP
11818c40   _readmsg
118190e0   _remove
11816320   _setvbuf
1181a530   _sine_ptr
11819d88   _sine_table
11819dd8   _sreg
11818cc0   _unlink
1181a020   _vector1
1181a140   _vector10
1181a160   _vector11
1181a180   _vector12
1181a1a0   _vector13
1181a1c0   _vector14
1181a1e0   _vector15
1181a040   _vector2
1181a060   _vector3
1181a0a0   _vector5
1181a0c0   _vector6
1181a0e0   _vector7
1181a100   _vector8
1181a120   _vector9
1181a000   _vectors
11818a20   _write
11818e60   _writemsg
ffffffff   binit
1181a200   cinit
11800000   edata
1181a534   end
11819140   etext
ffffffff   pinit


GLOBAL SYMBOLS: SORTED BY Symbol Address 

address    name
--------   ----
00000001   __TI_args_main
00000800   __STACK_SIZE
00010000   __SYSMEM_SIZE
11800000   .data
11800000   ___data__
11800000   ___edata__
11800000   __sys_memory
11800000   edata
11810000   .text
11810000   ___text__
11810000   _output_sample
11810068   _output_left_sample
118100e0   _output_right_sample
11810150   _input_sample
118101a8   _input_left_sample
11810200   _input_right_sample
11810258   _EDMA3_PaRAM_setup
11810630   _L138_init_mcasp_edma
118108ec   _L138_init_mcasp_intr
11810b4c   _L138_init_mcasp_poll
11810de0   _L138_init_aic3106_registers
11811118   _L138_init_LCDK_DIP
11811160   _read_LCDK_user_DIP
118111c4   _L138_initialise_edma
11811348   _L138_initialise_poll
1181142c   _L138_initialise_intr
11811568   _prbs
11811638   _rand31_next
118116b4   _prand
118116e0   _EVMOMAPL138_init
1181170c   _EVMOMAPL138_initRAM
118118c8   _EVMOMAPL138_enableDsp
118118f4   _EVMOMAPL138_pinmuxConfig
11811990   _EVMOMAPL138_lpscTransition
11811d68   _config_pll0
11811fa4   _config_pll1
11812188   _UTIL_printMem
118122e0   _UTIL_isUIBoardAttached
11812300   __divd
11812e20   _I2CGPIO_init
11812ef4   _I2CGPIO_getInput
11813010   _I2CGPIO_getInputAll
11813120   _I2CGPIO_setOutput
11813268   _I2CGPIO_setOutputAll
11813300   __printfi
11813b80   _fputs
11813f20   _GPIO_setDir
11813f98   _GPIO_getInput
1181400c   _GPIO_setOutput
1181408c   _GPIO_toggleLoop
118142a0   _I2C_init
1181438c   _I2C_read
118144e8   _I2C_write
11815140   _free
118153c0   __divull
11815ce0   _fputc
11815ce0   _putc
11815f00   _interrupt4
11816320   _setvbuf
11816520   _USTIMER_init
11816604   _USTIMER_delay
11816694   _USTIMER_reset
118166c4   _USTIMER_get
118166d8   _USTIMER_set
118168c0   __divul
11816a60   _AIC3106_init
11816b58   _AIC3106_readRegister
11816bb0   _AIC3106_writeRegister
11816c00   _HOSTrename
11816d80   _malloc
11817180   __closefile
118173c0   _fseek
118174e0   _HOSTlseek
118175e0   __wrt_ok
118176e0   _HOSTopen
118177c0   _atoi
118178a0   _close
11817980   _memset
11817a60   _printf
11817b40   _HOSTread
11817c00   _HOSTunlink
11817cc0   _HOSTwrite
11817d80   __auto_init
11817f00   __c6xabi_divu
11817f00   __divu
11817fc0   __doflush
11818080   _exit
11818140   _ltoa
11818200   _HOSTclose
118182a0   __cleanup
11818340   __divli
11818520   __fixdli
11818660   _copy_in
118187a0   _lseek
11818840   _memcpy
11818a20   _write
11818ac0   __fltlid
11818b40   __llshl
11818bc0   _c_int00
11818c40   _readmsg
11818cc0   _unlink
11818d40   ___TI_cpp_init
11818da0   __subcull
11818e00   _memccpy
11818e60   _writemsg
11818eb8   C$$IO$$
11818ec0   ___isinf
11818f40   __args_main
11818f80   __frcmpyd_div
11818fc0   __llshru
11819000   __remli
11819040   __negll
11819060   __nop
118190c0   C$$EXIT
118190c0   _abort
118190e0   _remove
11819100   _main
11819140   ___etext__
11819140   __stack
11819140   etext
11819940   __STACK_END
11819940   __ftable
11819b20   __tmpnams
11819c60   __ft_end
11819d88   _sine_table
11819dc8   __cleanup_ptr
11819dcc   __dtors_ptr
11819dd0   ___TI_enable_exit_profile_output
11819dd4   _AIC31_data
11819dd8   _sreg
11819ddc   __lock
11819de0   __unlock
11819df8   __ctypes_
11819f00   _bitval_u32
1181a000   _vectors
1181a020   _vector1
1181a040   _vector2
1181a060   _vector3
1181a0a0   _vector5
1181a0c0   _vector6
1181a0e0   _vector7
1181a100   _vector8
1181a120   _vector9
1181a140   _vector10
1181a160   _vector11
1181a180   _vector12
1181a1a0   _vector13
1181a1c0   _vector14
1181a1e0   _vector15
1181a200   ___cinit__
1181a200   cinit
1181a3f0   __CIOBUF_
1181a510   $bss
1181a510   .bss
1181a510   ___bss__
1181a514   _pingIN
1181a518   _pingOUT
1181a51c   _pongIN
1181a520   _pongOUT
1181a524   _fb
1181a528   _prand_seed
1181a530   _sine_ptr
1181a532   _gain
1181a534   ___end__
1181a534   end
ffffffff   ___TI_pprof_out_hndl
ffffffff   ___TI_prof_data_size
ffffffff   ___TI_prof_data_start
ffffffff   ___binit__
ffffffff   ___c_args__
ffffffff   ___pinit__
ffffffff   binit
ffffffff   pinit

[173 symbols]
