<?xml version="1.0"?>
<link_info>
   <banner>TMS320C6x Linker PC v7.4.4</banner>
   <copyright>Copyright (c) 1996-2013 Texas Instruments Incorporated</copyright>
   <link_time>0x57b1fead</link_time>
   <output_file>Basic.out</output_file>
   <entry_point>
      <name>_c_int00</name>
      <address>0x11818bc0</address>
   </entry_point>
   <input_file_list>
      <input_file id="fl-2">
         <path>.\</path>
         <kind>object</kind>
         <file>vectors_intr.obj</file>
         <name>vectors_intr.obj</name>
      </input_file>
      <input_file id="fl-3">
         <path>.\</path>
         <kind>object</kind>
         <file>lab1.obj</file>
         <name>lab1.obj</name>
      </input_file>
      <input_file id="fl-4">
         <path>.\</path>
         <kind>object</kind>
         <file>L138_LCDK_aic3106_init.obj</file>
         <name>L138_LCDK_aic3106_init.obj</name>
      </input_file>
      <input_file id="fl-9">
         <path>C:\Users\EE113D\MyProjects\OMAP-L138_GEL_BSL_Files\bsl\lib\</path>
         <kind>archive</kind>
         <file>evmomapl138_bsl.lib</file>
         <name>evmomapl138_timer.obj</name>
      </input_file>
      <input_file id="fl-a">
         <path>C:\Users\EE113D\MyProjects\OMAP-L138_GEL_BSL_Files\bsl\lib\</path>
         <kind>archive</kind>
         <file>evmomapl138_bsl.lib</file>
         <name>evmomapl138_gpio.obj</name>
      </input_file>
      <input_file id="fl-b">
         <path>C:\Users\EE113D\MyProjects\OMAP-L138_GEL_BSL_Files\bsl\lib\</path>
         <kind>archive</kind>
         <file>evmomapl138_bsl.lib</file>
         <name>evmomapl138_aic3106.obj</name>
      </input_file>
      <input_file id="fl-c">
         <path>C:\Users\EE113D\MyProjects\OMAP-L138_GEL_BSL_Files\bsl\lib\</path>
         <kind>archive</kind>
         <file>evmomapl138_bsl.lib</file>
         <name>evmomapl138.obj</name>
      </input_file>
      <input_file id="fl-d">
         <path>C:\Users\EE113D\MyProjects\OMAP-L138_GEL_BSL_Files\bsl\lib\</path>
         <kind>archive</kind>
         <file>evmomapl138_bsl.lib</file>
         <name>evmomapl138_i2c_gpio.obj</name>
      </input_file>
      <input_file id="fl-e">
         <path>C:\Users\EE113D\MyProjects\OMAP-L138_GEL_BSL_Files\bsl\lib\</path>
         <kind>archive</kind>
         <file>evmomapl138_bsl.lib</file>
         <name>evmomapl138_i2c.obj</name>
      </input_file>
      <input_file id="fl-f">
         <path>C:\ti\ccsv5\tools\compiler\c6000_7.4.4\lib\</path>
         <kind>archive</kind>
         <file>rts6740.lib</file>
         <name>boot.obj</name>
      </input_file>
      <input_file id="fl-10">
         <path>C:\ti\ccsv5\tools\compiler\c6000_7.4.4\lib\</path>
         <kind>archive</kind>
         <file>rts6740.lib</file>
         <name>exit.obj</name>
      </input_file>
      <input_file id="fl-11">
         <path>C:\ti\ccsv5\tools\compiler\c6000_7.4.4\lib\</path>
         <kind>archive</kind>
         <file>rts6740.lib</file>
         <name>memory.obj</name>
      </input_file>
      <input_file id="fl-12">
         <path>C:\ti\ccsv5\tools\compiler\c6000_7.4.4\lib\</path>
         <kind>archive</kind>
         <file>rts6740.lib</file>
         <name>printf.obj</name>
      </input_file>
      <input_file id="fl-13">
         <path>C:\ti\ccsv5\tools\compiler\c6000_7.4.4\lib\</path>
         <kind>archive</kind>
         <file>rts6740.lib</file>
         <name>_lock.obj</name>
      </input_file>
      <input_file id="fl-14">
         <path>C:\ti\ccsv5\tools\compiler\c6000_7.4.4\lib\</path>
         <kind>archive</kind>
         <file>rts6740.lib</file>
         <name>_printfi.obj</name>
      </input_file>
      <input_file id="fl-15">
         <path>C:\ti\ccsv5\tools\compiler\c6000_7.4.4\lib\</path>
         <kind>archive</kind>
         <file>rts6740.lib</file>
         <name>args_main.obj</name>
      </input_file>
      <input_file id="fl-16">
         <path>C:\ti\ccsv5\tools\compiler\c6000_7.4.4\lib\</path>
         <kind>archive</kind>
         <file>rts6740.lib</file>
         <name>atoi.obj</name>
      </input_file>
      <input_file id="fl-17">
         <path>C:\ti\ccsv5\tools\compiler\c6000_7.4.4\lib\</path>
         <kind>archive</kind>
         <file>rts6740.lib</file>
         <name>autoinit.obj</name>
      </input_file>
      <input_file id="fl-18">
         <path>C:\ti\ccsv5\tools\compiler\c6000_7.4.4\lib\</path>
         <kind>archive</kind>
         <file>rts6740.lib</file>
         <name>cpp_init.obj</name>
      </input_file>
      <input_file id="fl-19">
         <path>C:\ti\ccsv5\tools\compiler\c6000_7.4.4\lib\</path>
         <kind>archive</kind>
         <file>rts6740.lib</file>
         <name>cpy_tbl.obj</name>
      </input_file>
      <input_file id="fl-1a">
         <path>C:\ti\ccsv5\tools\compiler\c6000_7.4.4\lib\</path>
         <kind>archive</kind>
         <file>rts6740.lib</file>
         <name>ctype.obj</name>
      </input_file>
      <input_file id="fl-1b">
         <path>C:\ti\ccsv5\tools\compiler\c6000_7.4.4\lib\</path>
         <kind>archive</kind>
         <file>rts6740.lib</file>
         <name>defs.obj</name>
      </input_file>
      <input_file id="fl-1c">
         <path>C:\ti\ccsv5\tools\compiler\c6000_7.4.4\lib\</path>
         <kind>archive</kind>
         <file>rts6740.lib</file>
         <name>divd.obj</name>
      </input_file>
      <input_file id="fl-1d">
         <path>C:\ti\ccsv5\tools\compiler\c6000_7.4.4\lib\</path>
         <kind>archive</kind>
         <file>rts6740.lib</file>
         <name>divu.obj</name>
      </input_file>
      <input_file id="fl-1e">
         <path>C:\ti\ccsv5\tools\compiler\c6000_7.4.4\lib\</path>
         <kind>archive</kind>
         <file>rts6740.lib</file>
         <name>fixdli.obj</name>
      </input_file>
      <input_file id="fl-1f">
         <path>C:\ti\ccsv5\tools\compiler\c6000_7.4.4\lib\</path>
         <kind>archive</kind>
         <file>rts6740.lib</file>
         <name>fltlid.obj</name>
      </input_file>
      <input_file id="fl-20">
         <path>C:\ti\ccsv5\tools\compiler\c6000_7.4.4\lib\</path>
         <kind>archive</kind>
         <file>rts6740.lib</file>
         <name>fputc.obj</name>
      </input_file>
      <input_file id="fl-21">
         <path>C:\ti\ccsv5\tools\compiler\c6000_7.4.4\lib\</path>
         <kind>archive</kind>
         <file>rts6740.lib</file>
         <name>fputs.obj</name>
      </input_file>
      <input_file id="fl-22">
         <path>C:\ti\ccsv5\tools\compiler\c6000_7.4.4\lib\</path>
         <kind>archive</kind>
         <file>rts6740.lib</file>
         <name>frcmpyd_div.obj</name>
      </input_file>
      <input_file id="fl-23">
         <path>C:\ti\ccsv5\tools\compiler\c6000_7.4.4\lib\</path>
         <kind>archive</kind>
         <file>rts6740.lib</file>
         <name>imath40.obj</name>
      </input_file>
      <input_file id="fl-24">
         <path>C:\ti\ccsv5\tools\compiler\c6000_7.4.4\lib\</path>
         <kind>archive</kind>
         <file>rts6740.lib</file>
         <name>imath64.obj</name>
      </input_file>
      <input_file id="fl-25">
         <path>C:\ti\ccsv5\tools\compiler\c6000_7.4.4\lib\</path>
         <kind>archive</kind>
         <file>rts6740.lib</file>
         <name>isinf.obj</name>
      </input_file>
      <input_file id="fl-26">
         <path>C:\ti\ccsv5\tools\compiler\c6000_7.4.4\lib\</path>
         <kind>archive</kind>
         <file>rts6740.lib</file>
         <name>llshift.obj</name>
      </input_file>
      <input_file id="fl-27">
         <path>C:\ti\ccsv5\tools\compiler\c6000_7.4.4\lib\</path>
         <kind>archive</kind>
         <file>rts6740.lib</file>
         <name>lowlev.obj</name>
      </input_file>
      <input_file id="fl-28">
         <path>C:\ti\ccsv5\tools\compiler\c6000_7.4.4\lib\</path>
         <kind>archive</kind>
         <file>rts6740.lib</file>
         <name>ltoa.obj</name>
      </input_file>
      <input_file id="fl-29">
         <path>C:\ti\ccsv5\tools\compiler\c6000_7.4.4\lib\</path>
         <kind>archive</kind>
         <file>rts6740.lib</file>
         <name>memccpy.obj</name>
      </input_file>
      <input_file id="fl-2a">
         <path>C:\ti\ccsv5\tools\compiler\c6000_7.4.4\lib\</path>
         <kind>archive</kind>
         <file>rts6740.lib</file>
         <name>memcpy64.obj</name>
      </input_file>
      <input_file id="fl-2b">
         <path>C:\ti\ccsv5\tools\compiler\c6000_7.4.4\lib\</path>
         <kind>archive</kind>
         <file>rts6740.lib</file>
         <name>memset.obj</name>
      </input_file>
      <input_file id="fl-2c">
         <path>C:\ti\ccsv5\tools\compiler\c6000_7.4.4\lib\</path>
         <kind>archive</kind>
         <file>rts6740.lib</file>
         <name>negll.obj</name>
      </input_file>
      <input_file id="fl-2d">
         <path>C:\ti\ccsv5\tools\compiler\c6000_7.4.4\lib\</path>
         <kind>archive</kind>
         <file>rts6740.lib</file>
         <name>trgdrv.obj</name>
      </input_file>
      <input_file id="fl-2e">
         <path>C:\ti\ccsv5\tools\compiler\c6000_7.4.4\lib\</path>
         <kind>archive</kind>
         <file>rts6740.lib</file>
         <name>trgmsg.obj</name>
      </input_file>
      <input_file id="fl-2f">
         <path>C:\ti\ccsv5\tools\compiler\c6000_7.4.4\lib\</path>
         <kind>archive</kind>
         <file>rts6740.lib</file>
         <name>_io_perm.obj</name>
      </input_file>
      <input_file id="fl-30">
         <path>C:\ti\ccsv5\tools\compiler\c6000_7.4.4\lib\</path>
         <kind>archive</kind>
         <file>rts6740.lib</file>
         <name>abs.obj</name>
      </input_file>
      <input_file id="fl-31">
         <path>C:\ti\ccsv5\tools\compiler\c6000_7.4.4\lib\</path>
         <kind>archive</kind>
         <file>rts6740.lib</file>
         <name>fflush.obj</name>
      </input_file>
      <input_file id="fl-32">
         <path>C:\ti\ccsv5\tools\compiler\c6000_7.4.4\lib\</path>
         <kind>archive</kind>
         <file>rts6740.lib</file>
         <name>fseek.obj</name>
      </input_file>
      <input_file id="fl-33">
         <path>C:\ti\ccsv5\tools\compiler\c6000_7.4.4\lib\</path>
         <kind>archive</kind>
         <file>rts6740.lib</file>
         <name>setvbuf.obj</name>
      </input_file>
      <input_file id="fl-34">
         <path>C:\ti\ccsv5\tools\compiler\c6000_7.4.4\lib\</path>
         <kind>archive</kind>
         <file>rts6740.lib</file>
         <name>fopen.obj</name>
      </input_file>
      <input_file id="fl-35">
         <path>C:\ti\ccsv5\tools\compiler\c6000_7.4.4\lib\</path>
         <kind>archive</kind>
         <file>rts6740.lib</file>
         <name>fclose.obj</name>
      </input_file>
      <input_file id="fl-36">
         <path>C:\ti\ccsv5\tools\compiler\c6000_7.4.4\lib\</path>
         <kind>archive</kind>
         <file>rts6740.lib</file>
         <name>remove.obj</name>
      </input_file>
   </input_file_list>
   <object_component_list>
      <object_component id="oc-c8">
         <name>.text</name>
         <load_address>0x11810000</load_address>
         <run_address>0x11810000</run_address>
         <size>0x16e0</size>
         <input_file_ref idref="fl-4"/>
      </object_component>
      <object_component id="oc-da">
         <name>.text</name>
         <load_address>0x118116e0</load_address>
         <run_address>0x118116e0</run_address>
         <size>0xc20</size>
         <input_file_ref idref="fl-c"/>
      </object_component>
      <object_component id="oc-108">
         <name>.text:__divd</name>
         <load_address>0x11812300</load_address>
         <run_address>0x11812300</run_address>
         <size>0x5a0</size>
         <input_file_ref idref="fl-1c"/>
      </object_component>
      <object_component id="oc-fd">
         <name>.text:__getarg_diouxp</name>
         <load_address>0x118128a0</load_address>
         <run_address>0x118128a0</run_address>
         <size>0x580</size>
         <input_file_ref idref="fl-14"/>
      </object_component>
      <object_component id="oc-e3">
         <name>.text</name>
         <load_address>0x11812e20</load_address>
         <run_address>0x11812e20</run_address>
         <size>0x4e0</size>
         <input_file_ref idref="fl-d"/>
      </object_component>
      <object_component id="oc-e5">
         <name>.text:__printfi</name>
         <load_address>0x11813300</load_address>
         <run_address>0x11813300</run_address>
         <size>0x440</size>
         <input_file_ref idref="fl-14"/>
      </object_component>
      <object_component id="oc-ea">
         <name>.text:__setfield</name>
         <load_address>0x11813740</load_address>
         <run_address>0x11813740</run_address>
         <size>0x440</size>
         <input_file_ref idref="fl-14"/>
      </object_component>
      <object_component id="oc-e7">
         <name>.text:_fputs</name>
         <load_address>0x11813b80</load_address>
         <run_address>0x11813b80</run_address>
         <size>0x3a0</size>
         <input_file_ref idref="fl-21"/>
      </object_component>
      <object_component id="oc-d7">
         <name>.text</name>
         <load_address>0x11813f20</load_address>
         <run_address>0x11813f20</run_address>
         <size>0x380</size>
         <input_file_ref idref="fl-a"/>
      </object_component>
      <object_component id="oc-dd">
         <name>.text</name>
         <load_address>0x118142a0</load_address>
         <run_address>0x118142a0</run_address>
         <size>0x380</size>
         <input_file_ref idref="fl-e"/>
      </object_component>
      <object_component id="oc-f2">
         <name>.text:__pproc_fge</name>
         <load_address>0x11814620</load_address>
         <run_address>0x11814620</run_address>
         <size>0x320</size>
         <input_file_ref idref="fl-14"/>
      </object_component>
      <object_component id="oc-e9">
         <name>.text:__pproc_fwp</name>
         <load_address>0x11814940</load_address>
         <run_address>0x11814940</run_address>
         <size>0x2c0</size>
         <input_file_ref idref="fl-14"/>
      </object_component>
      <object_component id="oc-103">
         <name>.text:_ecvt</name>
         <load_address>0x11814c00</load_address>
         <run_address>0x11814c00</run_address>
         <size>0x2a0</size>
         <input_file_ref idref="fl-14"/>
      </object_component>
      <object_component id="oc-106">
         <name>.text:_fcvt</name>
         <load_address>0x11814ea0</load_address>
         <run_address>0x11814ea0</run_address>
         <size>0x2a0</size>
         <input_file_ref idref="fl-14"/>
      </object_component>
      <object_component id="oc-101">
         <name>.text:_free</name>
         <load_address>0x11815140</load_address>
         <run_address>0x11815140</run_address>
         <size>0x280</size>
         <input_file_ref idref="fl-11"/>
      </object_component>
      <object_component id="oc-112">
         <name>.text:__divull</name>
         <load_address>0x118153c0</load_address>
         <run_address>0x118153c0</run_address>
         <size>0x260</size>
         <input_file_ref idref="fl-24"/>
      </object_component>
      <object_component id="oc-fc">
         <name>.text:__pconv_e</name>
         <load_address>0x11815620</load_address>
         <run_address>0x11815620</run_address>
         <size>0x260</size>
         <input_file_ref idref="fl-14"/>
      </object_component>
      <object_component id="oc-f3">
         <name>.text:__pproc_diouxp</name>
         <load_address>0x11815880</load_address>
         <run_address>0x11815880</run_address>
         <size>0x240</size>
         <input_file_ref idref="fl-14"/>
      </object_component>
      <object_component id="oc-eb">
         <name>.text:__pproc_str</name>
         <load_address>0x11815ac0</load_address>
         <run_address>0x11815ac0</run_address>
         <size>0x220</size>
         <input_file_ref idref="fl-14"/>
      </object_component>
      <object_component id="oc-ec">
         <name>.text:_fputc</name>
         <load_address>0x11815ce0</load_address>
         <run_address>0x11815ce0</run_address>
         <size>0x220</size>
         <input_file_ref idref="fl-20"/>
      </object_component>
      <object_component id="oc-18">
         <name>.text:retain</name>
         <load_address>0x11815f00</load_address>
         <run_address>0x11815f00</run_address>
         <size>0x220</size>
         <input_file_ref idref="fl-3"/>
      </object_component>
      <object_component id="oc-fa">
         <name>.text:__pconv_g</name>
         <load_address>0x11816120</load_address>
         <run_address>0x11816120</run_address>
         <size>0x200</size>
         <input_file_ref idref="fl-14"/>
      </object_component>
      <object_component id="oc-f6">
         <name>.text:_setvbuf</name>
         <load_address>0x11816320</load_address>
         <run_address>0x11816320</run_address>
         <size>0x200</size>
         <input_file_ref idref="fl-33"/>
      </object_component>
      <object_component id="oc-d9">
         <name>.text</name>
         <load_address>0x11816520</load_address>
         <run_address>0x11816520</run_address>
         <size>0x1e0</size>
         <input_file_ref idref="fl-9"/>
      </object_component>
      <object_component id="oc-105">
         <name>.text:__mcpy</name>
         <load_address>0x11816700</load_address>
         <run_address>0x11816700</run_address>
         <size>0x1c0</size>
         <input_file_ref idref="fl-14"/>
      </object_component>
      <object_component id="oc-111">
         <name>.text:__divul</name>
         <load_address>0x118168c0</load_address>
         <run_address>0x118168c0</run_address>
         <size>0x1a0</size>
         <input_file_ref idref="fl-23"/>
      </object_component>
      <object_component id="oc-d6">
         <name>.text</name>
         <load_address>0x11816a60</load_address>
         <run_address>0x11816a60</run_address>
         <size>0x1a0</size>
         <input_file_ref idref="fl-b"/>
      </object_component>
      <object_component id="oc-d0">
         <name>.text:_HOSTrename</name>
         <load_address>0x11816c00</load_address>
         <run_address>0x11816c00</run_address>
         <size>0x180</size>
         <input_file_ref idref="fl-2d"/>
      </object_component>
      <object_component id="oc-d8">
         <name>.text:_malloc</name>
         <load_address>0x11816d80</load_address>
         <run_address>0x11816d80</run_address>
         <size>0x180</size>
         <input_file_ref idref="fl-11"/>
      </object_component>
      <object_component id="oc-e8">
         <name>.text:__pproc_fflags</name>
         <load_address>0x11816f00</load_address>
         <run_address>0x11816f00</run_address>
         <size>0x140</size>
         <input_file_ref idref="fl-14"/>
      </object_component>
      <object_component id="oc-11a">
         <name>.text:_getdevice</name>
         <load_address>0x11817040</load_address>
         <run_address>0x11817040</run_address>
         <size>0x140</size>
         <input_file_ref idref="fl-27"/>
      </object_component>
      <object_component id="oc-10a">
         <name>.text:__closefile</name>
         <load_address>0x11817180</load_address>
         <run_address>0x11817180</run_address>
         <size>0x120</size>
         <input_file_ref idref="fl-35"/>
      </object_component>
      <object_component id="oc-ff">
         <name>.text:__ltostr</name>
         <load_address>0x118172a0</load_address>
         <run_address>0x118172a0</run_address>
         <size>0x120</size>
         <input_file_ref idref="fl-14"/>
      </object_component>
      <object_component id="oc-f5">
         <name>.text:_fseek</name>
         <load_address>0x118173c0</load_address>
         <run_address>0x118173c0</run_address>
         <size>0x120</size>
         <input_file_ref idref="fl-32"/>
      </object_component>
      <object_component id="oc-ce">
         <name>.text:_HOSTlseek</name>
         <load_address>0x118174e0</load_address>
         <run_address>0x118174e0</run_address>
         <size>0x100</size>
         <input_file_ref idref="fl-2d"/>
      </object_component>
      <object_component id="oc-ed">
         <name>.text:__wrt_ok</name>
         <load_address>0x118175e0</load_address>
         <run_address>0x118175e0</run_address>
         <size>0x100</size>
         <input_file_ref idref="fl-2f"/>
      </object_component>
      <object_component id="oc-ca">
         <name>.text:_HOSTopen</name>
         <load_address>0x118176e0</load_address>
         <run_address>0x118176e0</run_address>
         <size>0xe0</size>
         <input_file_ref idref="fl-2d"/>
      </object_component>
      <object_component id="oc-f1">
         <name>.text:_atoi</name>
         <load_address>0x118177c0</load_address>
         <run_address>0x118177c0</run_address>
         <size>0xe0</size>
         <input_file_ref idref="fl-16"/>
      </object_component>
      <object_component id="oc-113">
         <name>.text:_close</name>
         <load_address>0x118178a0</load_address>
         <run_address>0x118178a0</run_address>
         <size>0xe0</size>
         <input_file_ref idref="fl-27"/>
      </object_component>
      <object_component id="oc-f0">
         <name>.text:_memset</name>
         <load_address>0x11817980</load_address>
         <run_address>0x11817980</run_address>
         <size>0xe0</size>
         <input_file_ref idref="fl-2b"/>
      </object_component>
      <object_component id="oc-e2">
         <name>.text:_printf</name>
         <load_address>0x11817a60</load_address>
         <run_address>0x11817a60</run_address>
         <size>0xe0</size>
         <input_file_ref idref="fl-12"/>
      </object_component>
      <object_component id="oc-cc">
         <name>.text:_HOSTread</name>
         <load_address>0x11817b40</load_address>
         <run_address>0x11817b40</run_address>
         <size>0xc0</size>
         <input_file_ref idref="fl-2d"/>
      </object_component>
      <object_component id="oc-cf">
         <name>.text:_HOSTunlink</name>
         <load_address>0x11817c00</load_address>
         <run_address>0x11817c00</run_address>
         <size>0xc0</size>
         <input_file_ref idref="fl-2d"/>
      </object_component>
      <object_component id="oc-cd">
         <name>.text:_HOSTwrite</name>
         <load_address>0x11817cc0</load_address>
         <run_address>0x11817cc0</run_address>
         <size>0xc0</size>
         <input_file_ref idref="fl-2d"/>
      </object_component>
      <object_component id="oc-c5">
         <name>.text:__auto_init</name>
         <load_address>0x11817d80</load_address>
         <run_address>0x11817d80</run_address>
         <size>0xc0</size>
         <input_file_ref idref="fl-17"/>
      </object_component>
      <object_component id="oc-109">
         <name>.text:__div</name>
         <load_address>0x11817e40</load_address>
         <run_address>0x11817e40</run_address>
         <size>0xc0</size>
         <input_file_ref idref="fl-14"/>
      </object_component>
      <object_component id="oc-110">
         <name>.text:__divu</name>
         <load_address>0x11817f00</load_address>
         <run_address>0x11817f00</run_address>
         <size>0xc0</size>
         <input_file_ref idref="fl-1d"/>
      </object_component>
      <object_component id="oc-ee">
         <name>.text:__doflush</name>
         <load_address>0x11817fc0</load_address>
         <run_address>0x11817fc0</run_address>
         <size>0xc0</size>
         <input_file_ref idref="fl-31"/>
      </object_component>
      <object_component id="oc-c7">
         <name>.text:_exit</name>
         <load_address>0x11818080</load_address>
         <run_address>0x11818080</run_address>
         <size>0xc0</size>
         <input_file_ref idref="fl-10"/>
      </object_component>
      <object_component id="oc-10c">
         <name>.text:_ltoa</name>
         <load_address>0x11818140</load_address>
         <run_address>0x11818140</run_address>
         <size>0xc0</size>
         <input_file_ref idref="fl-28"/>
      </object_component>
      <object_component id="oc-cb">
         <name>.text:_HOSTclose</name>
         <load_address>0x11818200</load_address>
         <run_address>0x11818200</run_address>
         <size>0xa0</size>
         <input_file_ref idref="fl-2d"/>
      </object_component>
      <object_component id="oc-102">
         <name>.text:__cleanup</name>
         <load_address>0x118182a0</load_address>
         <run_address>0x118182a0</run_address>
         <size>0xa0</size>
         <input_file_ref idref="fl-34"/>
      </object_component>
      <object_component id="oc-116">
         <name>.text:__divli</name>
         <load_address>0x11818340</load_address>
         <run_address>0x11818340</run_address>
         <size>0xa0</size>
         <input_file_ref idref="fl-23"/>
      </object_component>
      <object_component id="oc-104">
         <name>.text:__ecpy</name>
         <load_address>0x118183e0</load_address>
         <run_address>0x118183e0</run_address>
         <size>0xa0</size>
         <input_file_ref idref="fl-14"/>
      </object_component>
      <object_component id="oc-107">
         <name>.text:__fcpy</name>
         <load_address>0x11818480</load_address>
         <run_address>0x11818480</run_address>
         <size>0xa0</size>
         <input_file_ref idref="fl-14"/>
      </object_component>
      <object_component id="oc-10b">
         <name>.text:__fixdli</name>
         <load_address>0x11818520</load_address>
         <run_address>0x11818520</run_address>
         <size>0xa0</size>
         <input_file_ref idref="fl-1e"/>
      </object_component>
      <object_component id="oc-fb">
         <name>.text:__pconv_f</name>
         <load_address>0x118185c0</load_address>
         <run_address>0x118185c0</run_address>
         <size>0xa0</size>
         <input_file_ref idref="fl-14"/>
      </object_component>
      <object_component id="oc-d1">
         <name>.text:_copy_in</name>
         <load_address>0x11818660</load_address>
         <run_address>0x11818660</run_address>
         <size>0xa0</size>
         <input_file_ref idref="fl-19"/>
      </object_component>
      <object_component id="oc-11b">
         <name>.text:_finddevice</name>
         <load_address>0x11818700</load_address>
         <run_address>0x11818700</run_address>
         <size>0xa0</size>
         <input_file_ref idref="fl-27"/>
      </object_component>
      <object_component id="oc-100">
         <name>.text:_lseek</name>
         <load_address>0x118187a0</load_address>
         <run_address>0x118187a0</run_address>
         <size>0xa0</size>
         <input_file_ref idref="fl-27"/>
      </object_component>
      <object_component id="oc-d2">
         <name>.text:_memcpy</name>
         <load_address>0x11818840</load_address>
         <run_address>0x11818840</run_address>
         <size>0xa0</size>
         <input_file_ref idref="fl-2a"/>
      </object_component>
      <object_component id="oc-e1">
         <name>.text:_minsert</name>
         <load_address>0x118188e0</load_address>
         <run_address>0x118188e0</run_address>
         <size>0xa0</size>
         <input_file_ref idref="fl-11"/>
      </object_component>
      <object_component id="oc-e0">
         <name>.text:_mremove</name>
         <load_address>0x11818980</load_address>
         <run_address>0x11818980</run_address>
         <size>0xa0</size>
         <input_file_ref idref="fl-11"/>
      </object_component>
      <object_component id="oc-ef">
         <name>.text:_write</name>
         <load_address>0x11818a20</load_address>
         <run_address>0x11818a20</run_address>
         <size>0xa0</size>
         <input_file_ref idref="fl-27"/>
      </object_component>
      <object_component id="oc-10d">
         <name>.text:__fltlid</name>
         <load_address>0x11818ac0</load_address>
         <run_address>0x11818ac0</run_address>
         <size>0x80</size>
         <input_file_ref idref="fl-1f"/>
      </object_component>
      <object_component id="oc-117">
         <name>.text:__llshl</name>
         <load_address>0x11818b40</load_address>
         <run_address>0x11818b40</run_address>
         <size>0x80</size>
         <input_file_ref idref="fl-26"/>
      </object_component>
      <object_component id="oc-e">
         <name>.text:_c_int00</name>
         <load_address>0x11818bc0</load_address>
         <run_address>0x11818bc0</run_address>
         <size>0x80</size>
         <input_file_ref idref="fl-f"/>
      </object_component>
      <object_component id="oc-dc">
         <name>.text:_readmsg</name>
         <load_address>0x11818c40</load_address>
         <run_address>0x11818c40</run_address>
         <size>0x80</size>
         <input_file_ref idref="fl-2e"/>
      </object_component>
      <object_component id="oc-119">
         <name>.text:_unlink</name>
         <load_address>0x11818cc0</load_address>
         <run_address>0x11818cc0</run_address>
         <size>0x80</size>
         <input_file_ref idref="fl-27"/>
      </object_component>
      <object_component id="oc-d3">
         <name>.text:___TI_cpp_init</name>
         <load_address>0x11818d40</load_address>
         <run_address>0x11818d40</run_address>
         <size>0x60</size>
         <input_file_ref idref="fl-18"/>
      </object_component>
      <object_component id="oc-118">
         <name>.text:__subcull</name>
         <load_address>0x11818da0</load_address>
         <run_address>0x11818da0</run_address>
         <size>0x60</size>
         <input_file_ref idref="fl-24"/>
      </object_component>
      <object_component id="oc-f4">
         <name>.text:_memccpy</name>
         <load_address>0x11818e00</load_address>
         <run_address>0x11818e00</run_address>
         <size>0x60</size>
         <input_file_ref idref="fl-29"/>
      </object_component>
      <object_component id="oc-db">
         <name>.text:_writemsg</name>
         <load_address>0x11818e60</load_address>
         <run_address>0x11818e60</run_address>
         <size>0x60</size>
         <input_file_ref idref="fl-2e"/>
      </object_component>
      <object_component id="oc-f9">
         <name>.text:___isinf</name>
         <load_address>0x11818ec0</load_address>
         <run_address>0x11818ec0</run_address>
         <size>0x40</size>
         <input_file_ref idref="fl-25"/>
      </object_component>
      <object_component id="oc-f8">
         <name>.text:___isnan</name>
         <load_address>0x11818f00</load_address>
         <run_address>0x11818f00</run_address>
         <size>0x40</size>
         <input_file_ref idref="fl-14"/>
      </object_component>
      <object_component id="oc-c6">
         <name>.text:__args_main</name>
         <load_address>0x11818f40</load_address>
         <run_address>0x11818f40</run_address>
         <size>0x40</size>
         <input_file_ref idref="fl-15"/>
      </object_component>
      <object_component id="oc-10f">
         <name>.text:__frcmpyd_div</name>
         <load_address>0x11818f80</load_address>
         <run_address>0x11818f80</run_address>
         <size>0x40</size>
         <input_file_ref idref="fl-22"/>
      </object_component>
      <object_component id="oc-10e">
         <name>.text:__llshru</name>
         <load_address>0x11818fc0</load_address>
         <run_address>0x11818fc0</run_address>
         <size>0x40</size>
         <input_file_ref idref="fl-26"/>
      </object_component>
      <object_component id="oc-115">
         <name>.text:__remli</name>
         <load_address>0x11819000</load_address>
         <run_address>0x11819000</run_address>
         <size>0x40</size>
         <input_file_ref idref="fl-23"/>
      </object_component>
      <object_component id="oc-fe">
         <name>.text:__negll</name>
         <load_address>0x11819040</load_address>
         <run_address>0x11819040</run_address>
         <size>0x20</size>
         <input_file_ref idref="fl-2c"/>
      </object_component>
      <object_component id="oc-c9">
         <name>.text:__nop</name>
         <load_address>0x11819060</load_address>
         <run_address>0x11819060</run_address>
         <size>0x20</size>
         <input_file_ref idref="fl-13"/>
      </object_component>
      <object_component id="oc-e6">
         <name>.text:__outc</name>
         <load_address>0x11819080</load_address>
         <run_address>0x11819080</run_address>
         <size>0x20</size>
         <input_file_ref idref="fl-12"/>
      </object_component>
      <object_component id="oc-e4">
         <name>.text:__outs</name>
         <load_address>0x118190a0</load_address>
         <run_address>0x118190a0</run_address>
         <size>0x20</size>
         <input_file_ref idref="fl-12"/>
      </object_component>
      <object_component id="oc-d5">
         <name>.text:_abort</name>
         <load_address>0x118190c0</load_address>
         <run_address>0x118190c0</run_address>
         <size>0x20</size>
         <input_file_ref idref="fl-10"/>
      </object_component>
      <object_component id="oc-114">
         <name>.text:_remove</name>
         <load_address>0x118190e0</load_address>
         <run_address>0x118190e0</run_address>
         <size>0x20</size>
         <input_file_ref idref="fl-36"/>
      </object_component>
      <object_component id="oc-d4">
         <name>.text</name>
         <load_address>0x11819100</load_address>
         <run_address>0x11819100</run_address>
         <size>0x20</size>
         <input_file_ref idref="fl-3"/>
      </object_component>
      <object_component id="oc-f">
         <name>.text</name>
         <load_address>0x11819120</load_address>
         <run_address>0x11819120</run_address>
         <size>0x20</size>
         <input_file_ref idref="fl-2"/>
      </object_component>
      <object_component id="oc-f7">
         <name>.const:.string:__ctypes_</name>
         <load_address>0x11819df8</load_address>
         <run_address>0x11819df8</run_address>
         <size>0x101</size>
         <input_file_ref idref="fl-1a"/>
      </object_component>
      <object_component id="oc-7d">
         <name>.const:.string</name>
         <load_address>0x11819ef9</load_address>
         <run_address>0x11819ef9</run_address>
         <size>0x2</size>
         <input_file_ref idref="fl-21"/>
      </object_component>
      <object_component id="oc-df">
         <name>.const:_bitval_u32</name>
         <load_address>0x11819f00</load_address>
         <run_address>0x11819f00</run_address>
         <size>0x80</size>
         <input_file_ref idref="fl-c"/>
      </object_component>
      <object_component id="oc-30">
         <name>.const:.string</name>
         <load_address>0x11819f80</load_address>
         <run_address>0x11819f80</run_address>
         <size>0x40</size>
         <input_file_ref idref="fl-c"/>
      </object_component>
      <object_component id="oc-55">
         <name>.const:.string</name>
         <load_address>0x11819fc0</load_address>
         <run_address>0x11819fc0</run_address>
         <size>0x23</size>
         <input_file_ref idref="fl-14"/>
      </object_component>
      <object_component id="oc-14">
         <name>.bss</name>
         <uninitialized>true</uninitialized>
         <run_address>0x1181a530</run_address>
         <size>0x4</size>
         <input_file_ref idref="fl-3"/>
      </object_component>
      <object_component id="oc-1c">
         <name>.bss</name>
         <uninitialized>true</uninitialized>
         <run_address>0x1181a510</run_address>
         <size>0x1c</size>
         <input_file_ref idref="fl-4"/>
      </object_component>
      <object_component id="oc-38">
         <name>.bss</name>
         <uninitialized>true</uninitialized>
         <run_address>0x1181a52c</run_address>
         <size>0x4</size>
         <input_file_ref idref="fl-e"/>
      </object_component>
      <object_component id="oc-17">
         <name>.far</name>
         <uninitialized>true</uninitialized>
         <run_address>0x11819d88</run_address>
         <size>0x40</size>
         <input_file_ref idref="fl-3"/>
      </object_component>
      <object_component id="oc-1f">
         <name>.far</name>
         <uninitialized>true</uninitialized>
         <run_address>0x11819dd4</run_address>
         <size>0x8</size>
         <input_file_ref idref="fl-4"/>
      </object_component>
      <object_component id="oc-43">
         <name>.far</name>
         <uninitialized>true</uninitialized>
         <run_address>0x11819dc8</run_address>
         <size>0xc</size>
         <input_file_ref idref="fl-10"/>
      </object_component>
      <object_component id="oc-48">
         <name>.far</name>
         <uninitialized>true</uninitialized>
         <run_address>0x11819de4</run_address>
         <size>0x8</size>
         <input_file_ref idref="fl-11"/>
      </object_component>
      <object_component id="oc-51">
         <name>.far</name>
         <uninitialized>true</uninitialized>
         <run_address>0x11819ddc</run_address>
         <size>0x8</size>
         <input_file_ref idref="fl-13"/>
      </object_component>
      <object_component id="oc-6b">
         <name>.far</name>
         <uninitialized>true</uninitialized>
         <run_address>0x11819940</run_address>
         <size>0x324</size>
         <input_file_ref idref="fl-1b"/>
      </object_component>
      <object_component id="oc-91">
         <name>.far</name>
         <uninitialized>true</uninitialized>
         <run_address>0x11819c68</run_address>
         <size>0x11c</size>
         <input_file_ref idref="fl-27"/>
      </object_component>
      <object_component id="oc-a4">
         <name>.far</name>
         <uninitialized>true</uninitialized>
         <run_address>0x11819df0</run_address>
         <size>0x8</size>
         <input_file_ref idref="fl-2d"/>
      </object_component>
      <object_component id="oc-bc">
         <name>.far</name>
         <uninitialized>true</uninitialized>
         <run_address>0x11819c64</run_address>
         <size>0x4</size>
         <input_file_ref idref="fl-34"/>
      </object_component>
      <object_component id="oc-de">
         <name>.switch:_getRegisterBankAndBit</name>
         <load_address>0x1181a534</load_address>
         <run_address>0x1181a534</run_address>
         <size>0x24</size>
         <input_file_ref idref="fl-a"/>
      </object_component>
      <object_component id="oc-3e">
         <name>.stack</name>
         <uninitialized>true</uninitialized>
         <run_address>0x11819140</run_address>
         <size>0x8</size>
         <input_file_ref idref="fl-f"/>
      </object_component>
      <object_component id="oc-131">
         <name>.stack</name>
         <uninitialized>true</uninitialized>
         <run_address>0x11819140</run_address>
         <size>0x0</size>
      </object_component>
      <object_component id="oc-16">
         <name>.cinit</name>
         <load_address>0x1181a200</load_address>
         <run_address>0x1181a200</run_address>
         <size>0x62</size>
         <input_file_ref idref="fl-3"/>
      </object_component>
      <object_component id="oc-6a">
         <name>.cinit</name>
         <load_address>0x1181a268</load_address>
         <run_address>0x1181a268</run_address>
         <size>0x5c</size>
         <input_file_ref idref="fl-1b"/>
      </object_component>
      <object_component id="oc-90">
         <name>.cinit</name>
         <load_address>0x1181a2c8</load_address>
         <run_address>0x1181a2c8</run_address>
         <size>0x5c</size>
         <input_file_ref idref="fl-27"/>
      </object_component>
      <object_component id="oc-1e">
         <name>.cinit</name>
         <load_address>0x1181a328</load_address>
         <run_address>0x1181a328</run_address>
         <size>0x2c</size>
         <input_file_ref idref="fl-4"/>
      </object_component>
      <object_component id="oc-42">
         <name>.cinit</name>
         <load_address>0x1181a358</load_address>
         <run_address>0x1181a358</run_address>
         <size>0x2c</size>
         <input_file_ref idref="fl-10"/>
      </object_component>
      <object_component id="oc-47">
         <name>.cinit</name>
         <load_address>0x1181a388</load_address>
         <run_address>0x1181a388</run_address>
         <size>0x2c</size>
         <input_file_ref idref="fl-11"/>
      </object_component>
      <object_component id="oc-50">
         <name>.cinit</name>
         <load_address>0x1181a3b8</load_address>
         <run_address>0x1181a3b8</run_address>
         <size>0x1c</size>
         <input_file_ref idref="fl-13"/>
      </object_component>
      <object_component id="oc-bb">
         <name>.cinit</name>
         <load_address>0x1181a3d8</load_address>
         <run_address>0x1181a3d8</run_address>
         <size>0xc</size>
         <input_file_ref idref="fl-34"/>
      </object_component>
      <object_component id="oc-49">
         <name>.sysmem</name>
         <uninitialized>true</uninitialized>
         <run_address>0x11800000</run_address>
         <size>0x8</size>
         <input_file_ref idref="fl-11"/>
      </object_component>
      <object_component id="oc-132">
         <name>.sysmem</name>
         <uninitialized>true</uninitialized>
         <run_address>0x11800000</run_address>
         <size>0x0</size>
      </object_component>
      <object_component id="oc-a8">
         <name>.cio</name>
         <uninitialized>true</uninitialized>
         <run_address>0x1181a3f0</run_address>
         <size>0x120</size>
         <input_file_ref idref="fl-2e"/>
      </object_component>
      <object_component id="oc-10">
         <name>.vecs</name>
         <load_address>0x1181a000</load_address>
         <run_address>0x1181a000</run_address>
         <size>0x200</size>
         <input_file_ref idref="fl-2"/>
      </object_component>
      <object_component id="oc-11">
         <name>.debug_info</name>
         <load_address>0x0</load_address>
         <run_address>0x0</run_address>
         <size>0xf3</size>
         <input_file_ref idref="fl-2"/>
      </object_component>
      <object_component id="oc-15">
         <name>.debug_info</name>
         <load_address>0xf3</load_address>
         <run_address>0xf3</run_address>
         <size>0x7f9</size>
         <input_file_ref idref="fl-3"/>
      </object_component>
      <object_component id="oc-1d">
         <name>.debug_info</name>
         <load_address>0x8ec</load_address>
         <run_address>0x8ec</run_address>
         <size>0x3de1</size>
         <input_file_ref idref="fl-4"/>
      </object_component>
      <object_component id="oc-23">
         <name>.debug_info</name>
         <load_address>0x46cd</load_address>
         <run_address>0x46cd</run_address>
         <size>0xb66</size>
         <input_file_ref idref="fl-9"/>
      </object_component>
      <object_component id="oc-27">
         <name>.debug_info</name>
         <load_address>0x5233</load_address>
         <run_address>0x5233</run_address>
         <size>0x103b</size>
         <input_file_ref idref="fl-a"/>
      </object_component>
      <object_component id="oc-2b">
         <name>.debug_info</name>
         <load_address>0x626e</load_address>
         <run_address>0x626e</run_address>
         <size>0xf0d</size>
         <input_file_ref idref="fl-b"/>
      </object_component>
      <object_component id="oc-2f">
         <name>.debug_info</name>
         <load_address>0x717b</load_address>
         <run_address>0x717b</run_address>
         <size>0x27ab</size>
         <input_file_ref idref="fl-c"/>
      </object_component>
      <object_component id="oc-34">
         <name>.debug_info</name>
         <load_address>0x9926</load_address>
         <run_address>0x9926</run_address>
         <size>0xf63</size>
         <input_file_ref idref="fl-d"/>
      </object_component>
      <object_component id="oc-39">
         <name>.debug_info</name>
         <load_address>0xa889</load_address>
         <run_address>0xa889</run_address>
         <size>0x1400</size>
         <input_file_ref idref="fl-e"/>
      </object_component>
      <object_component id="oc-3d">
         <name>.debug_info</name>
         <load_address>0xbc89</load_address>
         <run_address>0xbc89</run_address>
         <size>0x6f2</size>
         <input_file_ref idref="fl-f"/>
      </object_component>
      <object_component id="oc-41">
         <name>.debug_info</name>
         <load_address>0xc37b</load_address>
         <run_address>0xc37b</run_address>
         <size>0x7bf</size>
         <input_file_ref idref="fl-10"/>
      </object_component>
      <object_component id="oc-46">
         <name>.debug_info</name>
         <load_address>0xcb3a</load_address>
         <run_address>0xcb3a</run_address>
         <size>0xabf</size>
         <input_file_ref idref="fl-11"/>
      </object_component>
      <object_component id="oc-4c">
         <name>.debug_info</name>
         <load_address>0xd5f9</load_address>
         <run_address>0xd5f9</run_address>
         <size>0x8e9</size>
         <input_file_ref idref="fl-12"/>
      </object_component>
      <object_component id="oc-4f">
         <name>.debug_info</name>
         <load_address>0xdee2</load_address>
         <run_address>0xdee2</run_address>
         <size>0x633</size>
         <input_file_ref idref="fl-13"/>
      </object_component>
      <object_component id="oc-54">
         <name>.debug_info</name>
         <load_address>0xe515</load_address>
         <run_address>0xe515</run_address>
         <size>0x2674</size>
         <input_file_ref idref="fl-14"/>
      </object_component>
      <object_component id="oc-58">
         <name>.debug_info</name>
         <load_address>0x10b89</load_address>
         <run_address>0x10b89</run_address>
         <size>0x6c8</size>
         <input_file_ref idref="fl-15"/>
      </object_component>
      <object_component id="oc-5b">
         <name>.debug_info</name>
         <load_address>0x11251</load_address>
         <run_address>0x11251</run_address>
         <size>0x6d5</size>
         <input_file_ref idref="fl-16"/>
      </object_component>
      <object_component id="oc-5e">
         <name>.debug_info</name>
         <load_address>0x11926</load_address>
         <run_address>0x11926</run_address>
         <size>0x83e</size>
         <input_file_ref idref="fl-17"/>
      </object_component>
      <object_component id="oc-61">
         <name>.debug_info</name>
         <load_address>0x12164</load_address>
         <run_address>0x12164</run_address>
         <size>0x6b6</size>
         <input_file_ref idref="fl-18"/>
      </object_component>
      <object_component id="oc-64">
         <name>.debug_info</name>
         <load_address>0x1281a</load_address>
         <run_address>0x1281a</run_address>
         <size>0x7ac</size>
         <input_file_ref idref="fl-19"/>
      </object_component>
      <object_component id="oc-67">
         <name>.debug_info</name>
         <load_address>0x12fc6</load_address>
         <run_address>0x12fc6</run_address>
         <size>0x5e1</size>
         <input_file_ref idref="fl-1a"/>
      </object_component>
      <object_component id="oc-69">
         <name>.debug_info</name>
         <load_address>0x135a7</load_address>
         <run_address>0x135a7</run_address>
         <size>0x6ce</size>
         <input_file_ref idref="fl-1b"/>
      </object_component>
      <object_component id="oc-6d">
         <name>.debug_info</name>
         <load_address>0x13c75</load_address>
         <run_address>0x13c75</run_address>
         <size>0x96a</size>
         <input_file_ref idref="fl-1c"/>
      </object_component>
      <object_component id="oc-70">
         <name>.debug_info</name>
         <load_address>0x145df</load_address>
         <run_address>0x145df</run_address>
         <size>0xbd</size>
         <input_file_ref idref="fl-1d"/>
      </object_component>
      <object_component id="oc-73">
         <name>.debug_info</name>
         <load_address>0x1469c</load_address>
         <run_address>0x1469c</run_address>
         <size>0x67e</size>
         <input_file_ref idref="fl-1e"/>
      </object_component>
      <object_component id="oc-76">
         <name>.debug_info</name>
         <load_address>0x14d1a</load_address>
         <run_address>0x14d1a</run_address>
         <size>0x697</size>
         <input_file_ref idref="fl-1f"/>
      </object_component>
      <object_component id="oc-79">
         <name>.debug_info</name>
         <load_address>0x153b1</load_address>
         <run_address>0x153b1</run_address>
         <size>0x811</size>
         <input_file_ref idref="fl-20"/>
      </object_component>
      <object_component id="oc-7c">
         <name>.debug_info</name>
         <load_address>0x15bc2</load_address>
         <run_address>0x15bc2</run_address>
         <size>0xa9d</size>
         <input_file_ref idref="fl-21"/>
      </object_component>
      <object_component id="oc-80">
         <name>.debug_info</name>
         <load_address>0x1665f</load_address>
         <run_address>0x1665f</run_address>
         <size>0x653</size>
         <input_file_ref idref="fl-22"/>
      </object_component>
      <object_component id="oc-83">
         <name>.debug_info</name>
         <load_address>0x16cb2</load_address>
         <run_address>0x16cb2</run_address>
         <size>0x78a</size>
         <input_file_ref idref="fl-23"/>
      </object_component>
      <object_component id="oc-86">
         <name>.debug_info</name>
         <load_address>0x1743c</load_address>
         <run_address>0x1743c</run_address>
         <size>0x785</size>
         <input_file_ref idref="fl-24"/>
      </object_component>
      <object_component id="oc-89">
         <name>.debug_info</name>
         <load_address>0x17bc1</load_address>
         <run_address>0x17bc1</run_address>
         <size>0x7fd</size>
         <input_file_ref idref="fl-25"/>
      </object_component>
      <object_component id="oc-8c">
         <name>.debug_info</name>
         <load_address>0x183be</load_address>
         <run_address>0x183be</run_address>
         <size>0x6e8</size>
         <input_file_ref idref="fl-26"/>
      </object_component>
      <object_component id="oc-8f">
         <name>.debug_info</name>
         <load_address>0x18aa6</load_address>
         <run_address>0x18aa6</run_address>
         <size>0xe70</size>
         <input_file_ref idref="fl-27"/>
      </object_component>
      <object_component id="oc-94">
         <name>.debug_info</name>
         <load_address>0x19916</load_address>
         <run_address>0x19916</run_address>
         <size>0x716</size>
         <input_file_ref idref="fl-28"/>
      </object_component>
      <object_component id="oc-97">
         <name>.debug_info</name>
         <load_address>0x1a02c</load_address>
         <run_address>0x1a02c</run_address>
         <size>0x6b9</size>
         <input_file_ref idref="fl-29"/>
      </object_component>
      <object_component id="oc-9a">
         <name>.debug_info</name>
         <load_address>0x1a6e5</load_address>
         <run_address>0x1a6e5</run_address>
         <size>0xcc</size>
         <input_file_ref idref="fl-2a"/>
      </object_component>
      <object_component id="oc-9d">
         <name>.debug_info</name>
         <load_address>0x1a7b1</load_address>
         <run_address>0x1a7b1</run_address>
         <size>0x79d</size>
         <input_file_ref idref="fl-2b"/>
      </object_component>
      <object_component id="oc-a0">
         <name>.debug_info</name>
         <load_address>0x1af4e</load_address>
         <run_address>0x1af4e</run_address>
         <size>0x5ff</size>
         <input_file_ref idref="fl-2c"/>
      </object_component>
      <object_component id="oc-a3">
         <name>.debug_info</name>
         <load_address>0x1b54d</load_address>
         <run_address>0x1b54d</run_address>
         <size>0xdc3</size>
         <input_file_ref idref="fl-2d"/>
      </object_component>
      <object_component id="oc-a7">
         <name>.debug_info</name>
         <load_address>0x1c310</load_address>
         <run_address>0x1c310</run_address>
         <size>0x850</size>
         <input_file_ref idref="fl-2e"/>
      </object_component>
      <object_component id="oc-ab">
         <name>.debug_info</name>
         <load_address>0x1cb60</load_address>
         <run_address>0x1cb60</run_address>
         <size>0x741</size>
         <input_file_ref idref="fl-2f"/>
      </object_component>
      <object_component id="oc-ae">
         <name>.debug_info</name>
         <load_address>0x1d2a1</load_address>
         <run_address>0x1d2a1</run_address>
         <size>0x5b3</size>
         <input_file_ref idref="fl-30"/>
      </object_component>
      <object_component id="oc-b1">
         <name>.debug_info</name>
         <load_address>0x1d854</load_address>
         <run_address>0x1d854</run_address>
         <size>0x768</size>
         <input_file_ref idref="fl-31"/>
      </object_component>
      <object_component id="oc-b4">
         <name>.debug_info</name>
         <load_address>0x1dfbc</load_address>
         <run_address>0x1dfbc</run_address>
         <size>0x7a0</size>
         <input_file_ref idref="fl-32"/>
      </object_component>
      <object_component id="oc-b7">
         <name>.debug_info</name>
         <load_address>0x1e75c</load_address>
         <run_address>0x1e75c</run_address>
         <size>0x7f3</size>
         <input_file_ref idref="fl-33"/>
      </object_component>
      <object_component id="oc-ba">
         <name>.debug_info</name>
         <load_address>0x1ef4f</load_address>
         <run_address>0x1ef4f</run_address>
         <size>0x852</size>
         <input_file_ref idref="fl-34"/>
      </object_component>
      <object_component id="oc-bf">
         <name>.debug_info</name>
         <load_address>0x1f7a1</load_address>
         <run_address>0x1f7a1</run_address>
         <size>0x7ed</size>
         <input_file_ref idref="fl-35"/>
      </object_component>
      <object_component id="oc-c2">
         <name>.debug_info</name>
         <load_address>0x1ff8e</load_address>
         <run_address>0x1ff8e</run_address>
         <size>0x64b</size>
         <input_file_ref idref="fl-36"/>
      </object_component>
      <object_component id="oc-133">
         <name>.debug_info</name>
         <load_address>0x205d9</load_address>
         <run_address>0x205d9</run_address>
         <size>0x6d</size>
      </object_component>
      <object_component id="oc-12">
         <name>.debug_line</name>
         <load_address>0x0</load_address>
         <run_address>0x0</run_address>
         <size>0xcd</size>
         <input_file_ref idref="fl-2"/>
      </object_component>
      <object_component id="oc-1a">
         <name>.debug_line</name>
         <load_address>0xcd</load_address>
         <run_address>0xcd</run_address>
         <size>0x5b</size>
         <input_file_ref idref="fl-3"/>
      </object_component>
      <object_component id="oc-21">
         <name>.debug_line</name>
         <load_address>0x128</load_address>
         <run_address>0x128</run_address>
         <size>0x65d</size>
         <input_file_ref idref="fl-4"/>
      </object_component>
      <object_component id="oc-25">
         <name>.debug_line</name>
         <load_address>0x785</load_address>
         <run_address>0x785</run_address>
         <size>0xd8</size>
         <input_file_ref idref="fl-9"/>
      </object_component>
      <object_component id="oc-29">
         <name>.debug_line</name>
         <load_address>0x85d</load_address>
         <run_address>0x85d</run_address>
         <size>0x1ba</size>
         <input_file_ref idref="fl-a"/>
      </object_component>
      <object_component id="oc-2d">
         <name>.debug_line</name>
         <load_address>0xa17</load_address>
         <run_address>0xa17</run_address>
         <size>0xad</size>
         <input_file_ref idref="fl-b"/>
      </object_component>
      <object_component id="oc-32">
         <name>.debug_line</name>
         <load_address>0xac4</load_address>
         <run_address>0xac4</run_address>
         <size>0x2d8</size>
         <input_file_ref idref="fl-c"/>
      </object_component>
      <object_component id="oc-36">
         <name>.debug_line</name>
         <load_address>0xd9c</load_address>
         <run_address>0xd9c</run_address>
         <size>0x169</size>
         <input_file_ref idref="fl-d"/>
      </object_component>
      <object_component id="oc-3b">
         <name>.debug_line</name>
         <load_address>0xf05</load_address>
         <run_address>0xf05</run_address>
         <size>0x143</size>
         <input_file_ref idref="fl-e"/>
      </object_component>
      <object_component id="oc-3f">
         <name>.debug_line</name>
         <load_address>0x1048</load_address>
         <run_address>0x1048</run_address>
         <size>0x3d</size>
         <input_file_ref idref="fl-f"/>
      </object_component>
      <object_component id="oc-44">
         <name>.debug_line</name>
         <load_address>0x1085</load_address>
         <run_address>0x1085</run_address>
         <size>0x4f</size>
         <input_file_ref idref="fl-10"/>
      </object_component>
      <object_component id="oc-4a">
         <name>.debug_line</name>
         <load_address>0x10d4</load_address>
         <run_address>0x10d4</run_address>
         <size>0xa7</size>
         <input_file_ref idref="fl-11"/>
      </object_component>
      <object_component id="oc-4d">
         <name>.debug_line</name>
         <load_address>0x117b</load_address>
         <run_address>0x117b</run_address>
         <size>0x6a</size>
         <input_file_ref idref="fl-12"/>
      </object_component>
      <object_component id="oc-52">
         <name>.debug_line</name>
         <load_address>0x11e5</load_address>
         <run_address>0x11e5</run_address>
         <size>0x35</size>
         <input_file_ref idref="fl-13"/>
      </object_component>
      <object_component id="oc-56">
         <name>.debug_line</name>
         <load_address>0x121a</load_address>
         <run_address>0x121a</run_address>
         <size>0x31a</size>
         <input_file_ref idref="fl-14"/>
      </object_component>
      <object_component id="oc-59">
         <name>.debug_line</name>
         <load_address>0x1534</load_address>
         <run_address>0x1534</run_address>
         <size>0x3f</size>
         <input_file_ref idref="fl-15"/>
      </object_component>
      <object_component id="oc-5c">
         <name>.debug_line</name>
         <load_address>0x1573</load_address>
         <run_address>0x1573</run_address>
         <size>0x45</size>
         <input_file_ref idref="fl-16"/>
      </object_component>
      <object_component id="oc-5f">
         <name>.debug_line</name>
         <load_address>0x15b8</load_address>
         <run_address>0x15b8</run_address>
         <size>0x49</size>
         <input_file_ref idref="fl-17"/>
      </object_component>
      <object_component id="oc-62">
         <name>.debug_line</name>
         <load_address>0x1601</load_address>
         <run_address>0x1601</run_address>
         <size>0x45</size>
         <input_file_ref idref="fl-18"/>
      </object_component>
      <object_component id="oc-65">
         <name>.debug_line</name>
         <load_address>0x1646</load_address>
         <run_address>0x1646</run_address>
         <size>0x44</size>
         <input_file_ref idref="fl-19"/>
      </object_component>
      <object_component id="oc-6e">
         <name>.debug_line</name>
         <load_address>0x168a</load_address>
         <run_address>0x168a</run_address>
         <size>0x3c</size>
         <input_file_ref idref="fl-1c"/>
      </object_component>
      <object_component id="oc-71">
         <name>.debug_line</name>
         <load_address>0x16c6</load_address>
         <run_address>0x16c6</run_address>
         <size>0x44</size>
         <input_file_ref idref="fl-1d"/>
      </object_component>
      <object_component id="oc-74">
         <name>.debug_line</name>
         <load_address>0x170a</load_address>
         <run_address>0x170a</run_address>
         <size>0x3d</size>
         <input_file_ref idref="fl-1e"/>
      </object_component>
      <object_component id="oc-77">
         <name>.debug_line</name>
         <load_address>0x1747</load_address>
         <run_address>0x1747</run_address>
         <size>0x3d</size>
         <input_file_ref idref="fl-1f"/>
      </object_component>
      <object_component id="oc-7a">
         <name>.debug_line</name>
         <load_address>0x1784</load_address>
         <run_address>0x1784</run_address>
         <size>0x3f</size>
         <input_file_ref idref="fl-20"/>
      </object_component>
      <object_component id="oc-7e">
         <name>.debug_line</name>
         <load_address>0x17c3</load_address>
         <run_address>0x17c3</run_address>
         <size>0x93</size>
         <input_file_ref idref="fl-21"/>
      </object_component>
      <object_component id="oc-81">
         <name>.debug_line</name>
         <load_address>0x1856</load_address>
         <run_address>0x1856</run_address>
         <size>0x3e</size>
         <input_file_ref idref="fl-22"/>
      </object_component>
      <object_component id="oc-84">
         <name>.debug_line</name>
         <load_address>0x1894</load_address>
         <run_address>0x1894</run_address>
         <size>0x73</size>
         <input_file_ref idref="fl-23"/>
      </object_component>
      <object_component id="oc-87">
         <name>.debug_line</name>
         <load_address>0x1907</load_address>
         <run_address>0x1907</run_address>
         <size>0x61</size>
         <input_file_ref idref="fl-24"/>
      </object_component>
      <object_component id="oc-8a">
         <name>.debug_line</name>
         <load_address>0x1968</load_address>
         <run_address>0x1968</run_address>
         <size>0x38</size>
         <input_file_ref idref="fl-25"/>
      </object_component>
      <object_component id="oc-8d">
         <name>.debug_line</name>
         <load_address>0x19a0</load_address>
         <run_address>0x19a0</run_address>
         <size>0x56</size>
         <input_file_ref idref="fl-26"/>
      </object_component>
      <object_component id="oc-92">
         <name>.debug_line</name>
         <load_address>0x19f6</load_address>
         <run_address>0x19f6</run_address>
         <size>0xf5</size>
         <input_file_ref idref="fl-27"/>
      </object_component>
      <object_component id="oc-95">
         <name>.debug_line</name>
         <load_address>0x1aeb</load_address>
         <run_address>0x1aeb</run_address>
         <size>0x40</size>
         <input_file_ref idref="fl-28"/>
      </object_component>
      <object_component id="oc-98">
         <name>.debug_line</name>
         <load_address>0x1b2b</load_address>
         <run_address>0x1b2b</run_address>
         <size>0x3f</size>
         <input_file_ref idref="fl-29"/>
      </object_component>
      <object_component id="oc-9b">
         <name>.debug_line</name>
         <load_address>0x1b6a</load_address>
         <run_address>0x1b6a</run_address>
         <size>0x4a</size>
         <input_file_ref idref="fl-2a"/>
      </object_component>
      <object_component id="oc-9e">
         <name>.debug_line</name>
         <load_address>0x1bb4</load_address>
         <run_address>0x1bb4</run_address>
         <size>0x46</size>
         <input_file_ref idref="fl-2b"/>
      </object_component>
      <object_component id="oc-a1">
         <name>.debug_line</name>
         <load_address>0x1bfa</load_address>
         <run_address>0x1bfa</run_address>
         <size>0x39</size>
         <input_file_ref idref="fl-2c"/>
      </object_component>
      <object_component id="oc-a5">
         <name>.debug_line</name>
         <load_address>0x1c33</load_address>
         <run_address>0x1c33</run_address>
         <size>0x126</size>
         <input_file_ref idref="fl-2d"/>
      </object_component>
      <object_component id="oc-a9">
         <name>.debug_line</name>
         <load_address>0x1d59</load_address>
         <run_address>0x1d59</run_address>
         <size>0x66</size>
         <input_file_ref idref="fl-2e"/>
      </object_component>
      <object_component id="oc-ac">
         <name>.debug_line</name>
         <load_address>0x1dbf</load_address>
         <run_address>0x1dbf</run_address>
         <size>0x40</size>
         <input_file_ref idref="fl-2f"/>
      </object_component>
      <object_component id="oc-af">
         <name>.debug_line</name>
         <load_address>0x1dff</load_address>
         <run_address>0x1dff</run_address>
         <size>0x23</size>
         <input_file_ref idref="fl-30"/>
      </object_component>
      <object_component id="oc-b2">
         <name>.debug_line</name>
         <load_address>0x1e22</load_address>
         <run_address>0x1e22</run_address>
         <size>0x3e</size>
         <input_file_ref idref="fl-31"/>
      </object_component>
      <object_component id="oc-b5">
         <name>.debug_line</name>
         <load_address>0x1e60</load_address>
         <run_address>0x1e60</run_address>
         <size>0x3c</size>
         <input_file_ref idref="fl-32"/>
      </object_component>
      <object_component id="oc-b8">
         <name>.debug_line</name>
         <load_address>0x1e9c</load_address>
         <run_address>0x1e9c</run_address>
         <size>0x3f</size>
         <input_file_ref idref="fl-33"/>
      </object_component>
      <object_component id="oc-bd">
         <name>.debug_line</name>
         <load_address>0x1edb</load_address>
         <run_address>0x1edb</run_address>
         <size>0x42</size>
         <input_file_ref idref="fl-34"/>
      </object_component>
      <object_component id="oc-c0">
         <name>.debug_line</name>
         <load_address>0x1f1d</load_address>
         <run_address>0x1f1d</run_address>
         <size>0x3e</size>
         <input_file_ref idref="fl-35"/>
      </object_component>
      <object_component id="oc-c3">
         <name>.debug_line</name>
         <load_address>0x1f5b</load_address>
         <run_address>0x1f5b</run_address>
         <size>0x39</size>
         <input_file_ref idref="fl-36"/>
      </object_component>
      <object_component id="oc-13">
         <name>.debug_abbrev</name>
         <load_address>0x0</load_address>
         <run_address>0x0</run_address>
         <size>0x20</size>
         <input_file_ref idref="fl-2"/>
      </object_component>
      <object_component id="oc-1b">
         <name>.debug_abbrev</name>
         <load_address>0x20</load_address>
         <run_address>0x20</run_address>
         <size>0x10e</size>
         <input_file_ref idref="fl-3"/>
      </object_component>
      <object_component id="oc-22">
         <name>.debug_abbrev</name>
         <load_address>0x12e</load_address>
         <run_address>0x12e</run_address>
         <size>0x230</size>
         <input_file_ref idref="fl-4"/>
      </object_component>
      <object_component id="oc-26">
         <name>.debug_abbrev</name>
         <load_address>0x35e</load_address>
         <run_address>0x35e</run_address>
         <size>0x104</size>
         <input_file_ref idref="fl-9"/>
      </object_component>
      <object_component id="oc-2a">
         <name>.debug_abbrev</name>
         <load_address>0x462</load_address>
         <run_address>0x462</run_address>
         <size>0x175</size>
         <input_file_ref idref="fl-a"/>
      </object_component>
      <object_component id="oc-2e">
         <name>.debug_abbrev</name>
         <load_address>0x5d7</load_address>
         <run_address>0x5d7</run_address>
         <size>0xf0</size>
         <input_file_ref idref="fl-b"/>
      </object_component>
      <object_component id="oc-33">
         <name>.debug_abbrev</name>
         <load_address>0x6c7</load_address>
         <run_address>0x6c7</run_address>
         <size>0x208</size>
         <input_file_ref idref="fl-c"/>
      </object_component>
      <object_component id="oc-37">
         <name>.debug_abbrev</name>
         <load_address>0x8cf</load_address>
         <run_address>0x8cf</run_address>
         <size>0x147</size>
         <input_file_ref idref="fl-d"/>
      </object_component>
      <object_component id="oc-3c">
         <name>.debug_abbrev</name>
         <load_address>0xa16</load_address>
         <run_address>0xa16</run_address>
         <size>0x136</size>
         <input_file_ref idref="fl-e"/>
      </object_component>
      <object_component id="oc-40">
         <name>.debug_abbrev</name>
         <load_address>0xb4c</load_address>
         <run_address>0xb4c</run_address>
         <size>0xfe</size>
         <input_file_ref idref="fl-f"/>
      </object_component>
      <object_component id="oc-45">
         <name>.debug_abbrev</name>
         <load_address>0xc4a</load_address>
         <run_address>0xc4a</run_address>
         <size>0x119</size>
         <input_file_ref idref="fl-10"/>
      </object_component>
      <object_component id="oc-4b">
         <name>.debug_abbrev</name>
         <load_address>0xd63</load_address>
         <run_address>0xd63</run_address>
         <size>0x1f8</size>
         <input_file_ref idref="fl-11"/>
      </object_component>
      <object_component id="oc-4e">
         <name>.debug_abbrev</name>
         <load_address>0xf5b</load_address>
         <run_address>0xf5b</run_address>
         <size>0x161</size>
         <input_file_ref idref="fl-12"/>
      </object_component>
      <object_component id="oc-53">
         <name>.debug_abbrev</name>
         <load_address>0x10bc</load_address>
         <run_address>0x10bc</run_address>
         <size>0x9f</size>
         <input_file_ref idref="fl-13"/>
      </object_component>
      <object_component id="oc-57">
         <name>.debug_abbrev</name>
         <load_address>0x115b</load_address>
         <run_address>0x115b</run_address>
         <size>0x1d1</size>
         <input_file_ref idref="fl-14"/>
      </object_component>
      <object_component id="oc-5a">
         <name>.debug_abbrev</name>
         <load_address>0x132c</load_address>
         <run_address>0x132c</run_address>
         <size>0xe1</size>
         <input_file_ref idref="fl-15"/>
      </object_component>
      <object_component id="oc-5d">
         <name>.debug_abbrev</name>
         <load_address>0x140d</load_address>
         <run_address>0x140d</run_address>
         <size>0xcc</size>
         <input_file_ref idref="fl-16"/>
      </object_component>
      <object_component id="oc-60">
         <name>.debug_abbrev</name>
         <load_address>0x14d9</load_address>
         <run_address>0x14d9</run_address>
         <size>0x13f</size>
         <input_file_ref idref="fl-17"/>
      </object_component>
      <object_component id="oc-63">
         <name>.debug_abbrev</name>
         <load_address>0x1618</load_address>
         <run_address>0x1618</run_address>
         <size>0xdd</size>
         <input_file_ref idref="fl-18"/>
      </object_component>
      <object_component id="oc-66">
         <name>.debug_abbrev</name>
         <load_address>0x16f5</load_address>
         <run_address>0x16f5</run_address>
         <size>0x10c</size>
         <input_file_ref idref="fl-19"/>
      </object_component>
      <object_component id="oc-68">
         <name>.debug_abbrev</name>
         <load_address>0x1801</load_address>
         <run_address>0x1801</run_address>
         <size>0x5f</size>
         <input_file_ref idref="fl-1a"/>
      </object_component>
      <object_component id="oc-6c">
         <name>.debug_abbrev</name>
         <load_address>0x1860</load_address>
         <run_address>0x1860</run_address>
         <size>0x8e</size>
         <input_file_ref idref="fl-1b"/>
      </object_component>
      <object_component id="oc-6f">
         <name>.debug_abbrev</name>
         <load_address>0x18ee</load_address>
         <run_address>0x18ee</run_address>
         <size>0xf5</size>
         <input_file_ref idref="fl-1c"/>
      </object_component>
      <object_component id="oc-72">
         <name>.debug_abbrev</name>
         <load_address>0x19e3</load_address>
         <run_address>0x19e3</run_address>
         <size>0x3a</size>
         <input_file_ref idref="fl-1d"/>
      </object_component>
      <object_component id="oc-75">
         <name>.debug_abbrev</name>
         <load_address>0x1a1d</load_address>
         <run_address>0x1a1d</run_address>
         <size>0xac</size>
         <input_file_ref idref="fl-1e"/>
      </object_component>
      <object_component id="oc-78">
         <name>.debug_abbrev</name>
         <load_address>0x1ac9</load_address>
         <run_address>0x1ac9</run_address>
         <size>0xc3</size>
         <input_file_ref idref="fl-1f"/>
      </object_component>
      <object_component id="oc-7b">
         <name>.debug_abbrev</name>
         <load_address>0x1b8c</load_address>
         <run_address>0x1b8c</run_address>
         <size>0x11f</size>
         <input_file_ref idref="fl-20"/>
      </object_component>
      <object_component id="oc-7f">
         <name>.debug_abbrev</name>
         <load_address>0x1cab</load_address>
         <run_address>0x1cab</run_address>
         <size>0x14b</size>
         <input_file_ref idref="fl-21"/>
      </object_component>
      <object_component id="oc-82">
         <name>.debug_abbrev</name>
         <load_address>0x1df6</load_address>
         <run_address>0x1df6</run_address>
         <size>0x8c</size>
         <input_file_ref idref="fl-22"/>
      </object_component>
      <object_component id="oc-85">
         <name>.debug_abbrev</name>
         <load_address>0x1e82</load_address>
         <run_address>0x1e82</run_address>
         <size>0xc3</size>
         <input_file_ref idref="fl-23"/>
      </object_component>
      <object_component id="oc-88">
         <name>.debug_abbrev</name>
         <load_address>0x1f45</load_address>
         <run_address>0x1f45</run_address>
         <size>0xc3</size>
         <input_file_ref idref="fl-24"/>
      </object_component>
      <object_component id="oc-8b">
         <name>.debug_abbrev</name>
         <load_address>0x2008</load_address>
         <run_address>0x2008</run_address>
         <size>0xd0</size>
         <input_file_ref idref="fl-25"/>
      </object_component>
      <object_component id="oc-8e">
         <name>.debug_abbrev</name>
         <load_address>0x20d8</load_address>
         <run_address>0x20d8</run_address>
         <size>0xa3</size>
         <input_file_ref idref="fl-26"/>
      </object_component>
      <object_component id="oc-93">
         <name>.debug_abbrev</name>
         <load_address>0x217b</load_address>
         <run_address>0x217b</run_address>
         <size>0x215</size>
         <input_file_ref idref="fl-27"/>
      </object_component>
      <object_component id="oc-96">
         <name>.debug_abbrev</name>
         <load_address>0x2390</load_address>
         <run_address>0x2390</run_address>
         <size>0xe3</size>
         <input_file_ref idref="fl-28"/>
      </object_component>
      <object_component id="oc-99">
         <name>.debug_abbrev</name>
         <load_address>0x2473</load_address>
         <run_address>0x2473</run_address>
         <size>0xae</size>
         <input_file_ref idref="fl-29"/>
      </object_component>
      <object_component id="oc-9c">
         <name>.debug_abbrev</name>
         <load_address>0x2521</load_address>
         <run_address>0x2521</run_address>
         <size>0x3a</size>
         <input_file_ref idref="fl-2a"/>
      </object_component>
      <object_component id="oc-9f">
         <name>.debug_abbrev</name>
         <load_address>0x255b</load_address>
         <run_address>0x255b</run_address>
         <size>0xd0</size>
         <input_file_ref idref="fl-2b"/>
      </object_component>
      <object_component id="oc-a2">
         <name>.debug_abbrev</name>
         <load_address>0x262b</load_address>
         <run_address>0x262b</run_address>
         <size>0x71</size>
         <input_file_ref idref="fl-2c"/>
      </object_component>
      <object_component id="oc-a6">
         <name>.debug_abbrev</name>
         <load_address>0x269c</load_address>
         <run_address>0x269c</run_address>
         <size>0x180</size>
         <input_file_ref idref="fl-2d"/>
      </object_component>
      <object_component id="oc-aa">
         <name>.debug_abbrev</name>
         <load_address>0x281c</load_address>
         <run_address>0x281c</run_address>
         <size>0xd5</size>
         <input_file_ref idref="fl-2e"/>
      </object_component>
      <object_component id="oc-ad">
         <name>.debug_abbrev</name>
         <load_address>0x28f1</load_address>
         <run_address>0x28f1</run_address>
         <size>0xd1</size>
         <input_file_ref idref="fl-2f"/>
      </object_component>
      <object_component id="oc-b0">
         <name>.debug_abbrev</name>
         <load_address>0x29c2</load_address>
         <run_address>0x29c2</run_address>
         <size>0x90</size>
         <input_file_ref idref="fl-30"/>
      </object_component>
      <object_component id="oc-b3">
         <name>.debug_abbrev</name>
         <load_address>0x2a52</load_address>
         <run_address>0x2a52</run_address>
         <size>0x12d</size>
         <input_file_ref idref="fl-31"/>
      </object_component>
      <object_component id="oc-b6">
         <name>.debug_abbrev</name>
         <load_address>0x2b7f</load_address>
         <run_address>0x2b7f</run_address>
         <size>0xf7</size>
         <input_file_ref idref="fl-32"/>
      </object_component>
      <object_component id="oc-b9">
         <name>.debug_abbrev</name>
         <load_address>0x2c76</load_address>
[...]
         <value>0x118101a8</value>
         <object_component_ref idref="oc-c8"/>
      </symbol>
      <symbol id="sm-177">
         <name>_prand_seed</name>
         <value>0x1181a528</value>
         <object_component_ref idref="oc-1c"/>
      </symbol>
      <symbol id="sm-178">
         <name>_output_sample</name>
         <value>0x11810000</value>
         <object_component_ref idref="oc-c8"/>
      </symbol>
      <symbol id="sm-179">
         <name>_pingIN</name>
         <value>0x1181a514</value>
         <object_component_ref idref="oc-1c"/>
      </symbol>
      <symbol id="sm-17a">
         <name>_AIC31_data</name>
         <value>0x11819dd4</value>
         <object_component_ref idref="oc-1f"/>
      </symbol>
      <symbol id="sm-17b">
         <name>_sreg</name>
         <value>0x11819dd8</value>
         <object_component_ref idref="oc-1f"/>
      </symbol>
      <symbol id="sm-17c">
         <name>_input_right_sample</name>
         <value>0x11810200</value>
         <object_component_ref idref="oc-c8"/>
      </symbol>
      <symbol id="sm-17d">
         <name>_EDMA3_PaRAM_setup</name>
         <value>0x11810258</value>
         <object_component_ref idref="oc-c8"/>
      </symbol>
      <symbol id="sm-17e">
         <name>_L138_init_LCDK_DIP</name>
         <value>0x11811118</value>
         <object_component_ref idref="oc-c8"/>
      </symbol>
      <symbol id="sm-17f">
         <name>_prand</name>
         <value>0x118116b4</value>
         <object_component_ref idref="oc-c8"/>
      </symbol>
      <symbol id="sm-180">
         <name>_fb</name>
         <value>0x1181a524</value>
         <object_component_ref idref="oc-1c"/>
      </symbol>
      <symbol id="sm-181">
         <name>_rand31_next</name>
         <value>0x11811638</value>
         <object_component_ref idref="oc-c8"/>
      </symbol>
      <symbol id="sm-182">
         <name>_read_LCDK_user_DIP</name>
         <value>0x11811160</value>
         <object_component_ref idref="oc-c8"/>
      </symbol>
      <symbol id="sm-183">
         <name>_L138_init_mcasp_edma</name>
         <value>0x11810630</value>
         <object_component_ref idref="oc-c8"/>
      </symbol>
      <symbol id="sm-184">
         <name>_L138_init_aic3106_registers</name>
         <value>0x11810de0</value>
         <object_component_ref idref="oc-c8"/>
      </symbol>
      <symbol id="sm-185">
         <name>_L138_initialise_intr</name>
         <value>0x1181142c</value>
         <object_component_ref idref="oc-c8"/>
      </symbol>
      <symbol id="sm-186">
         <name>_input_sample</name>
         <value>0x11810150</value>
         <object_component_ref idref="oc-c8"/>
      </symbol>
      <symbol id="sm-187">
         <name>_output_right_sample</name>
         <value>0x118100e0</value>
         <object_component_ref idref="oc-c8"/>
      </symbol>
      <symbol id="sm-188">
         <name>_pongIN</name>
         <value>0x1181a51c</value>
         <object_component_ref idref="oc-1c"/>
      </symbol>
      <symbol id="sm-189">
         <name>_pongOUT</name>
         <value>0x1181a520</value>
         <object_component_ref idref="oc-1c"/>
      </symbol>
      <symbol id="sm-18a">
         <name>_pingOUT</name>
         <value>0x1181a518</value>
         <object_component_ref idref="oc-1c"/>
      </symbol>
      <symbol id="sm-18b">
         <name>_L138_init_mcasp_poll</name>
         <value>0x11810b4c</value>
         <object_component_ref idref="oc-c8"/>
      </symbol>
      <symbol id="sm-19a">
         <name>_USTIMER_get</name>
         <value>0x118166c4</value>
         <object_component_ref idref="oc-d9"/>
      </symbol>
      <symbol id="sm-19b">
         <name>_USTIMER_delay</name>
         <value>0x11816604</value>
         <object_component_ref idref="oc-d9"/>
      </symbol>
      <symbol id="sm-19c">
         <name>_USTIMER_set</name>
         <value>0x118166d8</value>
         <object_component_ref idref="oc-d9"/>
      </symbol>
      <symbol id="sm-19d">
         <name>_USTIMER_init</name>
         <value>0x11816520</value>
         <object_component_ref idref="oc-d9"/>
      </symbol>
      <symbol id="sm-19e">
         <name>_USTIMER_reset</name>
         <value>0x11816694</value>
         <object_component_ref idref="oc-d9"/>
      </symbol>
      <symbol id="sm-1d8">
         <name>_GPIO_getInput</name>
         <value>0x11813f98</value>
         <object_component_ref idref="oc-d7"/>
      </symbol>
      <symbol id="sm-1d9">
         <name>_GPIO_setDir</name>
         <value>0x11813f20</value>
         <object_component_ref idref="oc-d7"/>
      </symbol>
      <symbol id="sm-1da">
         <name>_GPIO_toggleLoop</name>
         <value>0x1181408c</value>
         <object_component_ref idref="oc-d7"/>
      </symbol>
      <symbol id="sm-1db">
         <name>_GPIO_setOutput</name>
         <value>0x1181400c</value>
         <object_component_ref idref="oc-d7"/>
      </symbol>
      <symbol id="sm-207">
         <name>_AIC3106_writeRegister</name>
         <value>0x11816bb0</value>
         <object_component_ref idref="oc-d6"/>
      </symbol>
      <symbol id="sm-208">
         <name>_AIC3106_init</name>
         <value>0x11816a60</value>
         <object_component_ref idref="oc-d6"/>
      </symbol>
      <symbol id="sm-209">
         <name>_AIC3106_readRegister</name>
         <value>0x11816b58</value>
         <object_component_ref idref="oc-d6"/>
      </symbol>
      <symbol id="sm-2a6">
         <name>_config_pll1</name>
         <value>0x11811fa4</value>
         <object_component_ref idref="oc-da"/>
      </symbol>
      <symbol id="sm-2a7">
         <name>_config_pll0</name>
         <value>0x11811d68</value>
         <object_component_ref idref="oc-da"/>
      </symbol>
      <symbol id="sm-2a8">
         <name>_UTIL_isUIBoardAttached</name>
         <value>0x118122e0</value>
         <object_component_ref idref="oc-da"/>
      </symbol>
      <symbol id="sm-2a9">
         <name>_EVMOMAPL138_initRAM</name>
         <value>0x1181170c</value>
         <object_component_ref idref="oc-da"/>
      </symbol>
      <symbol id="sm-2aa">
         <name>_EVMOMAPL138_lpscTransition</name>
         <value>0x11811990</value>
         <object_component_ref idref="oc-da"/>
      </symbol>
      <symbol id="sm-2ab">
         <name>_EVMOMAPL138_enableDsp</name>
         <value>0x118118c8</value>
         <object_component_ref idref="oc-da"/>
      </symbol>
      <symbol id="sm-2ac">
         <name>_EVMOMAPL138_init</name>
         <value>0x118116e0</value>
         <object_component_ref idref="oc-da"/>
      </symbol>
      <symbol id="sm-2ad">
         <name>_UTIL_printMem</name>
         <value>0x11812188</value>
         <object_component_ref idref="oc-da"/>
      </symbol>
      <symbol id="sm-2ae">
         <name>_EVMOMAPL138_pinmuxConfig</name>
         <value>0x118118f4</value>
         <object_component_ref idref="oc-da"/>
      </symbol>
      <symbol id="sm-2af">
         <name>_bitval_u32</name>
         <value>0x11819f00</value>
         <object_component_ref idref="oc-df"/>
      </symbol>
      <symbol id="sm-2dd">
         <name>_I2CGPIO_getInput</name>
         <value>0x11812ef4</value>
         <object_component_ref idref="oc-e3"/>
      </symbol>
      <symbol id="sm-2de">
         <name>_I2CGPIO_setOutputAll</name>
         <value>0x11813268</value>
         <object_component_ref idref="oc-e3"/>
      </symbol>
      <symbol id="sm-2df">
         <name>_I2CGPIO_setOutput</name>
         <value>0x11813120</value>
         <object_component_ref idref="oc-e3"/>
      </symbol>
      <symbol id="sm-2e0">
         <name>_I2CGPIO_getInputAll</name>
         <value>0x11813010</value>
         <object_component_ref idref="oc-e3"/>
      </symbol>
      <symbol id="sm-2e1">
         <name>_I2CGPIO_init</name>
         <value>0x11812e20</value>
         <object_component_ref idref="oc-e3"/>
      </symbol>
      <symbol id="sm-32a">
         <name>_I2C_read</name>
         <value>0x1181438c</value>
         <object_component_ref idref="oc-dd"/>
      </symbol>
      <symbol id="sm-32b">
         <name>_I2C_write</name>
         <value>0x118144e8</value>
         <object_component_ref idref="oc-dd"/>
      </symbol>
      <symbol id="sm-32c">
         <name>_I2C_init</name>
         <value>0x118142a0</value>
         <object_component_ref idref="oc-dd"/>
      </symbol>
      <symbol id="sm-33b">
         <name>_c_int00</name>
         <value>0x11818bc0</value>
         <object_component_ref idref="oc-e"/>
      </symbol>
      <symbol id="sm-33c">
         <name>__stack</name>
         <value>0x11819140</value>
         <object_component_ref idref="oc-3e"/>
      </symbol>
      <symbol id="sm-353">
         <name>C$$EXIT</name>
         <value>0x118190c0</value>
         <object_component_ref idref="oc-d5"/>
      </symbol>
      <symbol id="sm-354">
         <name>_exit</name>
         <value>0x11818080</value>
         <object_component_ref idref="oc-c7"/>
      </symbol>
      <symbol id="sm-355">
         <name>___TI_enable_exit_profile_output</name>
         <value>0x11819dd0</value>
         <object_component_ref idref="oc-43"/>
      </symbol>
      <symbol id="sm-356">
         <name>_abort</name>
         <value>0x118190c0</value>
         <object_component_ref idref="oc-d5"/>
      </symbol>
      <symbol id="sm-357">
         <name>__cleanup_ptr</name>
         <value>0x11819dc8</value>
         <object_component_ref idref="oc-43"/>
      </symbol>
      <symbol id="sm-358">
         <name>__dtors_ptr</name>
         <value>0x11819dcc</value>
         <object_component_ref idref="oc-43"/>
      </symbol>
      <symbol id="sm-391">
         <name>__sys_memory</name>
         <value>0x11800000</value>
         <object_component_ref idref="oc-49"/>
      </symbol>
      <symbol id="sm-392">
         <name>_free</name>
         <value>0x11815140</value>
         <object_component_ref idref="oc-101"/>
      </symbol>
      <symbol id="sm-393">
         <name>_malloc</name>
         <value>0x11816d80</value>
         <object_component_ref idref="oc-d8"/>
      </symbol>
      <symbol id="sm-3a8">
         <name>_printf</name>
         <value>0x11817a60</value>
         <object_component_ref idref="oc-e2"/>
      </symbol>
      <symbol id="sm-3b6">
         <name>__unlock</name>
         <value>0x11819de0</value>
         <object_component_ref idref="oc-51"/>
      </symbol>
      <symbol id="sm-3b7">
         <name>__lock</name>
         <value>0x11819ddc</value>
         <object_component_ref idref="oc-51"/>
      </symbol>
      <symbol id="sm-3b8">
         <name>__nop</name>
         <value>0x11819060</value>
         <object_component_ref idref="oc-c9"/>
      </symbol>
      <symbol id="sm-4c2">
         <name>__printfi</name>
         <value>0x11813300</value>
         <object_component_ref idref="oc-e5"/>
      </symbol>
      <symbol id="sm-4cc">
         <name>__args_main</name>
         <value>0x11818f40</value>
         <object_component_ref idref="oc-c6"/>
      </symbol>
      <symbol id="sm-4cd">
         <name>__TI_args_main</name>
         <value>0x1</value>
      </symbol>
      <symbol id="sm-4db">
         <name>_atoi</name>
         <value>0x118177c0</value>
         <object_component_ref idref="oc-f1"/>
      </symbol>
      <symbol id="sm-4ea">
         <name>__auto_init</name>
         <value>0x11817d80</value>
         <object_component_ref idref="oc-c5"/>
      </symbol>
      <symbol id="sm-4f7">
         <name>___TI_cpp_init</name>
         <value>0x11818d40</value>
         <object_component_ref idref="oc-d3"/>
      </symbol>
      <symbol id="sm-505">
         <name>_copy_in</name>
         <value>0x11818660</value>
         <object_component_ref idref="oc-d1"/>
      </symbol>
      <symbol id="sm-50d">
         <name>__ctypes_</name>
         <value>0x11819df8</value>
         <object_component_ref idref="oc-f7"/>
      </symbol>
      <symbol id="sm-517">
         <name>__tmpnams</name>
         <value>0x11819b20</value>
         <object_component_ref idref="oc-6b"/>
      </symbol>
      <symbol id="sm-518">
         <name>__ft_end</name>
         <value>0x11819c60</value>
         <object_component_ref idref="oc-6b"/>
      </symbol>
      <symbol id="sm-519">
         <name>__ftable</name>
         <value>0x11819940</value>
         <object_component_ref idref="oc-6b"/>
      </symbol>
      <symbol id="sm-52b">
         <name>__divd</name>
         <value>0x11812300</value>
         <object_component_ref idref="oc-108"/>
      </symbol>
      <symbol id="sm-534">
         <name>__c6xabi_divu</name>
         <value>0x11817f00</value>
         <object_component_ref idref="oc-110"/>
      </symbol>
      <symbol id="sm-535">
         <name>__divu</name>
         <value>0x11817f00</value>
         <object_component_ref idref="oc-110"/>
      </symbol>
      <symbol id="sm-542">
         <name>__fixdli</name>
         <value>0x11818520</value>
         <object_component_ref idref="oc-10b"/>
      </symbol>
      <symbol id="sm-54d">
         <name>__fltlid</name>
         <value>0x11818ac0</value>
         <object_component_ref idref="oc-10d"/>
      </symbol>
      <symbol id="sm-568">
         <name>_putc</name>
         <value>0x11815ce0</value>
         <object_component_ref idref="oc-ec"/>
      </symbol>
      <symbol id="sm-569">
         <name>_fputc</name>
         <value>0x11815ce0</value>
         <object_component_ref idref="oc-ec"/>
      </symbol>
      <symbol id="sm-58b">
         <name>_fputs</name>
         <value>0x11813b80</value>
         <object_component_ref idref="oc-e7"/>
      </symbol>
      <symbol id="sm-595">
         <name>__frcmpyd_div</name>
         <value>0x11818f80</value>
         <object_component_ref idref="oc-10f"/>
      </symbol>
      <symbol id="sm-5a5">
         <name>__divul</name>
         <value>0x118168c0</value>
         <object_component_ref idref="oc-111"/>
      </symbol>
      <symbol id="sm-5a6">
         <name>__remli</name>
         <value>0x11819000</value>
         <object_component_ref idref="oc-115"/>
      </symbol>
      <symbol id="sm-5a7">
         <name>__divli</name>
         <value>0x11818340</value>
         <object_component_ref idref="oc-116"/>
      </symbol>
      <symbol id="sm-5bb">
         <name>__subcull</name>
         <value>0x11818da0</value>
         <object_component_ref idref="oc-118"/>
      </symbol>
      <symbol id="sm-5bc">
         <name>__divull</name>
         <value>0x118153c0</value>
         <object_component_ref idref="oc-112"/>
      </symbol>
      <symbol id="sm-5c6">
         <name>___isinf</name>
         <value>0x11818ec0</value>
         <object_component_ref idref="oc-f9"/>
      </symbol>
      <symbol id="sm-5d4">
         <name>__llshl</name>
         <value>0x11818b40</value>
         <object_component_ref idref="oc-117"/>
      </symbol>
      <symbol id="sm-5d5">
         <name>__llshru</name>
         <value>0x11818fc0</value>
         <object_component_ref idref="oc-10e"/>
      </symbol>
      <symbol id="sm-612">
         <name>_unlink</name>
         <value>0x11818cc0</value>
         <object_component_ref idref="oc-119"/>
      </symbol>
      <symbol id="sm-613">
         <name>_lseek</name>
         <value>0x118187a0</value>
         <object_component_ref idref="oc-100"/>
      </symbol>
      <symbol id="sm-614">
         <name>_close</name>
         <value>0x118178a0</value>
         <object_component_ref idref="oc-113"/>
      </symbol>
      <symbol id="sm-615">
         <name>_write</name>
         <value>0x11818a20</value>
         <object_component_ref idref="oc-ef"/>
      </symbol>
      <symbol id="sm-622">
         <name>_ltoa</name>
         <value>0x11818140</value>
         <object_component_ref idref="oc-10c"/>
      </symbol>
      <symbol id="sm-62f">
         <name>_memccpy</name>
         <value>0x11818e00</value>
         <object_component_ref idref="oc-f4"/>
      </symbol>
      <symbol id="sm-637">
         <name>_memcpy</name>
         <value>0x11818840</value>
         <object_component_ref idref="oc-d2"/>
      </symbol>
      <symbol id="sm-642">
         <name>_memset</name>
         <value>0x11817980</value>
         <object_component_ref idref="oc-f0"/>
      </symbol>
      <symbol id="sm-64c">
         <name>__negll</name>
         <value>0x11819040</value>
         <object_component_ref idref="oc-fe"/>
      </symbol>
      <symbol id="sm-675">
         <name>_HOSTopen</name>
         <value>0x118176e0</value>
         <object_component_ref idref="oc-ca"/>
      </symbol>
      <symbol id="sm-676">
         <name>_HOSTread</name>
         <value>0x11817b40</value>
         <object_component_ref idref="oc-cc"/>
      </symbol>
      <symbol id="sm-677">
         <name>_HOSTrename</name>
         <value>0x11816c00</value>
         <object_component_ref idref="oc-d0"/>
      </symbol>
      <symbol id="sm-678">
         <name>_HOSTwrite</name>
         <value>0x11817cc0</value>
         <object_component_ref idref="oc-cd"/>
      </symbol>
      <symbol id="sm-679">
         <name>_HOSTlseek</name>
         <value>0x118174e0</value>
         <object_component_ref idref="oc-ce"/>
      </symbol>
      <symbol id="sm-67a">
         <name>_HOSTunlink</name>
         <value>0x11817c00</value>
         <object_component_ref idref="oc-cf"/>
      </symbol>
      <symbol id="sm-67b">
         <name>_HOSTclose</name>
         <value>0x11818200</value>
         <object_component_ref idref="oc-cb"/>
      </symbol>
      <symbol id="sm-68b">
         <name>C$$IO$$</name>
         <value>0x11818eb8</value>
         <object_component_ref idref="oc-db"/>
      </symbol>
      <symbol id="sm-68c">
         <name>__CIOBUF_</name>
         <value>0x1181a3f0</value>
         <object_component_ref idref="oc-a8"/>
      </symbol>
      <symbol id="sm-68d">
         <name>_readmsg</name>
         <value>0x11818c40</value>
         <object_component_ref idref="oc-dc"/>
      </symbol>
      <symbol id="sm-68e">
         <name>_writemsg</name>
         <value>0x11818e60</value>
         <object_component_ref idref="oc-db"/>
      </symbol>
      <symbol id="sm-69d">
         <name>__wrt_ok</name>
         <value>0x118175e0</value>
         <object_component_ref idref="oc-ed"/>
      </symbol>
      <symbol id="sm-6b1">
         <name>__doflush</name>
         <value>0x11817fc0</value>
         <object_component_ref idref="oc-ee"/>
      </symbol>
      <symbol id="sm-6c2">
         <name>_fseek</name>
         <value>0x118173c0</value>
         <object_component_ref idref="oc-f5"/>
      </symbol>
      <symbol id="sm-6d8">
         <name>_setvbuf</name>
         <value>0x11816320</value>
         <object_component_ref idref="oc-f6"/>
      </symbol>
      <symbol id="sm-6eb">
         <name>__cleanup</name>
         <value>0x118182a0</value>
         <object_component_ref idref="oc-102"/>
      </symbol>
      <symbol id="sm-6fd">
         <name>__closefile</name>
         <value>0x11817180</value>
         <object_component_ref idref="oc-10a"/>
      </symbol>
      <symbol id="sm-707">
         <name>_remove</name>
         <value>0x118190e0</value>
         <object_component_ref idref="oc-114"/>
      </symbol>
   </symbol_table>
</link_info>
