<?xml version="1.0"?>
<link_info>
   <banner>TMS320C6x Linker PC v7.4.4</banner>
   <copyright>Copyright (c) 1996-2013 Texas Instruments Incorporated</copyright>
   <link_time>0x581a6e6f</link_time>
   <output_file>Lab 4.out</output_file>
   <entry_point>
      <name>_c_int00</name>
      <address>0x118180a0</address>
   </entry_point>
   <input_file_list>
      <input_file id="fl-2">
         <path>.\</path>
         <kind>object</kind>
         <file>miniproj1.obj</file>
         <name>miniproj1.obj</name>
      </input_file>
      <input_file id="fl-3">
         <path>.\</path>
         <kind>object</kind>
         <file>L138_LCDK_aic3106_init.obj</file>
         <name>L138_LCDK_aic3106_init.obj</name>
      </input_file>
      <input_file id="fl-8">
         <path>C:\Users\EE113D\MyProjects\OMAP-L138_GEL_BSL_Files\bsl\lib\</path>
         <kind>archive</kind>
         <file>evmomapl138_bsl.lib</file>
         <name>evmomapl138_timer.obj</name>
      </input_file>
      <input_file id="fl-9">
         <path>C:\Users\EE113D\MyProjects\OMAP-L138_GEL_BSL_Files\bsl\lib\</path>
         <kind>archive</kind>
         <file>evmomapl138_bsl.lib</file>
         <name>evmomapl138_gpio.obj</name>
      </input_file>
      <input_file id="fl-a">
         <path>C:\Users\EE113D\MyProjects\OMAP-L138_GEL_BSL_Files\bsl\lib\</path>
         <kind>archive</kind>
         <file>evmomapl138_bsl.lib</file>
         <name>evmomapl138_aic3106.obj</name>
      </input_file>
      <input_file id="fl-b">
         <path>C:\Users\EE113D\MyProjects\OMAP-L138_GEL_BSL_Files\bsl\lib\</path>
         <kind>archive</kind>
         <file>evmomapl138_bsl.lib</file>
         <name>evmomapl138.obj</name>
      </input_file>
      <input_file id="fl-c">
         <path>C:\Users\EE113D\MyProjects\OMAP-L138_GEL_BSL_Files\bsl\lib\</path>
         <kind>archive</kind>
         <file>evmomapl138_bsl.lib</file>
         <name>evmomapl138_i2c_gpio.obj</name>
      </input_file>
      <input_file id="fl-d">
         <path>C:\Users\EE113D\MyProjects\OMAP-L138_GEL_BSL_Files\bsl\lib\</path>
         <kind>archive</kind>
         <file>evmomapl138_bsl.lib</file>
         <name>evmomapl138_i2c.obj</name>
      </input_file>
      <input_file id="fl-e">
         <path>C:\ti\ccsv5\tools\compiler\c6000_7.4.4\lib\</path>
         <kind>archive</kind>
         <file>rts6740.lib</file>
         <name>boot.obj</name>
      </input_file>
      <input_file id="fl-f">
         <path>C:\ti\ccsv5\tools\compiler\c6000_7.4.4\lib\</path>
         <kind>archive</kind>
         <file>rts6740.lib</file>
         <name>cos.obj</name>
      </input_file>
      <input_file id="fl-10">
         <path>C:\ti\ccsv5\tools\compiler\c6000_7.4.4\lib\</path>
         <kind>archive</kind>
         <file>rts6740.lib</file>
         <name>divd.obj</name>
      </input_file>
      <input_file id="fl-11">
         <path>C:\ti\ccsv5\tools\compiler\c6000_7.4.4\lib\</path>
         <kind>archive</kind>
         <file>rts6740.lib</file>
         <name>divi.obj</name>
      </input_file>
      <input_file id="fl-12">
         <path>C:\ti\ccsv5\tools\compiler\c6000_7.4.4\lib\</path>
         <kind>archive</kind>
         <file>rts6740.lib</file>
         <name>divu.obj</name>
      </input_file>
      <input_file id="fl-13">
         <path>C:\ti\ccsv5\tools\compiler\c6000_7.4.4\lib\</path>
         <kind>archive</kind>
         <file>rts6740.lib</file>
         <name>exit.obj</name>
      </input_file>
      <input_file id="fl-14">
         <path>C:\ti\ccsv5\tools\compiler\c6000_7.4.4\lib\</path>
         <kind>archive</kind>
         <file>rts6740.lib</file>
         <name>fclose.obj</name>
      </input_file>
      <input_file id="fl-15">
         <path>C:\ti\ccsv5\tools\compiler\c6000_7.4.4\lib\</path>
         <kind>archive</kind>
         <file>rts6740.lib</file>
         <name>fflush.obj</name>
      </input_file>
      <input_file id="fl-16">
         <path>C:\ti\ccsv5\tools\compiler\c6000_7.4.4\lib\</path>
         <kind>archive</kind>
         <file>rts6740.lib</file>
         <name>fopen.obj</name>
      </input_file>
      <input_file id="fl-17">
         <path>C:\ti\ccsv5\tools\compiler\c6000_7.4.4\lib\</path>
         <kind>archive</kind>
         <file>rts6740.lib</file>
         <name>frcmpyd_div.obj</name>
      </input_file>
      <input_file id="fl-18">
         <path>C:\ti\ccsv5\tools\compiler\c6000_7.4.4\lib\</path>
         <kind>archive</kind>
         <file>rts6740.lib</file>
         <name>fread.obj</name>
      </input_file>
      <input_file id="fl-19">
         <path>C:\ti\ccsv5\tools\compiler\c6000_7.4.4\lib\</path>
         <kind>archive</kind>
         <file>rts6740.lib</file>
         <name>fwrite.obj</name>
      </input_file>
      <input_file id="fl-1a">
         <path>C:\ti\ccsv5\tools\compiler\c6000_7.4.4\lib\</path>
         <kind>archive</kind>
         <file>rts6740.lib</file>
         <name>llshift.obj</name>
      </input_file>
      <input_file id="fl-1b">
         <path>C:\ti\ccsv5\tools\compiler\c6000_7.4.4\lib\</path>
         <kind>archive</kind>
         <file>rts6740.lib</file>
         <name>lowlev.obj</name>
      </input_file>
      <input_file id="fl-1c">
         <path>C:\ti\ccsv5\tools\compiler\c6000_7.4.4\lib\</path>
         <kind>archive</kind>
         <file>rts6740.lib</file>
         <name>memcpy64.obj</name>
      </input_file>
      <input_file id="fl-1d">
         <path>C:\ti\ccsv5\tools\compiler\c6000_7.4.4\lib\</path>
         <kind>archive</kind>
         <file>rts6740.lib</file>
         <name>memory.obj</name>
      </input_file>
      <input_file id="fl-1e">
         <path>C:\ti\ccsv5\tools\compiler\c6000_7.4.4\lib\</path>
         <kind>archive</kind>
         <file>rts6740.lib</file>
         <name>memset.obj</name>
      </input_file>
      <input_file id="fl-1f">
         <path>C:\ti\ccsv5\tools\compiler\c6000_7.4.4\lib\</path>
         <kind>archive</kind>
         <file>rts6740.lib</file>
         <name>modf.obj</name>
      </input_file>
      <input_file id="fl-20">
         <path>C:\ti\ccsv5\tools\compiler\c6000_7.4.4\lib\</path>
         <kind>archive</kind>
         <file>rts6740.lib</file>
         <name>perror.obj</name>
      </input_file>
      <input_file id="fl-21">
         <path>C:\ti\ccsv5\tools\compiler\c6000_7.4.4\lib\</path>
         <kind>archive</kind>
         <file>rts6740.lib</file>
         <name>printf.obj</name>
      </input_file>
      <input_file id="fl-22">
         <path>C:\ti\ccsv5\tools\compiler\c6000_7.4.4\lib\</path>
         <kind>archive</kind>
         <file>rts6740.lib</file>
         <name>remi.obj</name>
      </input_file>
      <input_file id="fl-23">
         <path>C:\ti\ccsv5\tools\compiler\c6000_7.4.4\lib\</path>
         <kind>archive</kind>
         <file>rts6740.lib</file>
         <name>remove.obj</name>
      </input_file>
      <input_file id="fl-24">
         <path>C:\ti\ccsv5\tools\compiler\c6000_7.4.4\lib\</path>
         <kind>archive</kind>
         <file>rts6740.lib</file>
         <name>round.obj</name>
      </input_file>
      <input_file id="fl-25">
         <path>C:\ti\ccsv5\tools\compiler\c6000_7.4.4\lib\</path>
         <kind>archive</kind>
         <file>rts6740.lib</file>
         <name>sin.obj</name>
      </input_file>
      <input_file id="fl-26">
         <path>C:\ti\ccsv5\tools\compiler\c6000_7.4.4\lib\</path>
         <kind>archive</kind>
         <file>rts6740.lib</file>
         <name>sqrt.obj</name>
      </input_file>
      <input_file id="fl-27">
         <path>C:\ti\ccsv5\tools\compiler\c6000_7.4.4\lib\</path>
         <kind>archive</kind>
         <file>rts6740.lib</file>
         <name>trgdrv.obj</name>
      </input_file>
      <input_file id="fl-28">
         <path>C:\ti\ccsv5\tools\compiler\c6000_7.4.4\lib\</path>
         <kind>archive</kind>
         <file>rts6740.lib</file>
         <name>trgmsg.obj</name>
      </input_file>
      <input_file id="fl-29">
         <path>C:\ti\ccsv5\tools\compiler\c6000_7.4.4\lib\</path>
         <kind>archive</kind>
         <file>rts6740.lib</file>
         <name>trunc.obj</name>
      </input_file>
      <input_file id="fl-2a">
         <path>C:\ti\ccsv5\tools\compiler\c6000_7.4.4\lib\</path>
         <kind>archive</kind>
         <file>rts6740.lib</file>
         <name>_bufread.obj</name>
      </input_file>
      <input_file id="fl-2b">
         <path>C:\ti\ccsv5\tools\compiler\c6000_7.4.4\lib\</path>
         <kind>archive</kind>
         <file>rts6740.lib</file>
         <name>_io_perm.obj</name>
      </input_file>
      <input_file id="fl-2c">
         <path>C:\ti\ccsv5\tools\compiler\c6000_7.4.4\lib\</path>
         <kind>archive</kind>
         <file>rts6740.lib</file>
         <name>_lock.obj</name>
      </input_file>
      <input_file id="fl-2d">
         <path>C:\ti\ccsv5\tools\compiler\c6000_7.4.4\lib\</path>
         <kind>archive</kind>
         <file>rts6740.lib</file>
         <name>_printfi.obj</name>
      </input_file>
      <input_file id="fl-2e">
         <path>C:\ti\ccsv5\tools\compiler\c6000_7.4.4\lib\</path>
         <kind>archive</kind>
         <file>rts6740.lib</file>
         <name>args_main.obj</name>
      </input_file>
      <input_file id="fl-2f">
         <path>C:\ti\ccsv5\tools\compiler\c6000_7.4.4\lib\</path>
         <kind>archive</kind>
         <file>rts6740.lib</file>
         <name>atoi.obj</name>
      </input_file>
      <input_file id="fl-30">
         <path>C:\ti\ccsv5\tools\compiler\c6000_7.4.4\lib\</path>
         <kind>archive</kind>
         <file>rts6740.lib</file>
         <name>autoinit.obj</name>
      </input_file>
      <input_file id="fl-31">
         <path>C:\ti\ccsv5\tools\compiler\c6000_7.4.4\lib\</path>
         <kind>archive</kind>
         <file>rts6740.lib</file>
         <name>cpp_init.obj</name>
      </input_file>
      <input_file id="fl-32">
         <path>C:\ti\ccsv5\tools\compiler\c6000_7.4.4\lib\</path>
         <kind>archive</kind>
         <file>rts6740.lib</file>
         <name>cpy_tbl.obj</name>
      </input_file>
      <input_file id="fl-33">
         <path>C:\ti\ccsv5\tools\compiler\c6000_7.4.4\lib\</path>
         <kind>archive</kind>
         <file>rts6740.lib</file>
         <name>ctype.obj</name>
      </input_file>
      <input_file id="fl-34">
         <path>C:\ti\ccsv5\tools\compiler\c6000_7.4.4\lib\</path>
         <kind>archive</kind>
         <file>rts6740.lib</file>
         <name>defs.obj</name>
      </input_file>
      <input_file id="fl-35">
         <path>C:\ti\ccsv5\tools\compiler\c6000_7.4.4\lib\</path>
         <kind>archive</kind>
         <file>rts6740.lib</file>
         <name>errno.obj</name>
      </input_file>
      <input_file id="fl-36">
         <path>C:\ti\ccsv5\tools\compiler\c6000_7.4.4\lib\</path>
         <kind>archive</kind>
         <file>rts6740.lib</file>
         <name>fixdli.obj</name>
      </input_file>
      <input_file id="fl-37">
         <path>C:\ti\ccsv5\tools\compiler\c6000_7.4.4\lib\</path>
         <kind>archive</kind>
         <file>rts6740.lib</file>
         <name>fltlid.obj</name>
      </input_file>
      <input_file id="fl-38">
         <path>C:\ti\ccsv5\tools\compiler\c6000_7.4.4\lib\</path>
         <kind>archive</kind>
         <file>rts6740.lib</file>
         <name>fputc.obj</name>
      </input_file>
      <input_file id="fl-39">
         <path>C:\ti\ccsv5\tools\compiler\c6000_7.4.4\lib\</path>
         <kind>archive</kind>
         <file>rts6740.lib</file>
         <name>fputs.obj</name>
      </input_file>
      <input_file id="fl-3a">
         <path>C:\ti\ccsv5\tools\compiler\c6000_7.4.4\lib\</path>
         <kind>archive</kind>
         <file>rts6740.lib</file>
         <name>fseek.obj</name>
      </input_file>
      <input_file id="fl-3b">
         <path>C:\ti\ccsv5\tools\compiler\c6000_7.4.4\lib\</path>
         <kind>archive</kind>
         <file>rts6740.lib</file>
         <name>imath40.obj</name>
      </input_file>
      <input_file id="fl-3c">
         <path>C:\ti\ccsv5\tools\compiler\c6000_7.4.4\lib\</path>
         <kind>archive</kind>
         <file>rts6740.lib</file>
         <name>imath64.obj</name>
      </input_file>
      <input_file id="fl-3d">
         <path>C:\ti\ccsv5\tools\compiler\c6000_7.4.4\lib\</path>
         <kind>archive</kind>
         <file>rts6740.lib</file>
         <name>isinf.obj</name>
      </input_file>
      <input_file id="fl-3e">
         <path>C:\ti\ccsv5\tools\compiler\c6000_7.4.4\lib\</path>
         <kind>archive</kind>
         <file>rts6740.lib</file>
         <name>ltoa.obj</name>
      </input_file>
      <input_file id="fl-3f">
         <path>C:\ti\ccsv5\tools\compiler\c6000_7.4.4\lib\</path>
         <kind>archive</kind>
         <file>rts6740.lib</file>
         <name>memccpy.obj</name>
      </input_file>
      <input_file id="fl-40">
         <path>C:\ti\ccsv5\tools\compiler\c6000_7.4.4\lib\</path>
         <kind>archive</kind>
         <file>rts6740.lib</file>
         <name>negll.obj</name>
      </input_file>
      <input_file id="fl-41">
         <path>C:\ti\ccsv5\tools\compiler\c6000_7.4.4\lib\</path>
         <kind>archive</kind>
         <file>rts6740.lib</file>
         <name>setvbuf.obj</name>
      </input_file>
      <input_file id="fl-42">
         <path>C:\ti\ccsv5\tools\compiler\c6000_7.4.4\lib\</path>
         <kind>archive</kind>
         <file>rts6740.lib</file>
         <name>abs.obj</name>
      </input_file>
   </input_file_list>
   <object_component_list>
      <object_component id="oc-fc">
         <name>.text</name>
         <load_address>0x11810000</load_address>
         <run_address>0x11810000</run_address>
         <size>0x10a0</size>
         <input_file_ref idref="fl-2"/>
      </object_component>
      <object_component id="oc-10e">
         <name>.text:__divd</name>
         <load_address>0x118110a0</load_address>
         <run_address>0x118110a0</run_address>
         <size>0x5a0</size>
         <input_file_ref idref="fl-10"/>
      </object_component>
      <object_component id="oc-142">
         <name>.text:__getarg_diouxp</name>
         <load_address>0x11811640</load_address>
         <run_address>0x11811640</run_address>
         <size>0x580</size>
         <input_file_ref idref="fl-2d"/>
      </object_component>
      <object_component id="oc-10a">
         <name>.text:_fwrite</name>
         <load_address>0x11811bc0</load_address>
         <run_address>0x11811bc0</run_address>
         <size>0x4c0</size>
         <input_file_ref idref="fl-19"/>
      </object_component>
      <object_component id="oc-116">
         <name>.text:__printfi</name>
         <load_address>0x11812080</load_address>
         <run_address>0x11812080</run_address>
         <size>0x440</size>
         <input_file_ref idref="fl-2d"/>
      </object_component>
      <object_component id="oc-12a">
         <name>.text:__setfield</name>
         <load_address>0x118124c0</load_address>
         <run_address>0x118124c0</run_address>
         <size>0x440</size>
         <input_file_ref idref="fl-2d"/>
      </object_component>
      <object_component id="oc-112">
         <name>.text:_fputs</name>
         <load_address>0x11812900</load_address>
         <run_address>0x11812900</run_address>
         <size>0x3a0</size>
         <input_file_ref idref="fl-39"/>
      </object_component>
      <object_component id="oc-135">
         <name>.text:__pproc_fge</name>
         <load_address>0x11812ca0</load_address>
         <run_address>0x11812ca0</run_address>
         <size>0x320</size>
         <input_file_ref idref="fl-2d"/>
      </object_component>
      <object_component id="oc-110">
         <name>.text:_cos</name>
         <load_address>0x11812fc0</load_address>
         <run_address>0x11812fc0</run_address>
         <size>0x2e0</size>
         <input_file_ref idref="fl-f"/>
      </object_component>
      <object_component id="oc-129">
         <name>.text:__pproc_fwp</name>
         <load_address>0x118132a0</load_address>
         <run_address>0x118132a0</run_address>
         <size>0x2c0</size>
         <input_file_ref idref="fl-2d"/>
      </object_component>
      <object_component id="oc-104">
         <name>.text:_fread</name>
         <load_address>0x11813560</load_address>
         <run_address>0x11813560</run_address>
         <size>0x2c0</size>
         <input_file_ref idref="fl-18"/>
      </object_component>
      <object_component id="oc-146">
         <name>.text:_ecvt</name>
         <load_address>0x11813820</load_address>
         <run_address>0x11813820</run_address>
         <size>0x2a0</size>
         <input_file_ref idref="fl-2d"/>
      </object_component>
      <object_component id="oc-149">
         <name>.text:_fcvt</name>
         <load_address>0x11813ac0</load_address>
         <run_address>0x11813ac0</run_address>
         <size>0x2a0</size>
         <input_file_ref idref="fl-2d"/>
      </object_component>
      <object_component id="oc-130">
         <name>.text:_free</name>
         <load_address>0x11813d60</load_address>
         <run_address>0x11813d60</run_address>
         <size>0x280</size>
         <input_file_ref idref="fl-1d"/>
      </object_component>
      <object_component id="oc-111">
         <name>.text:_sin</name>
         <load_address>0x11813fe0</load_address>
         <run_address>0x11813fe0</run_address>
         <size>0x280</size>
         <input_file_ref idref="fl-25"/>
      </object_component>
      <object_component id="oc-150">
         <name>.text:__divull</name>
         <load_address>0x11814260</load_address>
         <run_address>0x11814260</run_address>
         <size>0x260</size>
         <input_file_ref idref="fl-3c"/>
      </object_component>
      <object_component id="oc-141">
         <name>.text:__pconv_e</name>
         <load_address>0x118144c0</load_address>
         <run_address>0x118144c0</run_address>
         <size>0x260</size>
         <input_file_ref idref="fl-2d"/>
      </object_component>
      <object_component id="oc-136">
         <name>.text:__pproc_diouxp</name>
         <load_address>0x11814720</load_address>
         <run_address>0x11814720</run_address>
         <size>0x240</size>
         <input_file_ref idref="fl-2d"/>
      </object_component>
      <object_component id="oc-12b">
         <name>.text:__pproc_str</name>
         <load_address>0x11814960</load_address>
         <run_address>0x11814960</run_address>
         <size>0x220</size>
         <input_file_ref idref="fl-2d"/>
      </object_component>
      <object_component id="oc-114">
         <name>.text:_fputc</name>
         <load_address>0x11814b80</load_address>
         <run_address>0x11814b80</run_address>
         <size>0x220</size>
         <input_file_ref idref="fl-38"/>
      </object_component>
      <object_component id="oc-13f">
         <name>.text:__pconv_g</name>
         <load_address>0x11814da0</load_address>
         <run_address>0x11814da0</run_address>
         <size>0x200</size>
         <input_file_ref idref="fl-2d"/>
      </object_component>
      <object_component id="oc-12f">
         <name>.text:_setvbuf</name>
         <load_address>0x11814fa0</load_address>
         <run_address>0x11814fa0</run_address>
         <size>0x200</size>
         <input_file_ref idref="fl-41"/>
      </object_component>
      <object_component id="oc-148">
         <name>.text:__mcpy</name>
         <load_address>0x118151a0</load_address>
         <run_address>0x118151a0</run_address>
         <size>0x1c0</size>
         <input_file_ref idref="fl-2d"/>
      </object_component>
      <object_component id="oc-119">
         <name>.text:__openfile</name>
         <load_address>0x11815360</load_address>
         <run_address>0x11815360</run_address>
         <size>0x1c0</size>
         <input_file_ref idref="fl-16"/>
      </object_component>
      <object_component id="oc-14f">
         <name>.text:__divul</name>
         <load_address>0x11815520</load_address>
         <run_address>0x11815520</run_address>
         <size>0x1a0</size>
         <input_file_ref idref="fl-3b"/>
      </object_component>
      <object_component id="oc-f7">
         <name>.text:_HOSTrename</name>
         <load_address>0x118156c0</load_address>
         <run_address>0x118156c0</run_address>
         <size>0x180</size>
         <input_file_ref idref="fl-27"/>
      </object_component>
      <object_component id="oc-105">
         <name>.text:_malloc</name>
         <load_address>0x11815840</load_address>
         <run_address>0x11815840</run_address>
         <size>0x180</size>
         <input_file_ref idref="fl-1d"/>
      </object_component>
      <object_component id="oc-12e">
         <name>.text:_open</name>
         <load_address>0x118159c0</load_address>
         <run_address>0x118159c0</run_address>
         <size>0x180</size>
         <input_file_ref idref="fl-1b"/>
      </object_component>
      <object_component id="oc-128">
         <name>.text:__pproc_fflags</name>
         <load_address>0x11815b40</load_address>
         <run_address>0x11815b40</run_address>
         <size>0x140</size>
         <input_file_ref idref="fl-2d"/>
      </object_component>
      <object_component id="oc-139">
         <name>.text:_getdevice</name>
         <load_address>0x11815c80</load_address>
         <run_address>0x11815c80</run_address>
         <size>0x140</size>
         <input_file_ref idref="fl-1b"/>
      </object_component>
      <object_component id="oc-11b">
         <name>.text:__buff_read</name>
         <load_address>0x11815dc0</load_address>
         <run_address>0x11815dc0</run_address>
         <size>0x120</size>
         <input_file_ref idref="fl-2a"/>
      </object_component>
      <object_component id="oc-11f">
         <name>.text:__closefile</name>
         <load_address>0x11815ee0</load_address>
         <run_address>0x11815ee0</run_address>
         <size>0x120</size>
         <input_file_ref idref="fl-14"/>
      </object_component>
      <object_component id="oc-144">
         <name>.text:__ltostr</name>
         <load_address>0x11816000</load_address>
         <run_address>0x11816000</run_address>
         <size>0x120</size>
         <input_file_ref idref="fl-2d"/>
      </object_component>
      <object_component id="oc-118">
         <name>.text:__search_fp</name>
         <load_address>0x11816120</load_address>
         <run_address>0x11816120</run_address>
         <size>0x120</size>
         <input_file_ref idref="fl-16"/>
      </object_component>
      <object_component id="oc-133">
         <name>.text:_fseek</name>
         <load_address>0x11816240</load_address>
         <run_address>0x11816240</run_address>
         <size>0x120</size>
         <input_file_ref idref="fl-3a"/>
      </object_component>
      <object_component id="oc-100">
         <name>.text:_perror</name>
         <load_address>0x11816360</load_address>
         <run_address>0x11816360</run_address>
         <size>0x120</size>
         <input_file_ref idref="fl-20"/>
      </object_component>
      <object_component id="oc-f5">
         <name>.text:_HOSTlseek</name>
         <load_address>0x11816480</load_address>
         <run_address>0x11816480</run_address>
         <size>0x100</size>
         <input_file_ref idref="fl-27"/>
      </object_component>
      <object_component id="oc-120">
         <name>.text:__wrt_ok</name>
         <load_address>0x11816580</load_address>
         <run_address>0x11816580</run_address>
         <size>0x100</size>
         <input_file_ref idref="fl-2b"/>
      </object_component>
      <object_component id="oc-10d">
         <name>.text:_sqrt</name>
         <load_address>0x11816680</load_address>
         <run_address>0x11816680</run_address>
         <size>0x100</size>
         <input_file_ref idref="fl-26"/>
      </object_component>
      <object_component id="oc-f1">
         <name>.text:_HOSTopen</name>
         <load_address>0x11816780</load_address>
         <run_address>0x11816780</run_address>
         <size>0xe0</size>
         <input_file_ref idref="fl-27"/>
      </object_component>
      <object_component id="oc-10f">
         <name>.text:__divi</name>
         <load_address>0x11816860</load_address>
         <run_address>0x11816860</run_address>
         <size>0xe0</size>
         <input_file_ref idref="fl-11"/>
      </object_component>
      <object_component id="oc-134">
         <name>.text:_atoi</name>
         <load_address>0x11816940</load_address>
         <run_address>0x11816940</run_address>
         <size>0xe0</size>
         <input_file_ref idref="fl-2f"/>
      </object_component>
      <object_component id="oc-131">
         <name>.text:_close</name>
         <load_address>0x11816a20</load_address>
         <run_address>0x11816a20</run_address>
         <size>0xe0</size>
         <input_file_ref idref="fl-1b"/>
      </object_component>
      <object_component id="oc-12c">
         <name>.text:_memset</name>
         <load_address>0x11816b00</load_address>
         <run_address>0x11816b00</run_address>
         <size>0xe0</size>
         <input_file_ref idref="fl-1e"/>
      </object_component>
      <object_component id="oc-102">
         <name>.text:_printf</name>
         <load_address>0x11816be0</load_address>
         <run_address>0x11816be0</run_address>
         <size>0xe0</size>
         <input_file_ref idref="fl-21"/>
      </object_component>
      <object_component id="oc-f3">
         <name>.text:_HOSTread</name>
         <load_address>0x11816cc0</load_address>
         <run_address>0x11816cc0</run_address>
         <size>0xc0</size>
         <input_file_ref idref="fl-27"/>
      </object_component>
      <object_component id="oc-f6">
         <name>.text:_HOSTunlink</name>
         <load_address>0x11816d80</load_address>
         <run_address>0x11816d80</run_address>
         <size>0xc0</size>
         <input_file_ref idref="fl-27"/>
      </object_component>
      <object_component id="oc-f4">
         <name>.text:_HOSTwrite</name>
         <load_address>0x11816e40</load_address>
         <run_address>0x11816e40</run_address>
         <size>0xc0</size>
         <input_file_ref idref="fl-27"/>
      </object_component>
      <object_component id="oc-ee">
         <name>.text:__auto_init</name>
         <load_address>0x11816f00</load_address>
         <run_address>0x11816f00</run_address>
         <size>0xc0</size>
         <input_file_ref idref="fl-30"/>
      </object_component>
      <object_component id="oc-14b">
         <name>.text:__div</name>
         <load_address>0x11816fc0</load_address>
         <run_address>0x11816fc0</run_address>
         <size>0xc0</size>
         <input_file_ref idref="fl-2d"/>
      </object_component>
      <object_component id="oc-101">
         <name>.text:__divu</name>
         <load_address>0x11817080</load_address>
         <run_address>0x11817080</run_address>
         <size>0xc0</size>
         <input_file_ref idref="fl-12"/>
      </object_component>
      <object_component id="oc-121">
         <name>.text:__doflush</name>
         <load_address>0x11817140</load_address>
         <run_address>0x11817140</run_address>
         <size>0xc0</size>
         <input_file_ref idref="fl-15"/>
      </object_component>
      <object_component id="oc-11a">
         <name>.text:__rd_ok</name>
         <load_address>0x11817200</load_address>
         <run_address>0x11817200</run_address>
         <size>0xc0</size>
         <input_file_ref idref="fl-2b"/>
      </object_component>
      <object_component id="oc-106">
         <name>.text:__remi</name>
         <load_address>0x118172c0</load_address>
         <run_address>0x118172c0</run_address>
         <size>0xc0</size>
         <input_file_ref idref="fl-22"/>
      </object_component>
      <object_component id="oc-f0">
         <name>.text:_exit</name>
         <load_address>0x11817380</load_address>
         <run_address>0x11817380</run_address>
         <size>0xc0</size>
         <input_file_ref idref="fl-13"/>
      </object_component>
      <object_component id="oc-14d">
         <name>.text:_ltoa</name>
         <load_address>0x11817440</load_address>
         <run_address>0x11817440</run_address>
         <size>0xc0</size>
         <input_file_ref idref="fl-3e"/>
      </object_component>
      <object_component id="oc-f2">
         <name>.text:_HOSTclose</name>
         <load_address>0x11817500</load_address>
         <run_address>0x11817500</run_address>
         <size>0xa0</size>
         <input_file_ref idref="fl-27"/>
      </object_component>
      <object_component id="oc-12d">
         <name>.text:__cleanup</name>
         <load_address>0x118175a0</load_address>
         <run_address>0x118175a0</run_address>
         <size>0xa0</size>
         <input_file_ref idref="fl-16"/>
      </object_component>
      <object_component id="oc-152">
         <name>.text:__divli</name>
         <load_address>0x11817640</load_address>
         <run_address>0x11817640</run_address>
         <size>0xa0</size>
         <input_file_ref idref="fl-3b"/>
      </object_component>
      <object_component id="oc-147">
         <name>.text:__ecpy</name>
         <load_address>0x118176e0</load_address>
         <run_address>0x118176e0</run_address>
         <size>0xa0</size>
         <input_file_ref idref="fl-2d"/>
      </object_component>
      <object_component id="oc-14a">
         <name>.text:__fcpy</name>
         <load_address>0x11817780</load_address>
         <run_address>0x11817780</run_address>
         <size>0xa0</size>
         <input_file_ref idref="fl-2d"/>
      </object_component>
      <object_component id="oc-14c">
         <name>.text:__fixdli</name>
         <load_address>0x11817820</load_address>
         <run_address>0x11817820</run_address>
         <size>0xa0</size>
         <input_file_ref idref="fl-36"/>
      </object_component>
      <object_component id="oc-126">
         <name>.text:__nround</name>
         <load_address>0x118178c0</load_address>
         <run_address>0x118178c0</run_address>
         <size>0xa0</size>
         <input_file_ref idref="fl-24"/>
      </object_component>
      <object_component id="oc-140">
         <name>.text:__pconv_f</name>
         <load_address>0x11817960</load_address>
         <run_address>0x11817960</run_address>
         <size>0xa0</size>
         <input_file_ref idref="fl-2d"/>
      </object_component>
      <object_component id="oc-f9">
         <name>.text:_copy_in</name>
         <load_address>0x11817a00</load_address>
         <run_address>0x11817a00</run_address>
         <size>0xa0</size>
         <input_file_ref idref="fl-32"/>
      </object_component>
      <object_component id="oc-145">
         <name>.text:_finddevice</name>
         <load_address>0x11817aa0</load_address>
         <run_address>0x11817aa0</run_address>
         <size>0xa0</size>
         <input_file_ref idref="fl-1b"/>
      </object_component>
      <object_component id="oc-13b">
         <name>.text:_lseek</name>
         <load_address>0x11817b40</load_address>
         <run_address>0x11817b40</run_address>
         <size>0xa0</size>
         <input_file_ref idref="fl-1b"/>
      </object_component>
      <object_component id="oc-fa">
         <name>.text:_memcpy</name>
         <load_address>0x11817be0</load_address>
         <run_address>0x11817be0</run_address>
         <size>0xa0</size>
         <input_file_ref idref="fl-1c"/>
      </object_component>
      <object_component id="oc-11e">
         <name>.text:_minsert</name>
         <load_address>0x11817c80</load_address>
         <run_address>0x11817c80</run_address>
         <size>0xa0</size>
         <input_file_ref idref="fl-1d"/>
      </object_component>
      <object_component id="oc-127">
         <name>.text:_modf</name>
         <load_address>0x11817d20</load_address>
         <run_address>0x11817d20</run_address>
         <size>0xa0</size>
         <input_file_ref idref="fl-1f"/>
      </object_component>
      <object_component id="oc-11d">
         <name>.text:_mremove</name>
         <load_address>0x11817dc0</load_address>
         <run_address>0x11817dc0</run_address>
         <size>0xa0</size>
         <input_file_ref idref="fl-1d"/>
      </object_component>
      <object_component id="oc-11c">
         <name>.text:_read</name>
         <load_address>0x11817e60</load_address>
         <run_address>0x11817e60</run_address>
         <size>0xa0</size>
         <input_file_ref idref="fl-1b"/>
      </object_component>
      <object_component id="oc-122">
         <name>.text:_write</name>
         <load_address>0x11817f00</load_address>
         <run_address>0x11817f00</run_address>
         <size>0xa0</size>
         <input_file_ref idref="fl-1b"/>
      </object_component>
      <object_component id="oc-14e">
         <name>.text:__fltlid</name>
         <load_address>0x11817fa0</load_address>
         <run_address>0x11817fa0</run_address>
         <size>0x80</size>
         <input_file_ref idref="fl-37"/>
      </object_component>
      <object_component id="oc-153">
         <name>.text:__llshl</name>
         <load_address>0x11818020</load_address>
         <run_address>0x11818020</run_address>
         <size>0x80</size>
         <input_file_ref idref="fl-1a"/>
      </object_component>
      <object_component id="oc-e">
         <name>.text:_c_int00</name>
         <load_address>0x118180a0</load_address>
         <run_address>0x118180a0</run_address>
         <size>0x80</size>
         <input_file_ref idref="fl-e"/>
      </object_component>
      <object_component id="oc-ff">
         <name>.text:_readmsg</name>
         <load_address>0x11818120</load_address>
         <run_address>0x11818120</run_address>
         <size>0x80</size>
         <input_file_ref idref="fl-28"/>
      </object_component>
      <object_component id="oc-13a">
         <name>.text:_unlink</name>
         <load_address>0x118181a0</load_address>
         <run_address>0x118181a0</run_address>
         <size>0x80</size>
         <input_file_ref idref="fl-1b"/>
      </object_component>
      <object_component id="oc-fb">
         <name>.text:___TI_cpp_init</name>
         <load_address>0x11818220</load_address>
         <run_address>0x11818220</run_address>
         <size>0x60</size>
         <input_file_ref idref="fl-31"/>
      </object_component>
      <object_component id="oc-154">
         <name>.text:__subcull</name>
         <load_address>0x11818280</load_address>
         <run_address>0x11818280</run_address>
         <size>0x60</size>
         <input_file_ref idref="fl-3c"/>
      </object_component>
      <object_component id="oc-107">
         <name>.text:_fclose</name>
         <load_address>0x118182e0</load_address>
         <run_address>0x118182e0</run_address>
         <size>0x60</size>
         <input_file_ref idref="fl-14"/>
      </object_component>
      <object_component id="oc-103">
         <name>.text:_fopen</name>
         <load_address>0x11818340</load_address>
         <run_address>0x11818340</run_address>
         <size>0x60</size>
         <input_file_ref idref="fl-16"/>
      </object_component>
      <object_component id="oc-137">
         <name>.text:_memccpy</name>
         <load_address>0x118183a0</load_address>
         <run_address>0x118183a0</run_address>
         <size>0x60</size>
         <input_file_ref idref="fl-3f"/>
      </object_component>
      <object_component id="oc-138">
         <name>.text:_tabinit</name>
         <load_address>0x11818400</load_address>
         <run_address>0x11818400</run_address>
         <size>0x60</size>
         <input_file_ref idref="fl-1b"/>
      </object_component>
      <object_component id="oc-fe">
         <name>.text:_writemsg</name>
         <load_address>0x11818460</load_address>
         <run_address>0x11818460</run_address>
         <size>0x60</size>
         <input_file_ref idref="fl-28"/>
      </object_component>
      <object_component id="oc-13e">
         <name>.text:___isinf</name>
         <load_address>0x118184c0</load_address>
         <run_address>0x118184c0</run_address>
         <size>0x40</size>
         <input_file_ref idref="fl-3d"/>
      </object_component>
      <object_component id="oc-13d">
         <name>.text:___isnan</name>
         <load_address>0x11818500</load_address>
         <run_address>0x11818500</run_address>
         <size>0x40</size>
         <input_file_ref idref="fl-2d"/>
      </object_component>
      <object_component id="oc-ef">
         <name>.text:__args_main</name>
         <load_address>0x11818540</load_address>
         <run_address>0x11818540</run_address>
         <size>0x40</size>
         <input_file_ref idref="fl-2e"/>
      </object_component>
      <object_component id="oc-124">
         <name>.text:__frcmpyd_div</name>
         <load_address>0x11818580</load_address>
         <run_address>0x11818580</run_address>
         <size>0x40</size>
         <input_file_ref idref="fl-17"/>
      </object_component>
      <object_component id="oc-123">
         <name>.text:__llshru</name>
         <load_address>0x118185c0</load_address>
         <run_address>0x118185c0</run_address>
         <size>0x40</size>
         <input_file_ref idref="fl-1a"/>
      </object_component>
      <object_component id="oc-151">
         <name>.text:__remli</name>
         <load_address>0x11818600</load_address>
         <run_address>0x11818600</run_address>
         <size>0x40</size>
         <input_file_ref idref="fl-3b"/>
      </object_component>
      <object_component id="oc-143">
         <name>.text:__negll</name>
         <load_address>0x11818640</load_address>
         <run_address>0x11818640</run_address>
         <size>0x20</size>
         <input_file_ref idref="fl-40"/>
      </object_component>
      <object_component id="oc-f8">
         <name>.text:__nop</name>
         <load_address>0x11818660</load_address>
         <run_address>0x11818660</run_address>
         <size>0x20</size>
         <input_file_ref idref="fl-2c"/>
      </object_component>
      <object_component id="oc-117">
         <name>.text:__outc</name>
         <load_address>0x11818680</load_address>
         <run_address>0x11818680</run_address>
         <size>0x20</size>
         <input_file_ref idref="fl-21"/>
      </object_component>
      <object_component id="oc-115">
         <name>.text:__outs</name>
         <load_address>0x118186a0</load_address>
         <run_address>0x118186a0</run_address>
         <size>0x20</size>
         <input_file_ref idref="fl-21"/>
      </object_component>
      <object_component id="oc-125">
         <name>.text:__trunc</name>
         <load_address>0x118186c0</load_address>
         <run_address>0x118186c0</run_address>
         <size>0x20</size>
         <input_file_ref idref="fl-29"/>
      </object_component>
      <object_component id="oc-fd">
         <name>.text:_abort</name>
         <load_address>0x118186e0</load_address>
         <run_address>0x118186e0</run_address>
         <size>0x20</size>
         <input_file_ref idref="fl-13"/>
      </object_component>
      <object_component id="oc-132">
         <name>.text:_remove</name>
         <load_address>0x11818700</load_address>
         <run_address>0x11818700</run_address>
         <size>0x20</size>
         <input_file_ref idref="fl-23"/>
      </object_component>
      <object_component id="oc-14">
         <name>.const:.string</name>
         <load_address>0x118195e0</load_address>
         <run_address>0x118195e0</run_address>
         <size>0x2b0</size>
         <input_file_ref idref="fl-2"/>
      </object_component>
      <object_component id="oc-13c">
         <name>.const:.string:__ctypes_</name>
         <load_address>0x11819890</load_address>
         <run_address>0x11819890</run_address>
         <size>0x101</size>
         <input_file_ref idref="fl-33"/>
      </object_component>
      <object_component id="oc-7c">
         <name>.const:.string</name>
         <load_address>0x11819991</load_address>
         <run_address>0x11819991</run_address>
         <size>0x64</size>
         <input_file_ref idref="fl-20"/>
      </object_component>
      <object_component id="oc-d0">
         <name>.const:.string</name>
         <load_address>0x118199f5</load_address>
         <run_address>0x118199f5</run_address>
         <size>0x2</size>
         <input_file_ref idref="fl-39"/>
      </object_component>
      <object_component id="oc-2c">
         <name>.const:.string</name>
         <load_address>0x118199f8</load_address>
         <run_address>0x118199f8</run_address>
         <size>0x40</size>
         <input_file_ref idref="fl-b"/>
      </object_component>
      <object_component id="oc-109">
         <name>.const:.string:_$P$T1$2</name>
         <load_address>0x11819a38</load_address>
         <run_address>0x11819a38</run_address>
         <size>0x28</size>
         <input_file_ref idref="fl-2"/>
      </object_component>
      <object_component id="oc-10b">
         <name>.const:_$P$T2$3</name>
         <load_address>0x11819a60</load_address>
         <run_address>0x11819a60</run_address>
         <size>0x24</size>
         <input_file_ref idref="fl-2"/>
      </object_component>
      <object_component id="oc-10c">
         <name>.const:_$P$T3$4</name>
         <load_address>0x11819a88</load_address>
         <run_address>0x11819a88</run_address>
         <size>0x24</size>
         <input_file_ref idref="fl-2"/>
      </object_component>
      <object_component id="oc-aa">
         <name>.const:.string</name>
         <load_address>0x11819aac</load_address>
         <run_address>0x11819aac</run_address>
         <size>0x23</size>
         <input_file_ref idref="fl-2d"/>
      </object_component>
      <object_component id="oc-108">
         <name>.const:.string:_$P$T0$1</name>
         <load_address>0x11819ad0</load_address>
         <run_address>0x11819ad0</run_address>
         <size>0xe</size>
         <input_file_ref idref="fl-2"/>
      </object_component>
      <object_component id="oc-f">
         <name>.bss</name>
         <uninitialized>true</uninitialized>
         <run_address>0x11819e74</run_address>
         <size>0x18</size>
         <input_file_ref idref="fl-2"/>
      </object_component>
      <object_component id="oc-18">
         <name>.bss</name>
         <uninitialized>true</uninitialized>
         <run_address>0x11819e58</run_address>
         <size>0x1c</size>
         <input_file_ref idref="fl-3"/>
      </object_component>
      <object_component id="oc-34">
         <name>.bss</name>
         <uninitialized>true</uninitialized>
         <run_address>0x11819e8c</run_address>
         <size>0x4</size>
         <input_file_ref idref="fl-d"/>
      </object_component>
      <object_component id="oc-12">
         <name>.far</name>
         <uninitialized>true</uninitialized>
         <run_address>0x11819248</run_address>
         <size>0x1c6</size>
         <input_file_ref idref="fl-2"/>
      </object_component>
      <object_component id="oc-1b">
         <name>.far</name>
         <uninitialized>true</uninitialized>
         <run_address>0x118195bc</run_address>
         <size>0x8</size>
         <input_file_ref idref="fl-3"/>
      </object_component>
      <object_component id="oc-3f">
         <name>.far</name>
         <uninitialized>true</uninitialized>
         <run_address>0x11819530</run_address>
         <size>0x40</size>
         <input_file_ref idref="fl-f"/>
      </object_component>
      <object_component id="oc-4d">
         <name>.far</name>
         <uninitialized>true</uninitialized>
         <run_address>0x118195b0</run_address>
         <size>0xc</size>
         <input_file_ref idref="fl-13"/>
      </object_component>
      <object_component id="oc-58">
         <name>.far</name>
         <uninitialized>true</uninitialized>
         <run_address>0x1181952c</run_address>
         <size>0x4</size>
         <input_file_ref idref="fl-16"/>
      </object_component>
      <object_component id="oc-69">
         <name>.far</name>
         <uninitialized>true</uninitialized>
         <run_address>0x11819410</run_address>
         <size>0x11c</size>
         <input_file_ref idref="fl-1b"/>
      </object_component>
      <object_component id="oc-71">
         <name>.far</name>
         <uninitialized>true</uninitialized>
         <run_address>0x118195cc</run_address>
         <size>0x8</size>
         <input_file_ref idref="fl-1d"/>
      </object_component>
      <object_component id="oc-8d">
         <name>.far</name>
         <uninitialized>true</uninitialized>
         <run_address>0x11819570</run_address>
         <size>0x40</size>
         <input_file_ref idref="fl-25"/>
      </object_component>
      <object_component id="oc-94">
         <name>.far</name>
         <uninitialized>true</uninitialized>
         <run_address>0x118195d8</run_address>
         <size>0x8</size>
         <input_file_ref idref="fl-27"/>
      </object_component>
      <object_component id="oc-a6">
         <name>.far</name>
         <uninitialized>true</uninitialized>
         <run_address>0x118195c4</run_address>
         <size>0x8</size>
         <input_file_ref idref="fl-2c"/>
      </object_component>
      <object_component id="oc-c0">
         <name>.far</name>
         <uninitialized>true</uninitialized>
         <run_address>0x11818f20</run_address>
         <size>0x324</size>
         <input_file_ref idref="fl-34"/>
      </object_component>
      <object_component id="oc-c4">
         <name>.far</name>
         <uninitialized>true</uninitialized>
         <run_address>0x11819244</run_address>
         <size>0x4</size>
         <input_file_ref idref="fl-35"/>
      </object_component>
      <object_component id="oc-113">
         <name>.switch:_perror</name>
         <load_address>0x11819e90</load_address>
         <run_address>0x11819e90</run_address>
         <size>0x18</size>
         <input_file_ref idref="fl-20"/>
      </object_component>
      <object_component id="oc-3a">
         <name>.stack</name>
         <uninitialized>true</uninitialized>
         <run_address>0x11818720</run_address>
         <size>0x8</size>
         <input_file_ref idref="fl-e"/>
      </object_component>
      <object_component id="oc-16a">
         <name>.stack</name>
         <uninitialized>true</uninitialized>
         <run_address>0x11818720</run_address>
         <size>0x0</size>
      </object_component>
      <object_component id="oc-bf">
         <name>.cinit</name>
         <load_address>0x11819ae0</load_address>
         <run_address>0x11819ae0</run_address>
         <size>0x5c</size>
         <input_file_ref idref="fl-34"/>
      </object_component>
      <object_component id="oc-68">
         <name>.cinit</name>
         <load_address>0x11819b40</load_address>
         <run_address>0x11819b40</run_address>
         <size>0x5c</size>
         <input_file_ref idref="fl-1b"/>
      </object_component>
      <object_component id="oc-3e">
         <name>.cinit</name>
         <load_address>0x11819ba0</load_address>
         <run_address>0x11819ba0</run_address>
         <size>0x48</size>
         <input_file_ref idref="fl-f"/>
      </object_component>
      <object_component id="oc-8c">
         <name>.cinit</name>
         <load_address>0x11819be8</load_address>
         <run_address>0x11819be8</run_address>
         <size>0x48</size>
         <input_file_ref idref="fl-25"/>
      </object_component>
      <object_component id="oc-1a">
         <name>.cinit</name>
         <load_address>0x11819c30</load_address>
         <run_address>0x11819c30</run_address>
         <size>0x2c</size>
         <input_file_ref idref="fl-3"/>
      </object_component>
      <object_component id="oc-11">
         <name>.cinit</name>
         <load_address>0x11819c60</load_address>
         <run_address>0x11819c60</run_address>
         <size>0x2c</size>
         <input_file_ref idref="fl-2"/>
      </object_component>
      <object_component id="oc-4c">
         <name>.cinit</name>
         <load_address>0x11819c90</load_address>
         <run_address>0x11819c90</run_address>
         <size>0x2c</size>
         <input_file_ref idref="fl-13"/>
      </object_component>
      <object_component id="oc-70">
         <name>.cinit</name>
         <load_address>0x11819cc0</load_address>
         <run_address>0x11819cc0</run_address>
         <size>0x2c</size>
         <input_file_ref idref="fl-1d"/>
      </object_component>
      <object_component id="oc-a5">
         <name>.cinit</name>
         <load_address>0x11819cf0</load_address>
         <run_address>0x11819cf0</run_address>
         <size>0x1c</size>
         <input_file_ref idref="fl-2c"/>
      </object_component>
      <object_component id="oc-c3">
         <name>.cinit</name>
         <load_address>0x11819d10</load_address>
         <run_address>0x11819d10</run_address>
         <size>0xc</size>
         <input_file_ref idref="fl-35"/>
      </object_component>
      <object_component id="oc-57">
         <name>.cinit</name>
         <load_address>0x11819d20</load_address>
         <run_address>0x11819d20</run_address>
         <size>0xc</size>
         <input_file_ref idref="fl-16"/>
      </object_component>
      <object_component id="oc-72">
         <name>.sysmem</name>
         <uninitialized>true</uninitialized>
         <run_address>0x11800000</run_address>
         <size>0x8</size>
         <input_file_ref idref="fl-1d"/>
      </object_component>
      <object_component id="oc-16b">
         <name>.sysmem</name>
         <uninitialized>true</uninitialized>
         <run_address>0x11800000</run_address>
         <size>0x0</size>
      </object_component>
      <object_component id="oc-98">
         <name>.cio</name>
         <uninitialized>true</uninitialized>
         <run_address>0x11819d38</run_address>
         <size>0x120</size>
         <input_file_ref idref="fl-28"/>
      </object_component>
      <object_component id="oc-13">
         <name>.EXT_RAM</name>
         <uninitialized>true</uninitialized>
         <run_address>0xc0000000</run_address>
         <size>0xe00000</size>
         <input_file_ref idref="fl-2"/>
      </object_component>
      <object_component id="oc-10">
         <name>.debug_info</name>
         <load_address>0x0</load_address>
         <run_address>0x0</run_address>
         <size>0x1bd0</size>
         <input_file_ref idref="fl-2"/>
      </object_component>
      <object_component id="oc-19">
         <name>.debug_info</name>
         <load_address>0x1bd0</load_address>
         <run_address>0x1bd0</run_address>
         <size>0x191d</size>
         <input_file_ref idref="fl-3"/>
      </object_component>
      <object_component id="oc-1f">
         <name>.debug_info</name>
         <load_address>0x34ed</load_address>
         <run_address>0x34ed</run_address>
         <size>0x886</size>
         <input_file_ref idref="fl-8"/>
      </object_component>
      <object_component id="oc-23">
         <name>.debug_info</name>
         <load_address>0x3d73</load_address>
         <run_address>0x3d73</run_address>
         <size>0x7c9</size>
         <input_file_ref idref="fl-9"/>
      </object_component>
      <object_component id="oc-27">
         <name>.debug_info</name>
         <load_address>0x453c</load_address>
         <run_address>0x453c</run_address>
         <size>0x8d5</size>
         <input_file_ref idref="fl-a"/>
      </object_component>
      <object_component id="oc-2b">
         <name>.debug_info</name>
         <load_address>0x4e11</load_address>
         <run_address>0x4e11</run_address>
         <size>0x1158</size>
         <input_file_ref idref="fl-b"/>
      </object_component>
      <object_component id="oc-30">
         <name>.debug_info</name>
         <load_address>0x5f69</load_address>
         <run_address>0x5f69</run_address>
         <size>0x8e6</size>
         <input_file_ref idref="fl-c"/>
      </object_component>
      <object_component id="oc-35">
         <name>.debug_info</name>
         <load_address>0x684f</load_address>
         <run_address>0x684f</run_address>
         <size>0xc7c</size>
         <input_file_ref idref="fl-d"/>
      </object_component>
      <object_component id="oc-39">
         <name>.debug_info</name>
         <load_address>0x74cb</load_address>
         <run_address>0x74cb</run_address>
         <size>0x6f2</size>
         <input_file_ref idref="fl-e"/>
      </object_component>
      <object_component id="oc-3d">
         <name>.debug_info</name>
         <load_address>0x7bbd</load_address>
         <run_address>0x7bbd</run_address>
         <size>0x6e4</size>
         <input_file_ref idref="fl-f"/>
      </object_component>
      <object_component id="oc-42">
         <name>.debug_info</name>
         <load_address>0x82a1</load_address>
         <run_address>0x82a1</run_address>
         <size>0x96a</size>
         <input_file_ref idref="fl-10"/>
      </object_component>
      <object_component id="oc-45">
         <name>.debug_info</name>
         <load_address>0x8c0b</load_address>
         <run_address>0x8c0b</run_address>
         <size>0xbd</size>
         <input_file_ref idref="fl-11"/>
      </object_component>
      <object_component id="oc-48">
         <name>.debug_info</name>
         <load_address>0x8cc8</load_address>
         <run_address>0x8cc8</run_address>
         <size>0xbd</size>
         <input_file_ref idref="fl-12"/>
      </object_component>
      <object_component id="oc-4b">
         <name>.debug_info</name>
         <load_address>0x8d85</load_address>
         <run_address>0x8d85</run_address>
         <size>0x7bf</size>
         <input_file_ref idref="fl-13"/>
      </object_component>
      <object_component id="oc-50">
         <name>.debug_info</name>
         <load_address>0x9544</load_address>
         <run_address>0x9544</run_address>
         <size>0x867</size>
         <input_file_ref idref="fl-14"/>
      </object_component>
      <object_component id="oc-53">
         <name>.debug_info</name>
         <load_address>0x9dab</load_address>
         <run_address>0x9dab</run_address>
         <size>0x768</size>
         <input_file_ref idref="fl-15"/>
      </object_component>
      <object_component id="oc-56">
         <name>.debug_info</name>
         <load_address>0xa513</load_address>
         <run_address>0xa513</run_address>
         <size>0xa92</size>
         <input_file_ref idref="fl-16"/>
      </object_component>
      <object_component id="oc-5b">
         <name>.debug_info</name>
         <load_address>0xafa5</load_address>
         <run_address>0xafa5</run_address>
         <size>0x653</size>
         <input_file_ref idref="fl-17"/>
      </object_component>
      <object_component id="oc-5e">
         <name>.debug_info</name>
         <load_address>0xb5f8</load_address>
         <run_address>0xb5f8</run_address>
         <size>0x92e</size>
         <input_file_ref idref="fl-18"/>
      </object_component>
      <object_component id="oc-61">
         <name>.debug_info</name>
         <load_address>0xbf26</load_address>
         <run_address>0xbf26</run_address>
         <size>0xabe</size>
         <input_file_ref idref="fl-19"/>
      </object_component>
      <object_component id="oc-64">
         <name>.debug_info</name>
         <load_address>0xc9e4</load_address>
         <run_address>0xc9e4</run_address>
         <size>0x6e8</size>
         <input_file_ref idref="fl-1a"/>
      </object_component>
      <object_component id="oc-67">
         <name>.debug_info</name>
         <load_address>0xd0cc</load_address>
         <run_address>0xd0cc</run_address>
         <size>0x10c4</size>
         <input_file_ref idref="fl-1b"/>
      </object_component>
      <object_component id="oc-6c">
         <name>.debug_info</name>
         <load_address>0xe190</load_address>
         <run_address>0xe190</run_address>
         <size>0xcc</size>
         <input_file_ref idref="fl-1c"/>
      </object_component>
      <object_component id="oc-6f">
         <name>.debug_info</name>
         <load_address>0xe25c</load_address>
         <run_address>0xe25c</run_address>
         <size>0xabf</size>
         <input_file_ref idref="fl-1d"/>
      </object_component>
      <object_component id="oc-75">
         <name>.debug_info</name>
         <load_address>0xed1b</load_address>
         <run_address>0xed1b</run_address>
         <size>0x79d</size>
         <input_file_ref idref="fl-1e"/>
      </object_component>
      <object_component id="oc-78">
         <name>.debug_info</name>
         <load_address>0xf4b8</load_address>
         <run_address>0xf4b8</run_address>
         <size>0x667</size>
         <input_file_ref idref="fl-1f"/>
      </object_component>
      <object_component id="oc-7b">
         <name>.debug_info</name>
         <load_address>0xfb1f</load_address>
         <run_address>0xfb1f</run_address>
         <size>0x774</size>
         <input_file_ref idref="fl-20"/>
      </object_component>
      <object_component id="oc-7f">
         <name>.debug_info</name>
         <load_address>0x10293</load_address>
         <run_address>0x10293</run_address>
         <size>0x8e9</size>
         <input_file_ref idref="fl-21"/>
      </object_component>
      <object_component id="oc-82">
         <name>.debug_info</name>
         <load_address>0x10b7c</load_address>
         <run_address>0x10b7c</run_address>
         <size>0xbd</size>
         <input_file_ref idref="fl-22"/>
      </object_component>
      <object_component id="oc-85">
         <name>.debug_info</name>
         <load_address>0x10c39</load_address>
         <run_address>0x10c39</run_address>
         <size>0x64b</size>
         <input_file_ref idref="fl-23"/>
      </object_component>
      <object_component id="oc-88">
         <name>.debug_info</name>
         <load_address>0x11284</load_address>
         <run_address>0x11284</run_address>
         <size>0x63a</size>
         <input_file_ref idref="fl-24"/>
      </object_component>
      <object_component id="oc-8b">
         <name>.debug_info</name>
         <load_address>0x118be</load_address>
         <run_address>0x118be</run_address>
         <size>0x6e4</size>
         <input_file_ref idref="fl-25"/>
      </object_component>
      <object_component id="oc-90">
         <name>.debug_info</name>
         <load_address>0x11fa2</load_address>
         <run_address>0x11fa2</run_address>
         <size>0x85c</size>
         <input_file_ref idref="fl-26"/>
      </object_component>
      <object_component id="oc-93">
         <name>.debug_info</name>
         <load_address>0x127fe</load_address>
         <run_address>0x127fe</run_address>
         <size>0xdc3</size>
         <input_file_ref idref="fl-27"/>
      </object_component>
      <object_component id="oc-97">
         <name>.debug_info</name>
         <load_address>0x135c1</load_address>
         <run_address>0x135c1</run_address>
         <size>0x850</size>
         <input_file_ref idref="fl-28"/>
      </object_component>
      <object_component id="oc-9b">
         <name>.debug_info</name>
         <load_address>0x13e11</load_address>
         <run_address>0x13e11</run_address>
         <size>0x638</size>
         <input_file_ref idref="fl-29"/>
      </object_component>
      <object_component id="oc-9e">
         <name>.debug_info</name>
         <load_address>0x14449</load_address>
         <run_address>0x14449</run_address>
         <size>0x7cd</size>
         <input_file_ref idref="fl-2a"/>
      </object_component>
      <object_component id="oc-a1">
         <name>.debug_info</name>
         <load_address>0x14c16</load_address>
         <run_address>0x14c16</run_address>
         <size>0x7b4</size>
         <input_file_ref idref="fl-2b"/>
      </object_component>
      <object_component id="oc-a4">
         <name>.debug_info</name>
         <load_address>0x153ca</load_address>
         <run_address>0x153ca</run_address>
         <size>0x633</size>
         <input_file_ref idref="fl-2c"/>
      </object_component>
      <object_component id="oc-a9">
         <name>.debug_info</name>
         <load_address>0x159fd</load_address>
         <run_address>0x159fd</run_address>
         <size>0x2674</size>
         <input_file_ref idref="fl-2d"/>
      </object_component>
      <object_component id="oc-ad">
         <name>.debug_info</name>
         <load_address>0x18071</load_address>
         <run_address>0x18071</run_address>
         <size>0x6c8</size>
         <input_file_ref idref="fl-2e"/>
      </object_component>
      <object_component id="oc-b0">
         <name>.debug_info</name>
         <load_address>0x18739</load_address>
         <run_address>0x18739</run_address>
         <size>0x6d5</size>
         <input_file_ref idref="fl-2f"/>
      </object_component>
      <object_component id="oc-b3">
         <name>.debug_info</name>
         <load_address>0x18e0e</load_address>
         <run_address>0x18e0e</run_address>
         <size>0x83e</size>
         <input_file_ref idref="fl-30"/>
      </object_component>
      <object_component id="oc-b6">
         <name>.debug_info</name>
         <load_address>0x1964c</load_address>
         <run_address>0x1964c</run_address>
         <size>0x6b6</size>
         <input_file_ref idref="fl-31"/>
      </object_component>
      <object_component id="oc-b9">
         <name>.debug_info</name>
         <load_address>0x19d02</load_address>
         <run_address>0x19d02</run_address>
         <size>0x7ac</size>
         <input_file_ref idref="fl-32"/>
      </object_component>
      <object_component id="oc-bc">
         <name>.debug_info</name>
         <load_address>0x1a4ae</load_address>
         <run_address>0x1a4ae</run_address>
         <size>0x5e1</size>
         <input_file_ref idref="fl-33"/>
      </object_component>
      <object_component id="oc-be">
         <name>.debug_info</name>
         <load_address>0x1aa8f</load_address>
         <run_address>0x1aa8f</run_address>
         <size>0x6ce</size>
         <input_file_ref idref="fl-34"/>
      </object_component>
      <object_component id="oc-c2">
         <name>.debug_info</name>
         <load_address>0x1b15d</load_address>
         <run_address>0x1b15d</run_address>
         <size>0x5c9</size>
         <input_file_ref idref="fl-35"/>
      </object_component>
      <object_component id="oc-c6">
         <name>.debug_info</name>
         <load_address>0x1b726</load_address>
         <run_address>0x1b726</run_address>
         <size>0x67e</size>
         <input_file_ref idref="fl-36"/>
      </object_component>
      <object_component id="oc-c9">
         <name>.debug_info</name>
         <load_address>0x1bda4</load_address>
         <run_address>0x1bda4</run_address>
         <size>0x697</size>
         <input_file_ref idref="fl-37"/>
      </object_component>
      <object_component id="oc-cc">
         <name>.debug_info</name>
         <load_address>0x1c43b</load_address>
         <run_address>0x1c43b</run_address>
         <size>0x811</size>
         <input_file_ref idref="fl-38"/>
      </object_component>
      <object_component id="oc-cf">
         <name>.debug_info</name>
         <load_address>0x1cc4c</load_address>
         <run_address>0x1cc4c</run_address>
         <size>0xa9d</size>
         <input_file_ref idref="fl-39"/>
      </object_component>
      <object_component id="oc-d3">
         <name>.debug_info</name>
         <load_address>0x1d6e9</load_address>
         <run_address>0x1d6e9</run_address>
         <size>0x7a0</size>
         <input_file_ref idref="fl-3a"/>
      </object_component>
      <object_component id="oc-d6">
         <name>.debug_info</name>
         <load_address>0x1de89</load_address>
         <run_address>0x1de89</run_address>
         <size>0x78a</size>
         <input_file_ref idref="fl-3b"/>
      </object_component>
      <object_component id="oc-d9">
         <name>.debug_info</name>
         <load_address>0x1e613</load_address>
         <run_address>0x1e613</run_address>
         <size>0x785</size>
         <input_file_ref idref="fl-3c"/>
      </object_component>
      <object_component id="oc-dc">
         <name>.debug_info</name>
         <load_address>0x1ed98</load_address>
         <run_address>0x1ed98</run_address>
         <size>0x7fd</size>
         <input_file_ref idref="fl-3d"/>
      </object_component>
      <object_component id="oc-df">
         <name>.debug_info</name>
         <load_address>0x1f595</load_address>
         <run_address>0x1f595</run_address>
         <size>0x716</size>
         <input_file_ref idref="fl-3e"/>
      </object_component>
      <object_component id="oc-e2">
         <name>.debug_info</name>
         <load_address>0x1fcab</load_address>
         <run_address>0x1fcab</run_address>
         <size>0x6b9</size>
         <input_file_ref idref="fl-3f"/>
      </object_component>
      <object_component id="oc-e5">
         <name>.debug_info</name>
         <load_address>0x20364</load_address>
         <run_address>0x20364</run_address>
         <size>0x5ff</size>
         <input_file_ref idref="fl-40"/>
      </object_component>
      <object_component id="oc-e8">
         <name>.debug_info</name>
         <load_address>0x20963</load_address>
         <run_address>0x20963</run_address>
         <size>0x7f3</size>
         <input_file_ref idref="fl-41"/>
      </object_component>
      <object_component id="oc-eb">
         <name>.debug_info</name>
         <load_address>0x21156</load_address>
         <run_address>0x21156</run_address>
         <size>0x5b3</size>
         <input_file_ref idref="fl-42"/>
      </object_component>
      <object_component id="oc-16c">
         <name>.debug_info</name>
         <load_address>0x21709</load_address>
         <run_address>0x21709</run_address>
         <size>0x6d</size>
      </object_component>
      <object_component id="oc-15">
         <name>.debug_frame</name>
         <load_address>0x0</load_address>
         <run_address>0x0</run_address>
         <size>0x38a</size>
         <input_file_ref idref="fl-2"/>
      </object_component>
      <object_component id="oc-1c">
         <name>.debug_frame</name>
         <load_address>0x38a</load_address>
         <run_address>0x38a</run_address>
         <size>0x23f</size>
         <input_file_ref idref="fl-3"/>
      </object_component>
      <object_component id="oc-20">
         <name>.debug_frame</name>
         <load_address>0x5c9</load_address>
         <run_address>0x5c9</run_address>
         <size>0x23f</size>
         <input_file_ref idref="fl-8"/>
      </object_component>
      <object_component id="oc-24">
         <name>.debug_frame</name>
         <load_address>0x808</load_address>
         <run_address>0x808</run_address>
         <size>0x23f</size>
         <input_file_ref idref="fl-9"/>
      </object_component>
      <object_component id="oc-28">
         <name>.debug_frame</name>
         <load_address>0xa47</load_address>
         <run_address>0xa47</run_address>
         <size>0x23f</size>
         <input_file_ref idref="fl-a"/>
      </object_component>
      <object_component id="oc-2d">
         <name>.debug_frame</name>
         <load_address>0xc86</load_address>
         <run_address>0xc86</run_address>
         <size>0x23f</size>
         <input_file_ref idref="fl-b"/>
      </object_component>
      <object_component id="oc-31">
         <name>.debug_frame</name>
         <load_address>0xec5</load_address>
         <run_address>0xec5</run_address>
         <size>0x23f</size>
         <input_file_ref idref="fl-c"/>
      </object_component>
      <object_component id="oc-36">
         <name>.debug_frame</name>
         <load_address>0x1104</load_address>
         <run_address>0x1104</run_address>
         <size>0x23f</size>
         <input_file_ref idref="fl-d"/>
      </object_component>
      <object_component id="oc-16">
         <name>.debug_line</name>
         <load_address>0x0</load_address>
         <run_address>0x0</run_address>
         <size>0x434</size>
         <input_file_ref idref="fl-2"/>
      </object_component>
      <object_component id="oc-1d">
         <name>.debug_line</name>
         <load_address>0x434</load_address>
         <run_address>0x434</run_address>
         <size>0x39</size>
         <input_file_ref idref="fl-3"/>
      </object_component>
      <object_component id="oc-21">
         <name>.debug_line</name>
         <load_address>0x46d</load_address>
         <run_address>0x46d</run_address>
         <size>0x38</size>
         <input_file_ref idref="fl-8"/>
      </object_component>
      <object_component id="oc-25">
         <name>.debug_line</name>
         <load_address>0x4a5</load_address>
         <run_address>0x4a5</run_address>
         <size>0x37</size>
         <input_file_ref idref="fl-9"/>
      </object_component>
      <object_component id="oc-29">
         <name>.debug_line</name>
         <load_address>0x4dc</load_address>
         <run_address>0x4dc</run_address>
         <size>0x3a</size>
         <input_file_ref idref="fl-a"/>
      </object_component>
      <object_component id="oc-2e">
         <name>.debug_line</name>
         <load_address>0x516</load_address>
         <run_address>0x516</run_address>
         <size>0x32</size>
         <input_file_ref idref="fl-b"/>
      </object_component>
      <object_component id="oc-32">
         <name>.debug_line</name>
         <load_address>0x548</load_address>
         <run_address>0x548</run_address>
         <size>0x3b</size>
         <input_file_ref idref="fl-c"/>
      </object_component>
      <object_component id="oc-37">
         <name>.debug_line</name>
         <load_address>0x583</load_address>
         <run_address>0x583</run_address>
         <size>0x36</size>
         <input_file_ref idref="fl-d"/>
      </object_component>
      <object_component id="oc-3b">
         <name>.debug_line</name>
         <load_address>0x5b9</load_address>
         <run_address>0x5b9</run_address>
         <size>0x3d</size>
         <input_file_ref idref="fl-e"/>
      </object_component>
      <object_component id="oc-40">
         <name>.debug_line</name>
         <load_address>0x5f6</load_address>
         <run_address>0x5f6</run_address>
         <size>0x54</size>
         <input_file_ref idref="fl-f"/>
      </object_component>
      <object_component id="oc-43">
         <name>.debug_line</name>
         <load_address>0x64a</load_address>
         <run_address>0x64a</run_address>
         <size>0x3c</size>
         <input_file_ref idref="fl-10"/>
      </object_component>
      <object_component id="oc-46">
         <name>.debug_line</name>
         <load_address>0x686</load_address>
         <run_address>0x686</run_address>
         <size>0x45</size>
         <input_file_ref idref="fl-11"/>
      </object_component>
      <object_component id="oc-49">
         <name>.debug_line</name>
         <load_address>0x6cb</load_address>
         <run_address>0x6cb</run_address>
         <size>0x44</size>
         <input_file_ref idref="fl-12"/>
      </object_component>
      <object_component id="oc-4e">
         <name>.debug_line</name>
         <load_address>0x70f</load_address>
         <run_address>0x70f</run_address>
         <size>0x4f</size>
         <input_file_ref idref="fl-13"/>
      </object_component>
      <object_component id="oc-51">
         <name>.debug_line</name>
         <load_address>0x75e</load_address>
         <run_address>0x75e</run_address>
         <size>0x53</size>
         <input_file_ref idref="fl-14"/>
      </object_component>
      <object_component id="oc-54">
         <name>.debug_line</name>
         <load_address>0x7b1</load_address>
         <run_address>0x7b1</run_address>
         <size>0x3e</size>
         <input_file_ref idref="fl-15"/>
      </object_component>
      <object_component id="oc-59">
         <name>.debug_line</name>
         <load_address>0x7ef</load_address>
         <run_address>0x7ef</run_address>
         <size>0x92</size>
         <input_file_ref idref="fl-16"/>
      </object_component>
      <object_component id="oc-5c">
         <name>.debug_line</name>
         <load_address>0x881</load_address>
         <run_address>0x881</run_address>
         <size>0x3e</size>
         <input_file_ref idref="fl-17"/>
      </object_component>
      <object_component id="oc-5f">
         <name>.debug_line</name>
         <load_address>0x8bf</load_address>
         <run_address>0x8bf</run_address>
         <size>0x4e</size>
         <input_file_ref idref="fl-18"/>
      </object_component>
      <object_component id="oc-62">
         <name>.debug_line</name>
         <load_address>0x90d</load_address>
         <run_address>0x90d</run_address>
         <size>0x99</size>
         <input_file_ref idref="fl-19"/>
      </object_component>
      <object_component id="oc-65">
         <name>.debug_line</name>
         <load_address>0x9a6</load_address>
         <run_address>0x9a6</run_address>
         <size>0x56</size>
         <input_file_ref idref="fl-1a"/>
      </object_component>
      <object_component id="oc-6a">
         <name>.debug_line</name>
         <load_address>0x9fc</load_address>
         <run_address>0x9fc</run_address>
         <size>0x146</size>
         <input_file_ref idref="fl-1b"/>
      </object_component>
      <object_component id="oc-6d">
         <name>.debug_line</name>
         <load_address>0xb42</load_address>
         <run_address>0xb42</run_address>
         <size>0x4a</size>
         <input_file_ref idref="fl-1c"/>
      </object_component>
      <object_component id="oc-73">
         <name>.debug_line</name>
         <load_address>0xb8c</load_address>
         <run_address>0xb8c</run_address>
         <size>0xa7</size>
         <input_file_ref idref="fl-1d"/>
      </object_component>
      <object_component id="oc-76">
         <name>.debug_line</name>
         <load_address>0xc33</load_address>
         <run_address>0xc33</run_address>
         <size>0x46</size>
         <input_file_ref idref="fl-1e"/>
      </object_component>
      <object_component id="oc-79">
         <name>.debug_line</name>
         <load_address>0xc79</load_address>
         <run_address>0xc79</run_address>
         <size>0x37</size>
         <input_file_ref idref="fl-1f"/>
      </object_component>
      <object_component id="oc-7d">
         <name>.debug_line</name>
         <load_address>0xcb0</load_address>
         <run_address>0xcb0</run_address>
         <size>0x3e</size>
         <input_file_ref idref="fl-20"/>
      </object_component>
      <object_component id="oc-80">
         <name>.debug_line</name>
         <load_address>0xcee</load_address>
         <run_address>0xcee</run_address>
         <size>0x6a</size>
         <input_file_ref idref="fl-21"/>
      </object_component>
      <object_component id="oc-83">
         <name>.debug_line</name>
         <load_address>0xd58</load_address>
         <run_address>0xd58</run_address>
         <size>0x43</size>
         <input_file_ref idref="fl-22"/>
      </object_component>
      <object_component id="oc-86">
         <name>.debug_line</name>
         <load_address>0xd9b</load_address>
         <run_address>0xd9b</run_address>
         <size>0x39</size>
         <input_file_ref idref="fl-23"/>
      </object_component>
      <object_component id="oc-89">
         <name>.debug_line</name>
         <load_address>0xdd4</load_address>
         <run_address>0xdd4</run_address>
         <size>0x38</size>
         <input_file_ref idref="fl-24"/>
      </object_component>
      <object_component id="oc-8e">
         <name>.debug_line</name>
         <load_address>0xe0c</load_address>
         <run_address>0xe0c</run_address>
         <size>0x50</size>
         <input_file_ref idref="fl-25"/>
      </object_component>
      <object_component id="oc-91">
         <name>.debug_line</name>
         <load_address>0xe5c</load_address>
         <run_address>0xe5c</run_address>
         <size>0x68</size>
         <input_file_ref idref="fl-26"/>
      </object_component>
      <object_component id="oc-95">
         <name>.debug_line</name>
         <load_address>0xec4</load_address>
         <run_address>0xec4</run_address>
         <size>0x126</size>
         <input_file_ref idref="fl-27"/>
      </object_component>
      <object_component id="oc-99">
         <name>.debug_line</name>
         <load_address>0xfea</load_address>
         <run_address>0xfea</run_address>
         <size>0x66</size>
         <input_file_ref idref="fl-28"/>
      </object_component>
      <object_component id="oc-9c">
         <name>.debug_line</name>
         <load_address>0x1050</load_address>
         <run_address>0x1050</run_address>
         <size>0x38</size>
         <input_file_ref idref="fl-29"/>
      </object_component>
      <object_component id="oc-9f">
         <name>.debug_line</name>
         <load_address>0x1088</load_address>
         <run_address>0x1088</run_address>
         <size>0x4a</size>
         <input_file_ref idref="fl-2a"/>
      </object_component>
      <object_component id="oc-a2">
         <name>.debug_line</name>
         <load_address>0x10d2</load_address>
         <run_address>0x10d2</run_address>
         <size>0x57</size>
         <input_file_ref idref="fl-2b"/>
      </object_component>
      <object_component id="oc-a7">
         <name>.debug_line</name>
         <load_address>0x1129</load_address>
         <run_address>0x1129</run_address>
         <size>0x35</size>
         <input_file_ref idref="fl-2c"/>
      </object_component>
      <object_component id="oc-ab">
         <name>.debug_line</name>
         <load_address>0x115e</load_address>
[...]
         <name>___bss__</name>
         <value>0x11819e58</value>
      </symbol>
      <symbol id="sm-14">
         <name>end</name>
         <value>0x11819e90</value>
      </symbol>
      <symbol id="sm-15">
         <name>___end__</name>
         <value>0x11819e90</value>
      </symbol>
      <symbol id="sm-16">
         <name>___TI_pprof_out_hndl</name>
         <value>0xffffffff</value>
      </symbol>
      <symbol id="sm-17">
         <name>___TI_prof_data_start</name>
         <value>0xffffffff</value>
      </symbol>
      <symbol id="sm-18">
         <name>___TI_prof_data_size</name>
         <value>0xffffffff</value>
      </symbol>
      <symbol id="sm-19">
         <name>$bss</name>
         <value>0x11819e58</value>
      </symbol>
      <symbol id="sm-126">
         <name>_main</name>
         <value>0x11810cc8</value>
         <object_component_ref idref="oc-fc"/>
      </symbol>
      <symbol id="sm-127">
         <name>_imread</name>
         <value>0x1181074c</value>
         <object_component_ref idref="oc-fc"/>
      </symbol>
      <symbol id="sm-128">
         <name>_bitmap</name>
         <value>0x11819e84</value>
         <object_component_ref idref="oc-f"/>
      </symbol>
      <symbol id="sm-129">
         <name>_Header</name>
         <value>0x118193d8</value>
         <object_component_ref idref="oc-12"/>
      </symbol>
      <symbol id="sm-12a">
         <name>_m_free</name>
         <value>0x118104b8</value>
         <object_component_ref idref="oc-fc"/>
      </symbol>
      <symbol id="sm-12b">
         <name>_s_free</name>
         <value>0x11810620</value>
         <object_component_ref idref="oc-fc"/>
      </symbol>
      <symbol id="sm-12c">
         <name>_s_mem</name>
         <value>0xc0c00000</value>
         <object_component_ref idref="oc-13"/>
      </symbol>
      <symbol id="sm-12d">
         <name>_m_mem</name>
         <value>0xc0000000</value>
         <object_component_ref idref="oc-13"/>
      </symbol>
      <symbol id="sm-12e">
         <name>_sp</name>
         <value>0x11819e80</value>
         <object_component_ref idref="oc-f"/>
      </symbol>
      <symbol id="sm-12f">
         <name>_mem_count</name>
         <value>0x11819e74</value>
         <object_component_ref idref="oc-f"/>
      </symbol>
      <symbol id="sm-130">
         <name>_InfoHeader</name>
         <value>0x118193e6</value>
         <object_component_ref idref="oc-12"/>
      </symbol>
      <symbol id="sm-131">
         <name>_mem_init</name>
         <value>0x11810000</value>
         <object_component_ref idref="oc-fc"/>
      </symbol>
      <symbol id="sm-132">
         <name>_m_stat</name>
         <value>0x11810658</value>
         <object_component_ref idref="oc-fc"/>
      </symbol>
      <symbol id="sm-133">
         <name>_num_pixels</name>
         <value>0x11819e88</value>
         <object_component_ref idref="oc-f"/>
      </symbol>
      <symbol id="sm-134">
         <name>_imshow</name>
         <value>0x118109a8</value>
         <object_component_ref idref="oc-fc"/>
      </symbol>
      <symbol id="sm-135">
         <name>_m_malloc</name>
         <value>0x118101ec</value>
         <object_component_ref idref="oc-fc"/>
      </symbol>
      <symbol id="sm-136">
         <name>_upper_bound_s</name>
         <value>0x11819e7c</value>
         <object_component_ref idref="oc-f"/>
      </symbol>
      <symbol id="sm-137">
         <name>_upper_bound_m</name>
         <value>0x11819e78</value>
         <object_component_ref idref="oc-f"/>
      </symbol>
      <symbol id="sm-138">
         <name>_sort</name>
         <value>0x118100c8</value>
         <object_component_ref idref="oc-fc"/>
      </symbol>
      <symbol id="sm-139">
         <name>_s_malloc</name>
         <value>0x118105a8</value>
         <object_component_ref idref="oc-fc"/>
      </symbol>
      <symbol id="sm-13a">
         <name>_pointers</name>
         <value>0x11819248</value>
         <object_component_ref idref="oc-12"/>
      </symbol>
      <symbol id="sm-149">
         <name>_prand_seed</name>
         <value>0x11819e70</value>
         <object_component_ref idref="oc-18"/>
      </symbol>
      <symbol id="sm-14a">
         <name>_pingIN</name>
         <value>0x11819e5c</value>
         <object_component_ref idref="oc-18"/>
      </symbol>
      <symbol id="sm-14b">
         <name>_AIC31_data</name>
         <value>0x118195bc</value>
         <object_component_ref idref="oc-1b"/>
      </symbol>
      <symbol id="sm-14c">
         <name>_sreg</name>
         <value>0x118195c0</value>
         <object_component_ref idref="oc-1b"/>
      </symbol>
      <symbol id="sm-14d">
         <name>_fb</name>
         <value>0x11819e6c</value>
         <object_component_ref idref="oc-18"/>
      </symbol>
      <symbol id="sm-14e">
         <name>_pongIN</name>
         <value>0x11819e64</value>
         <object_component_ref idref="oc-18"/>
      </symbol>
      <symbol id="sm-14f">
         <name>_pongOUT</name>
         <value>0x11819e68</value>
         <object_component_ref idref="oc-18"/>
      </symbol>
      <symbol id="sm-150">
         <name>_pingOUT</name>
         <value>0x11819e60</value>
         <object_component_ref idref="oc-18"/>
      </symbol>
      <symbol id="sm-194">
         <name>_c_int00</name>
         <value>0x118180a0</value>
         <object_component_ref idref="oc-e"/>
      </symbol>
      <symbol id="sm-195">
         <name>__stack</name>
         <value>0x11818720</value>
         <object_component_ref idref="oc-3a"/>
      </symbol>
      <symbol id="sm-1ab">
         <name>_cos</name>
         <value>0x11812fc0</value>
         <object_component_ref idref="oc-110"/>
      </symbol>
      <symbol id="sm-1bd">
         <name>__divd</name>
         <value>0x118110a0</value>
         <object_component_ref idref="oc-10e"/>
      </symbol>
      <symbol id="sm-1c6">
         <name>__c6xabi_divi</name>
         <value>0x11816860</value>
         <object_component_ref idref="oc-10f"/>
      </symbol>
      <symbol id="sm-1c7">
         <name>__divi</name>
         <value>0x11816860</value>
         <object_component_ref idref="oc-10f"/>
      </symbol>
      <symbol id="sm-1d0">
         <name>__c6xabi_divu</name>
         <value>0x11817080</value>
         <object_component_ref idref="oc-101"/>
      </symbol>
      <symbol id="sm-1d1">
         <name>__divu</name>
         <value>0x11817080</value>
         <object_component_ref idref="oc-101"/>
      </symbol>
      <symbol id="sm-1e8">
         <name>C$$EXIT</name>
         <value>0x118186e0</value>
         <object_component_ref idref="oc-fd"/>
      </symbol>
      <symbol id="sm-1e9">
         <name>_exit</name>
         <value>0x11817380</value>
         <object_component_ref idref="oc-f0"/>
      </symbol>
      <symbol id="sm-1ea">
         <name>___TI_enable_exit_profile_output</name>
         <value>0x118195b8</value>
         <object_component_ref idref="oc-4d"/>
      </symbol>
      <symbol id="sm-1eb">
         <name>_abort</name>
         <value>0x118186e0</value>
         <object_component_ref idref="oc-fd"/>
      </symbol>
      <symbol id="sm-1ec">
         <name>__cleanup_ptr</name>
         <value>0x118195b0</value>
         <object_component_ref idref="oc-4d"/>
      </symbol>
      <symbol id="sm-1ed">
         <name>__dtors_ptr</name>
         <value>0x118195b4</value>
         <object_component_ref idref="oc-4d"/>
      </symbol>
      <symbol id="sm-203">
         <name>__closefile</name>
         <value>0x11815ee0</value>
         <object_component_ref idref="oc-11f"/>
      </symbol>
      <symbol id="sm-204">
         <name>_fclose</name>
         <value>0x118182e0</value>
         <object_component_ref idref="oc-107"/>
      </symbol>
      <symbol id="sm-211">
         <name>__doflush</name>
         <value>0x11817140</value>
         <object_component_ref idref="oc-121"/>
      </symbol>
      <symbol id="sm-23a">
         <name>__cleanup</name>
         <value>0x118175a0</value>
         <object_component_ref idref="oc-12d"/>
      </symbol>
      <symbol id="sm-23b">
         <name>_fopen</name>
         <value>0x11818340</value>
         <object_component_ref idref="oc-103"/>
      </symbol>
      <symbol id="sm-245">
         <name>__frcmpyd_div</name>
         <value>0x11818580</value>
         <object_component_ref idref="oc-124"/>
      </symbol>
      <symbol id="sm-263">
         <name>_fread</name>
         <value>0x11813560</value>
         <object_component_ref idref="oc-104"/>
      </symbol>
      <symbol id="sm-28d">
         <name>_fwrite</name>
         <value>0x11811bc0</value>
         <object_component_ref idref="oc-10a"/>
      </symbol>
      <symbol id="sm-29b">
         <name>__llshl</name>
         <value>0x11818020</value>
         <object_component_ref idref="oc-153"/>
      </symbol>
      <symbol id="sm-29c">
         <name>__llshru</name>
         <value>0x118185c0</value>
         <object_component_ref idref="oc-123"/>
      </symbol>
      <symbol id="sm-2f1">
         <name>_read</name>
         <value>0x11817e60</value>
         <object_component_ref idref="oc-11c"/>
      </symbol>
      <symbol id="sm-2f2">
         <name>_unlink</name>
         <value>0x118181a0</value>
         <object_component_ref idref="oc-13a"/>
      </symbol>
      <symbol id="sm-2f3">
         <name>_open</name>
         <value>0x118159c0</value>
         <object_component_ref idref="oc-12e"/>
      </symbol>
      <symbol id="sm-2f4">
         <name>_lseek</name>
         <value>0x11817b40</value>
         <object_component_ref idref="oc-13b"/>
      </symbol>
      <symbol id="sm-2f5">
         <name>_close</name>
         <value>0x11816a20</value>
         <object_component_ref idref="oc-131"/>
      </symbol>
      <symbol id="sm-2f6">
         <name>_write</name>
         <value>0x11817f00</value>
         <object_component_ref idref="oc-122"/>
      </symbol>
      <symbol id="sm-2fe">
         <name>_memcpy</name>
         <value>0x11817be0</value>
         <object_component_ref idref="oc-fa"/>
      </symbol>
      <symbol id="sm-337">
         <name>__sys_memory</name>
         <value>0x11800000</value>
         <object_component_ref idref="oc-72"/>
      </symbol>
      <symbol id="sm-338">
         <name>_free</name>
         <value>0x11813d60</value>
         <object_component_ref idref="oc-130"/>
      </symbol>
      <symbol id="sm-339">
         <name>_malloc</name>
         <value>0x11815840</value>
         <object_component_ref idref="oc-105"/>
      </symbol>
      <symbol id="sm-344">
         <name>_memset</name>
         <value>0x11816b00</value>
         <object_component_ref idref="oc-12c"/>
      </symbol>
      <symbol id="sm-350">
         <name>_modf</name>
         <value>0x11817d20</value>
         <object_component_ref idref="oc-127"/>
      </symbol>
      <symbol id="sm-371">
         <name>_perror</name>
         <value>0x11816360</value>
         <object_component_ref idref="oc-100"/>
      </symbol>
      <symbol id="sm-386">
         <name>_printf</name>
         <value>0x11816be0</value>
         <object_component_ref idref="oc-102"/>
      </symbol>
      <symbol id="sm-38f">
         <name>__remi</name>
         <value>0x118172c0</value>
         <object_component_ref idref="oc-106"/>
      </symbol>
      <symbol id="sm-390">
         <name>__c6xabi_remi</name>
         <value>0x118172c0</value>
         <object_component_ref idref="oc-106"/>
      </symbol>
      <symbol id="sm-39a">
         <name>_remove</name>
         <value>0x11818700</value>
         <object_component_ref idref="oc-132"/>
      </symbol>
      <symbol id="sm-3a4">
         <name>__nround</name>
         <value>0x118178c0</value>
         <object_component_ref idref="oc-126"/>
      </symbol>
      <symbol id="sm-3b9">
         <name>_sin</name>
         <value>0x11813fe0</value>
         <object_component_ref idref="oc-111"/>
      </symbol>
      <symbol id="sm-3c5">
         <name>_sqrt</name>
         <value>0x11816680</value>
         <object_component_ref idref="oc-10d"/>
      </symbol>
      <symbol id="sm-3ee">
         <name>_HOSTopen</name>
         <value>0x11816780</value>
         <object_component_ref idref="oc-f1"/>
      </symbol>
      <symbol id="sm-3ef">
         <name>_HOSTread</name>
         <value>0x11816cc0</value>
         <object_component_ref idref="oc-f3"/>
      </symbol>
      <symbol id="sm-3f0">
         <name>_HOSTrename</name>
         <value>0x118156c0</value>
         <object_component_ref idref="oc-f7"/>
      </symbol>
      <symbol id="sm-3f1">
         <name>_HOSTwrite</name>
         <value>0x11816e40</value>
         <object_component_ref idref="oc-f4"/>
      </symbol>
      <symbol id="sm-3f2">
         <name>_HOSTlseek</name>
         <value>0x11816480</value>
         <object_component_ref idref="oc-f5"/>
      </symbol>
      <symbol id="sm-3f3">
         <name>_HOSTunlink</name>
         <value>0x11816d80</value>
         <object_component_ref idref="oc-f6"/>
      </symbol>
      <symbol id="sm-3f4">
         <name>_HOSTclose</name>
         <value>0x11817500</value>
         <object_component_ref idref="oc-f2"/>
      </symbol>
      <symbol id="sm-404">
         <name>C$$IO$$</name>
         <value>0x118184b8</value>
         <object_component_ref idref="oc-fe"/>
      </symbol>
      <symbol id="sm-405">
         <name>__CIOBUF_</name>
         <value>0x11819d38</value>
         <object_component_ref idref="oc-98"/>
      </symbol>
      <symbol id="sm-406">
         <name>_readmsg</name>
         <value>0x11818120</value>
         <object_component_ref idref="oc-ff"/>
      </symbol>
      <symbol id="sm-407">
         <name>_writemsg</name>
         <value>0x11818460</value>
         <object_component_ref idref="oc-fe"/>
      </symbol>
      <symbol id="sm-411">
         <name>__trunc</name>
         <value>0x118186c0</value>
         <object_component_ref idref="oc-125"/>
      </symbol>
      <symbol id="sm-41f">
         <name>__buff_read</name>
         <value>0x11815dc0</value>
         <object_component_ref idref="oc-11b"/>
      </symbol>
      <symbol id="sm-433">
         <name>__rd_ok</name>
         <value>0x11817200</value>
         <object_component_ref idref="oc-11a"/>
      </symbol>
      <symbol id="sm-434">
         <name>__wrt_ok</name>
         <value>0x11816580</value>
         <object_component_ref idref="oc-120"/>
      </symbol>
      <symbol id="sm-442">
         <name>__unlock</name>
         <value>0x118195c8</value>
         <object_component_ref idref="oc-a6"/>
      </symbol>
      <symbol id="sm-443">
         <name>__lock</name>
         <value>0x118195c4</value>
         <object_component_ref idref="oc-a6"/>
      </symbol>
      <symbol id="sm-444">
         <name>__nop</name>
         <value>0x11818660</value>
         <object_component_ref idref="oc-f8"/>
      </symbol>
      <symbol id="sm-54e">
         <name>__printfi</name>
         <value>0x11812080</value>
         <object_component_ref idref="oc-116"/>
      </symbol>
      <symbol id="sm-558">
         <name>__args_main</name>
         <value>0x11818540</value>
         <object_component_ref idref="oc-ef"/>
      </symbol>
      <symbol id="sm-559">
         <name>__TI_args_main</name>
         <value>0x1</value>
      </symbol>
      <symbol id="sm-567">
         <name>_atoi</name>
         <value>0x11816940</value>
         <object_component_ref idref="oc-134"/>
      </symbol>
      <symbol id="sm-576">
         <name>__auto_init</name>
         <value>0x11816f00</value>
         <object_component_ref idref="oc-ee"/>
      </symbol>
      <symbol id="sm-583">
         <name>___TI_cpp_init</name>
         <value>0x11818220</value>
         <object_component_ref idref="oc-fb"/>
      </symbol>
      <symbol id="sm-591">
         <name>_copy_in</name>
         <value>0x11817a00</value>
         <object_component_ref idref="oc-f9"/>
      </symbol>
      <symbol id="sm-599">
         <name>__ctypes_</name>
         <value>0x11819890</value>
         <object_component_ref idref="oc-13c"/>
      </symbol>
      <symbol id="sm-5a3">
         <name>__tmpnams</name>
         <value>0x11819100</value>
         <object_component_ref idref="oc-c0"/>
      </symbol>
      <symbol id="sm-5a4">
         <name>__ft_end</name>
         <value>0x11819240</value>
         <object_component_ref idref="oc-c0"/>
      </symbol>
      <symbol id="sm-5a5">
         <name>__ftable</name>
         <value>0x11818f20</value>
         <object_component_ref idref="oc-c0"/>
      </symbol>
      <symbol id="sm-5af">
         <name>_errno</name>
         <value>0x11819244</value>
         <object_component_ref idref="oc-c4"/>
      </symbol>
      <symbol id="sm-5bc">
         <name>__fixdli</name>
         <value>0x11817820</value>
         <object_component_ref idref="oc-14c"/>
      </symbol>
      <symbol id="sm-5c7">
         <name>__fltlid</name>
         <value>0x11817fa0</value>
         <object_component_ref idref="oc-14e"/>
      </symbol>
      <symbol id="sm-5e2">
         <name>_putc</name>
         <value>0x11814b80</value>
         <object_component_ref idref="oc-114"/>
      </symbol>
      <symbol id="sm-5e3">
         <name>_fputc</name>
         <value>0x11814b80</value>
         <object_component_ref idref="oc-114"/>
      </symbol>
      <symbol id="sm-605">
         <name>_fputs</name>
         <value>0x11812900</value>
         <object_component_ref idref="oc-112"/>
      </symbol>
      <symbol id="sm-616">
         <name>_fseek</name>
         <value>0x11816240</value>
         <object_component_ref idref="oc-133"/>
      </symbol>
      <symbol id="sm-626">
         <name>__divul</name>
         <value>0x11815520</value>
         <object_component_ref idref="oc-14f"/>
      </symbol>
      <symbol id="sm-627">
         <name>__remli</name>
         <value>0x11818600</value>
         <object_component_ref idref="oc-151"/>
      </symbol>
      <symbol id="sm-628">
         <name>__divli</name>
         <value>0x11817640</value>
         <object_component_ref idref="oc-152"/>
      </symbol>
      <symbol id="sm-63c">
         <name>__subcull</name>
         <value>0x11818280</value>
         <object_component_ref idref="oc-154"/>
      </symbol>
      <symbol id="sm-63d">
         <name>__divull</name>
         <value>0x11814260</value>
         <object_component_ref idref="oc-150"/>
      </symbol>
      <symbol id="sm-647">
         <name>___isinf</name>
         <value>0x118184c0</value>
         <object_component_ref idref="oc-13e"/>
      </symbol>
      <symbol id="sm-654">
         <name>_ltoa</name>
         <value>0x11817440</value>
         <object_component_ref idref="oc-14d"/>
      </symbol>
      <symbol id="sm-661">
         <name>_memccpy</name>
         <value>0x118183a0</value>
         <object_component_ref idref="oc-137"/>
      </symbol>
      <symbol id="sm-66b">
         <name>__negll</name>
         <value>0x11818640</value>
         <object_component_ref idref="oc-143"/>
      </symbol>
      <symbol id="sm-681">
         <name>_setvbuf</name>
         <value>0x11814fa0</value>
         <object_component_ref idref="oc-12f"/>
      </symbol>
   </symbol_table>
</link_info>
