******************************************************************************
               TMS320C6x Linker PC v7.4.4                      
******************************************************************************
>> Linked Wed Nov 02 14:10:49 2016

OUTPUT FILE NAME:   <Lab 4.out>
ENTRY POINT SYMBOL: "_c_int00"  address: 11818720


MEMORY CONFIGURATION

         name            origin    length      used     unused   attr    fill
----------------------  --------  ---------  --------  --------  ----  --------
  dsp_l2_ram            11800000   00040000  0001a52e  00025ad2  RWIX
  shared_ram            80000000   00020000  00000000  00020000  RWIX
  external_ram          c0000000   08000000  00e00000  07200000  RWIX


SECTION ALLOCATION MAP

 output                                  attributes/
section   page    origin      length       input sections
--------  ----  ----------  ----------   ----------------
.data      0    11800000    00000000     UNINITIALIZED

.sysmem    0    11800000    00010000     UNINITIALIZED
                  11800000    00000008     rts6740.lib : memory.obj (.sysmem)
                  11800008    0000fff8     --HOLE--

.text      0    11810000    00008da0     
                  11810000    00001720     miniproj1.obj (.text)
                  11811720    000005a0     rts6740.lib : divd.obj (.text:__divd)
                  11811cc0    00000580                 : _printfi.obj (.text:__getarg_diouxp)
                  11812240    000004c0                 : fwrite.obj (.text:_fwrite)
                  11812700    00000440                 : _printfi.obj (.text:__printfi)
                  11812b40    00000440                 : _printfi.obj (.text:__setfield)
                  11812f80    000003a0                 : fputs.obj (.text:_fputs)
                  11813320    00000320                 : _printfi.obj (.text:__pproc_fge)
                  11813640    000002e0                 : cos.obj (.text:_cos)
                  11813920    000002c0                 : _printfi.obj (.text:__pproc_fwp)
                  11813be0    000002c0                 : fread.obj (.text:_fread)
                  11813ea0    000002a0                 : _printfi.obj (.text:_ecvt)
                  11814140    000002a0                 : _printfi.obj (.text:_fcvt)
                  118143e0    00000280                 : memory.obj (.text:_free)
                  11814660    00000280                 : sin.obj (.text:_sin)
                  118148e0    00000260                 : imath64.obj (.text:__divull)
                  11814b40    00000260                 : _printfi.obj (.text:__pconv_e)
                  11814da0    00000240                 : _printfi.obj (.text:__pproc_diouxp)
                  11814fe0    00000220                 : _printfi.obj (.text:__pproc_str)
                  11815200    00000220                 : fputc.obj (.text:_fputc)
                  11815420    00000200                 : _printfi.obj (.text:__pconv_g)
                  11815620    00000200                 : setvbuf.obj (.text:_setvbuf)
                  11815820    000001c0                 : _printfi.obj (.text:__mcpy)
                  118159e0    000001c0                 : fopen.obj (.text:__openfile)
                  11815ba0    000001a0                 : imath40.obj (.text:__divul)
                  11815d40    00000180                 : trgdrv.obj (.text:_HOSTrename)
                  11815ec0    00000180                 : memory.obj (.text:_malloc)
                  11816040    00000180                 : lowlev.obj (.text:_open)
                  118161c0    00000140                 : _printfi.obj (.text:__pproc_fflags)
                  11816300    00000140                 : lowlev.obj (.text:_getdevice)
                  11816440    00000120                 : _bufread.obj (.text:__buff_read)
                  11816560    00000120                 : fclose.obj (.text:__closefile)
                  11816680    00000120                 : _printfi.obj (.text:__ltostr)
                  118167a0    00000120                 : fopen.obj (.text:__search_fp)
                  118168c0    00000120                 : fseek.obj (.text:_fseek)
                  118169e0    00000120                 : perror.obj (.text:_perror)
                  11816b00    00000100                 : trgdrv.obj (.text:_HOSTlseek)
                  11816c00    00000100                 : _io_perm.obj (.text:__wrt_ok)
                  11816d00    00000100                 : sqrt.obj (.text:_sqrt)
                  11816e00    000000e0                 : trgdrv.obj (.text:_HOSTopen)
                  11816ee0    000000e0                 : divi.obj (.text:__divi)
                  11816fc0    000000e0                 : atoi.obj (.text:_atoi)
                  118170a0    000000e0                 : lowlev.obj (.text:_close)
                  11817180    000000e0                 : memset.obj (.text:_memset)
                  11817260    000000e0                 : printf.obj (.text:_printf)
                  11817340    000000c0                 : trgdrv.obj (.text:_HOSTread)
                  11817400    000000c0                 : trgdrv.obj (.text:_HOSTunlink)
                  118174c0    000000c0                 : trgdrv.obj (.text:_HOSTwrite)
                  11817580    000000c0                 : autoinit.obj (.text:__auto_init)
                  11817640    000000c0                 : _printfi.obj (.text:__div)
                  11817700    000000c0                 : divu.obj (.text:__divu)
                  118177c0    000000c0                 : fflush.obj (.text:__doflush)
                  11817880    000000c0                 : _io_perm.obj (.text:__rd_ok)
                  11817940    000000c0                 : remi.obj (.text:__remi)
                  11817a00    000000c0                 : exit.obj (.text:_exit)
                  11817ac0    000000c0                 : ltoa.obj (.text:_ltoa)
                  11817b80    000000a0                 : trgdrv.obj (.text:_HOSTclose)
                  11817c20    000000a0                 : fopen.obj (.text:__cleanup)
                  11817cc0    000000a0                 : imath40.obj (.text:__divli)
                  11817d60    000000a0                 : _printfi.obj (.text:__ecpy)
                  11817e00    000000a0                 : _printfi.obj (.text:__fcpy)
                  11817ea0    000000a0                 : fixdli.obj (.text:__fixdli)
                  11817f40    000000a0                 : round.obj (.text:__nround)
                  11817fe0    000000a0                 : _printfi.obj (.text:__pconv_f)
                  11818080    000000a0                 : cpy_tbl.obj (.text:_copy_in)
                  11818120    000000a0                 : lowlev.obj (.text:_finddevice)
                  118181c0    000000a0                 : lowlev.obj (.text:_lseek)
                  11818260    000000a0                 : memcpy64.obj (.text:_memcpy)
                  11818300    000000a0                 : memory.obj (.text:_minsert)
                  118183a0    000000a0                 : modf.obj (.text:_modf)
                  11818440    000000a0                 : memory.obj (.text:_mremove)
                  118184e0    000000a0                 : lowlev.obj (.text:_read)
                  11818580    000000a0                 : lowlev.obj (.text:_write)
                  11818620    00000080                 : fltlid.obj (.text:__fltlid)
                  118186a0    00000080                 : llshift.obj (.text:__llshl)
                  11818720    00000080                 : boot.obj (.text:_c_int00)
                  118187a0    00000080                 : trgmsg.obj (.text:_readmsg)
                  11818820    00000080                 : lowlev.obj (.text:_unlink)
                  118188a0    00000060                 : cpp_init.obj (.text:___TI_cpp_init)
                  11818900    00000060                 : imath64.obj (.text:__subcull)
                  11818960    00000060                 : fclose.obj (.text:_fclose)
                  118189c0    00000060                 : fopen.obj (.text:_fopen)
                  11818a20    00000060                 : memccpy.obj (.text:_memccpy)
                  11818a80    00000060                 : lowlev.obj (.text:_tabinit)
                  11818ae0    00000060                 : trgmsg.obj (.text:_writemsg)
                  11818b40    00000040                 : isinf.obj (.text:___isinf)
                  11818b80    00000040                 : _printfi.obj (.text:___isnan)
                  11818bc0    00000040                 : args_main.obj (.text:__args_main)
                  11818c00    00000040                 : frcmpyd_div.obj (.text:__frcmpyd_div)
                  11818c40    00000040                 : llshift.obj (.text:__llshru)
                  11818c80    00000040                 : imath40.obj (.text:__remli)
                  11818cc0    00000020                 : negll.obj (.text:__negll)
                  11818ce0    00000020                 : _lock.obj (.text:__nop)
                  11818d00    00000020                 : printf.obj (.text:__outc)
                  11818d20    00000020                 : printf.obj (.text:__outs)
                  11818d40    00000020                 : trunc.obj (.text:__trunc)
                  11818d60    00000020                 : exit.obj (.text:_abort)
                  11818d80    00000020                 : remove.obj (.text:_remove)

.stack     0    11818da0    00000800     UNINITIALIZED
                  11818da0    00000008     rts6740.lib : boot.obj (.stack)
                  11818da8    000007f8     --HOLE--

.far       0    118195a0    000006b8     UNINITIALIZED
                  118195a0    00000324     rts6740.lib : defs.obj (.far)
                  118198c4    00000004                 : errno.obj (.far)
                  118198c8    000001c6     miniproj1.obj (.far)
                  11819a8e    00000002     --HOLE--
                  11819a90    0000011c     rts6740.lib : lowlev.obj (.far)
                  11819bac    00000004                 : fopen.obj (.far)
                  11819bb0    00000040                 : cos.obj (.far)
                  11819bf0    00000040                 : sin.obj (.far)
                  11819c30    0000000c                 : exit.obj (.far)
                  11819c3c    00000008                 : _lock.obj (.far)
                  11819c44    00000008                 : memory.obj (.far)
                  11819c4c    00000004     --HOLE--
                  11819c50    00000008                 : trgdrv.obj (.far)

.const     0    11819c58    0000054e     
                  11819c58    0000033c     miniproj1.obj (.const:.string)
                  11819f94    00000002     rts6740.lib : fputs.obj (.const:.string)
                  11819f96    00000002     --HOLE-- [fill = 0]
                  11819f98    00000101                 : ctype.obj (.const:.string:__ctypes_)
                  1181a099    00000064                 : perror.obj (.const:.string)
                  1181a0fd    00000003     --HOLE-- [fill = 0]
                  1181a100    00000028     miniproj1.obj (.const:.string:_$P$T1$2)
                  1181a128    00000024     miniproj1.obj (.const:_$P$T2$3)
                  1181a14c    00000004     --HOLE-- [fill = 0]
                  1181a150    00000024     miniproj1.obj (.const:_$P$T3$4)
                  1181a174    00000023     rts6740.lib : _printfi.obj (.const:.string)
                  1181a197    00000001     --HOLE-- [fill = 0]
                  1181a198    0000000e     miniproj1.obj (.const:.string:_$P$T0$1)

.cinit     0    1181a1a8    00000234     
                  1181a1a8    0000005c     rts6740.lib : defs.obj (.cinit)
                  1181a204    00000004     --HOLE-- [fill = 0]
                  1181a208    0000005c                 : lowlev.obj (.cinit)
                  1181a264    00000004     --HOLE-- [fill = 0]
                  1181a268    00000048                 : cos.obj (.cinit)
                  1181a2b0    00000048                 : sin.obj (.cinit)
                  1181a2f8    0000003c     miniproj1.obj (.cinit)
                  1181a334    00000004     --HOLE-- [fill = 0]
                  1181a338    0000002c     rts6740.lib : exit.obj (.cinit)
                  1181a364    00000004     --HOLE-- [fill = 0]
                  1181a368    0000002c                 : memory.obj (.cinit)
                  1181a394    00000004     --HOLE-- [fill = 0]
                  1181a398    0000001c                 : _lock.obj (.cinit)
                  1181a3b4    00000004     --HOLE-- [fill = 0]
                  1181a3b8    0000000c                 : errno.obj (.cinit)
                  1181a3c4    00000004     --HOLE-- [fill = 0]
                  1181a3c8    0000000c                 : fopen.obj (.cinit)
                  1181a3d4    00000004     --HOLE-- [fill = 0]
                  1181a3d8    00000004     (.pad.cinit) [fill = 0]

.cio       0    1181a3e0    00000120     UNINITIALIZED
                  1181a3e0    00000120     rts6740.lib : trgmsg.obj (.cio)

.bss       0    1181a500    0000001c     UNINITIALIZED
                  1181a500    0000001c     miniproj1.obj (.bss)

.switch    0    1181a51c    00000018     
                  1181a51c    00000018     rts6740.lib : perror.obj (.switch:_perror)

.EXT_RAM   0    c0000000    00e00000     UNINITIALIZED
                  c0000000    00e00000     miniproj1.obj (.EXT_RAM)


GLOBAL SYMBOLS: SORTED ALPHABETICALLY BY Name 

address    name
--------   ----
1181a500   $bss
1181a500   .bss
11800000   .data
11810000   .text
11818d60   C$$EXIT
11818b38   C$$IO$$
11817b80   _HOSTclose
11816b00   _HOSTlseek
11816e00   _HOSTopen
11817340   _HOSTread
11815d40   _HOSTrename
11817400   _HOSTunlink
118174c0   _HOSTwrite
11819a58   _Header
11819a66   _InfoHeader
1181a518   _SOBEL
1181a3e0   __CIOBUF_
118195a0   __STACK_END
00000800   __STACK_SIZE
00010000   __SYSMEM_SIZE
00000001   __TI_args_main
118188a0   ___TI_cpp_init
11819c38   ___TI_enable_exit_profile_output
ffffffff   ___TI_pprof_out_hndl
ffffffff   ___TI_prof_data_size
ffffffff   ___TI_prof_data_start
ffffffff   ___binit__
1181a500   ___bss__
ffffffff   ___c_args__
1181a1a8   ___cinit__
11800000   ___data__
11800000   ___edata__
1181a51c   ___end__
11818da0   ___etext__
11818b40   ___isinf
ffffffff   ___pinit__
11810000   ___text__
11818bc0   __args_main
11817580   __auto_init
11816440   __buff_read
11816ee0   __c6xabi_divi
11817700   __c6xabi_divu
11817940   __c6xabi_remi
11817c20   __cleanup
11819c30   __cleanup_ptr
11816560   __closefile
11819f98   __ctypes_
11811720   __divd
11816ee0   __divi
11817cc0   __divli
11817700   __divu
11815ba0   __divul
118148e0   __divull
118177c0   __doflush
11819c34   __dtors_ptr
11817ea0   __fixdli
11818620   __fltlid
11818c00   __frcmpyd_div
118198c0   __ft_end
118195a0   __ftable
118186a0   __llshl
11818c40   __llshru
11819c3c   __lock
11818cc0   __negll
11818ce0   __nop
11817f40   __nround
11812700   __printfi
11817880   __rd_ok
11817940   __remi
11818c80   __remli
11818da0   __stack
11818900   __subcull
11800000   __sys_memory
11819780   __tmpnams
11818d40   __trunc
11819c40   __unlock
11816c00   __wrt_ok
11818d60   _abort
11816fc0   _atoi
1181a510   _bitmap
11818720   _c_int00
118170a0   _close
11818080   _copy_in
11813640   _cos
118198c4   _errno
11817a00   _exit
11818960   _fclose
118189c0   _fopen
11815200   _fputc
11812f80   _fputs
11813be0   _fread
118143e0   _free
118168c0   _fseek
11812240   _fwrite
1181074c   _imread
118109a8   _imshow
118181c0   _lseek
11817ac0   _ltoa
118104b8   _m_free
118101ec   _m_malloc
c0000000   _m_mem
11810658   _m_stat
11810cc8   _main
11815ec0   _malloc
1181a500   _mem_count
11810000   _mem_init
11818a20   _memccpy
11818260   _memcpy
11817180   _memset
118183a0   _modf
1181a514   _num_pixels
11816040   _open
118169e0   _perror
118198c8   _pointers
11817260   _printf
11815200   _putc
118184e0   _read
118187a0   _readmsg
11818d80   _remove
11810620   _s_free
118105a8   _s_malloc
c0c00000   _s_mem
11815620   _setvbuf
11814660   _sin
118100c8   _sort
1181a50c   _sp
11816d00   _sqrt
11818820   _unlink
1181a504   _upper_bound_m
1181a508   _upper_bound_s
11818580   _write
11818ae0   _writemsg
ffffffff   binit
1181a1a8   cinit
11800000   edata
1181a51c   end
11818da0   etext
ffffffff   pinit


GLOBAL SYMBOLS: SORTED BY Symbol Address 

address    name
--------   ----
00000001   __TI_args_main
00000800   __STACK_SIZE
00010000   __SYSMEM_SIZE
11800000   .data
11800000   ___data__
11800000   ___edata__
11800000   __sys_memory
11800000   edata
11810000   .text
11810000   ___text__
11810000   _mem_init
118100c8   _sort
118101ec   _m_malloc
118104b8   _m_free
118105a8   _s_malloc
11810620   _s_free
11810658   _m_stat
1181074c   _imread
118109a8   _imshow
11810cc8   _main
11811720   __divd
11812240   _fwrite
11812700   __printfi
11812f80   _fputs
11813640   _cos
11813be0   _fread
118143e0   _free
11814660   _sin
118148e0   __divull
11815200   _fputc
11815200   _putc
11815620   _setvbuf
11815ba0   __divul
11815d40   _HOSTrename
11815ec0   _malloc
11816040   _open
11816440   __buff_read
11816560   __closefile
118168c0   _fseek
118169e0   _perror
11816b00   _HOSTlseek
11816c00   __wrt_ok
11816d00   _sqrt
11816e00   _HOSTopen
11816ee0   __c6xabi_divi
11816ee0   __divi
11816fc0   _atoi
118170a0   _close
11817180   _memset
11817260   _printf
11817340   _HOSTread
11817400   _HOSTunlink
118174c0   _HOSTwrite
11817580   __auto_init
11817700   __c6xabi_divu
11817700   __divu
118177c0   __doflush
11817880   __rd_ok
11817940   __c6xabi_remi
11817940   __remi
11817a00   _exit
11817ac0   _ltoa
11817b80   _HOSTclose
11817c20   __cleanup
11817cc0   __divli
11817ea0   __fixdli
11817f40   __nround
11818080   _copy_in
118181c0   _lseek
11818260   _memcpy
118183a0   _modf
118184e0   _read
11818580   _write
11818620   __fltlid
118186a0   __llshl
11818720   _c_int00
118187a0   _readmsg
11818820   _unlink
118188a0   ___TI_cpp_init
11818900   __subcull
11818960   _fclose
118189c0   _fopen
11818a20   _memccpy
11818ae0   _writemsg
11818b38   C$$IO$$
11818b40   ___isinf
11818bc0   __args_main
11818c00   __frcmpyd_div
11818c40   __llshru
11818c80   __remli
11818cc0   __negll
11818ce0   __nop
11818d40   __trunc
11818d60   C$$EXIT
11818d60   _abort
11818d80   _remove
11818da0   ___etext__
11818da0   __stack
11818da0   etext
118195a0   __STACK_END
118195a0   __ftable
11819780   __tmpnams
118198c0   __ft_end
118198c4   _errno
118198c8   _pointers
11819a58   _Header
11819a66   _InfoHeader
11819c30   __cleanup_ptr
11819c34   __dtors_ptr
11819c38   ___TI_enable_exit_profile_output
11819c3c   __lock
11819c40   __unlock
11819f98   __ctypes_
1181a1a8   ___cinit__
1181a1a8   cinit
1181a3e0   __CIOBUF_
1181a500   $bss
1181a500   .bss
1181a500   ___bss__
1181a500   _mem_count
1181a504   _upper_bound_m
1181a508   _upper_bound_s
1181a50c   _sp
1181a510   _bitmap
1181a514   _num_pixels
1181a518   _SOBEL
1181a51c   ___end__
1181a51c   end
c0000000   _m_mem
c0c00000   _s_mem
ffffffff   ___TI_pprof_out_hndl
ffffffff   ___TI_prof_data_size
ffffffff   ___TI_prof_data_start
ffffffff   ___binit__
ffffffff   ___c_args__
ffffffff   ___pinit__
ffffffff   binit
ffffffff   pinit

[138 symbols]
