******************************************************************************
               TMS320C6x Linker PC v7.4.4                      
******************************************************************************
>> Linked Mon Oct 31 14:56:48 2016

OUTPUT FILE NAME:   <Lab 4.out>
ENTRY POINT SYMBOL: "_c_int00"  address: 11800ac0


MEMORY CONFIGURATION

         name            origin    length      used     unused   attr    fill
----------------------  --------  ---------  --------  --------  ----  --------
  dsp_l2_ram            11800000   00040000  00000c40  0003f3c0  RWIX
  shared_ram            80000000   00020000  00000000  00020000  RWIX
  external_ram          c0000000   08000000  00000000  08000000  RWIX


SECTION ALLOCATION MAP

 output                                  attributes/
section   page    origin      length       input sections
--------  ----  ----------  ----------   ----------------
.bss       0    11800000    00000000     UNINITIALIZED

.stack     0    11800000    00000800     UNINITIALIZED
                  11800000    00000008     rts6740.lib : boot.obj (.stack)
                  11800008    000007f8     --HOLE--

.data      0    11800000    00000000     UNINITIALIZED

.text      0    11800800    00000400     
                  11800800    000000c0     rts6740.lib : autoinit.obj (.text:__auto_init)
                  118008c0    000000c0                 : exit.obj (.text:_exit)
                  11800980    000000a0                 : cpy_tbl.obj (.text:_copy_in)
                  11800a20    000000a0                 : memcpy64.obj (.text:_memcpy)
                  11800ac0    00000080                 : boot.obj (.text:_c_int00)
                  11800b40    00000060                 : cpp_init.obj (.text:___TI_cpp_init)
                  11800ba0    00000040                 : args_main.obj (.text:__args_main)
                  11800be0    00000020                 : exit.obj (.text:_abort)

.cinit     0    11800c00    00000034     
                  11800c00    0000002c     rts6740.lib : exit.obj (.cinit)
                  11800c2c    00000004     --HOLE-- [fill = 0]
                  11800c30    00000004     (.pad.cinit) [fill = 0]

.far       0    11800c34    0000000c     UNINITIALIZED
                  11800c34    0000000c     rts6740.lib : exit.obj (.far)


GLOBAL SYMBOLS: SORTED ALPHABETICALLY BY Name 

address    name
--------   ----
11800000   $bss
11800000   .bss
11800000   .data
11800800   .text
11800be0   C$$EXIT
11800800   __STACK_END
00000800   __STACK_SIZE
00000001   __TI_args_main
11800b40   ___TI_cpp_init
11800c3c   ___TI_enable_exit_profile_output
ffffffff   ___TI_pprof_out_hndl
ffffffff   ___TI_prof_data_size
ffffffff   ___TI_prof_data_start
ffffffff   ___binit__
11800000   ___bss__
ffffffff   ___c_args__
11800c00   ___cinit__
11800000   ___data__
11800000   ___edata__
11800000   ___end__
11800c00   ___etext__
ffffffff   ___pinit__
11800800   ___text__
11800ba0   __args_main
11800800   __auto_init
11800c34   __cleanup_ptr
11800c38   __dtors_ptr
11800000   __stack
11800be0   _abort
11800ac0   _c_int00
11800980   _copy_in
118008c0   _exit
UNDEFED    _main
11800a20   _memcpy
ffffffff   binit
11800c00   cinit
11800000   edata
11800000   end
11800c00   etext
ffffffff   pinit


GLOBAL SYMBOLS: SORTED BY Symbol Address 

address    name
--------   ----
00000001   __TI_args_main
00000800   __STACK_SIZE
11800000   $bss
11800000   .bss
11800000   .data
11800000   ___bss__
11800000   ___data__
11800000   ___edata__
11800000   ___end__
11800000   __stack
11800000   edata
11800000   end
11800800   .text
11800800   __STACK_END
11800800   ___text__
11800800   __auto_init
118008c0   _exit
11800980   _copy_in
11800a20   _memcpy
11800ac0   _c_int00
11800b40   ___TI_cpp_init
11800ba0   __args_main
11800be0   C$$EXIT
11800be0   _abort
11800c00   ___cinit__
11800c00   ___etext__
11800c00   cinit
11800c00   etext
11800c34   __cleanup_ptr
11800c38   __dtors_ptr
11800c3c   ___TI_enable_exit_profile_output
ffffffff   ___TI_pprof_out_hndl
ffffffff   ___TI_prof_data_size
ffffffff   ___TI_prof_data_start
ffffffff   ___binit__
ffffffff   ___c_args__
ffffffff   ___pinit__
ffffffff   binit
ffffffff   pinit
UNDEFED    _main

[40 symbols]
