******************************************************************************
               TMS320C6x Linker PC v7.4.4                      
******************************************************************************
>> Linked Tue Sep 13 13:11:29 2016

OUTPUT FILE NAME:   <Lab_1.out>
ENTRY POINT SYMBOL: "_c_int00"  address: 11819040


MEMORY CONFIGURATION

         name            origin    length      used     unused   attr    fill
----------------------  --------  ---------  --------  --------  ----  --------
  dsp_l2_ram            11800000   00040000  0001a9fb  00025605  RWIX
  shared_ram            80000000   00020000  00000000  00020000  RWIX
  external_ram          c0000000   08000000  00000000  08000000  RWIX


SECTION ALLOCATION MAP

 output                                  attributes/
section   page    origin      length       input sections
--------  ----  ----------  ----------   ----------------
.data      0    11800000    00000000     UNINITIALIZED

.sysmem    0    11800000    00010000     UNINITIALIZED
                  11800000    00000008     rts6740.lib : memory.obj (.sysmem)
                  11800008    0000fff8     --HOLE--

.text      0    11810000    000095c0     
                  11810000    000016e0     L138_LCDK_aic3106_init.obj (.text)
                  118116e0    00000c20     evmomapl138_bsl.lib : evmomapl138.obj (.text)
                  11812300    000005a0     rts6740.lib : divd.obj (.text:__divd)
                  118128a0    00000580                 : _printfi.obj (.text:__getarg_diouxp)
                  11812e20    000004e0     evmomapl138_bsl.lib : evmomapl138_i2c_gpio.obj (.text)
                  11813300    00000440     rts6740.lib : _printfi.obj (.text:__printfi)
                  11813740    00000440                 : _printfi.obj (.text:__setfield)
                  11813b80    000003a0                 : fputs.obj (.text:_fputs)
                  11813f20    00000380     evmomapl138_bsl.lib : evmomapl138_gpio.obj (.text)
                  118142a0    00000380                         : evmomapl138_i2c.obj (.text)
                  11814620    00000320     rts6740.lib : _printfi.obj (.text:__pproc_fge)
                  11814940    000002c0                 : _printfi.obj (.text:__pproc_fwp)
                  11814c00    000002a0                 : _printfi.obj (.text:_ecvt)
                  11814ea0    000002a0                 : _printfi.obj (.text:_fcvt)
                  11815140    00000280                 : memory.obj (.text:_free)
                  118153c0    00000280                 : sin.obj (.text:_sin)
                  11815640    00000260                 : imath64.obj (.text:__divull)
                  118158a0    00000260                 : _printfi.obj (.text:__pconv_e)
                  11815b00    00000240                 : _printfi.obj (.text:__pproc_diouxp)
                  11815d40    00000220                 : _printfi.obj (.text:__pproc_str)
                  11815f60    00000220                 : fputc.obj (.text:_fputc)
                  11816180    00000220     lab1.obj (.text:retain)
                  118163a0    00000200     rts6740.lib : _printfi.obj (.text:__pconv_g)
                  118165a0    00000200                 : setvbuf.obj (.text:_setvbuf)
                  118167a0    000001e0     evmomapl138_bsl.lib : evmomapl138_timer.obj (.text)
                  11816980    000001c0     rts6740.lib : _printfi.obj (.text:__mcpy)
                  11816b40    000001a0                 : imath40.obj (.text:__divul)
                  11816ce0    000001a0     evmomapl138_bsl.lib : evmomapl138_aic3106.obj (.text)
                  11816e80    00000180     rts6740.lib : trgdrv.obj (.text:_HOSTrename)
                  11817000    00000180                 : memory.obj (.text:_malloc)
                  11817180    00000140                 : _printfi.obj (.text:__pproc_fflags)
                  118172c0    00000140                 : lowlev.obj (.text:_getdevice)
                  11817400    00000120                 : fclose.obj (.text:__closefile)
                  11817520    00000120                 : _printfi.obj (.text:__ltostr)
                  11817640    00000120                 : fseek.obj (.text:_fseek)
                  11817760    00000100                 : trgdrv.obj (.text:_HOSTlseek)
                  11817860    00000100                 : _io_perm.obj (.text:__wrt_ok)
                  11817960    000000e0                 : trgdrv.obj (.text:_HOSTopen)
                  11817a40    000000e0                 : atoi.obj (.text:_atoi)
                  11817b20    000000e0                 : lowlev.obj (.text:_close)
                  11817c00    000000e0                 : memset.obj (.text:_memset)
                  11817ce0    000000e0                 : printf.obj (.text:_printf)
                  11817dc0    000000c0                 : trgdrv.obj (.text:_HOSTread)
                  11817e80    000000c0                 : trgdrv.obj (.text:_HOSTunlink)
                  11817f40    000000c0                 : trgdrv.obj (.text:_HOSTwrite)
                  11818000    000000c0                 : autoinit.obj (.text:__auto_init)
                  118180c0    000000c0                 : _printfi.obj (.text:__div)
                  11818180    000000c0                 : divu.obj (.text:__divu)
                  11818240    000000c0                 : fflush.obj (.text:__doflush)
                  11818300    000000c0                 : exit.obj (.text:_exit)
                  118183c0    000000c0                 : ltoa.obj (.text:_ltoa)
                  11818480    000000c0     lab1.obj (.text)
                  11818540    000000a0     rts6740.lib : trgdrv.obj (.text:_HOSTclose)
                  118185e0    000000a0                 : fopen.obj (.text:__cleanup)
                  11818680    000000a0                 : imath40.obj (.text:__divli)
                  11818720    000000a0                 : _printfi.obj (.text:__ecpy)
                  118187c0    000000a0                 : _printfi.obj (.text:__fcpy)
                  11818860    000000a0                 : fixdli.obj (.text:__fixdli)
                  11818900    000000a0                 : round.obj (.text:__nround)
                  118189a0    000000a0                 : _printfi.obj (.text:__pconv_f)
                  11818a40    000000a0                 : cpy_tbl.obj (.text:_copy_in)
                  11818ae0    000000a0                 : lowlev.obj (.text:_finddevice)
                  11818b80    000000a0                 : lowlev.obj (.text:_lseek)
                  11818c20    000000a0                 : memcpy64.obj (.text:_memcpy)
                  11818cc0    000000a0                 : memory.obj (.text:_minsert)
                  11818d60    000000a0                 : modf.obj (.text:_modf)
                  11818e00    000000a0                 : memory.obj (.text:_mremove)
                  11818ea0    000000a0                 : lowlev.obj (.text:_write)
                  11818f40    00000080                 : fltlid.obj (.text:__fltlid)
                  11818fc0    00000080                 : llshift.obj (.text:__llshl)
                  11819040    00000080                 : boot.obj (.text:_c_int00)
                  118190c0    00000080                 : trgmsg.obj (.text:_readmsg)
                  11819140    00000080                 : lowlev.obj (.text:_unlink)
                  118191c0    00000060                 : cpp_init.obj (.text:___TI_cpp_init)
                  11819220    00000060                 : imath64.obj (.text:__subcull)
                  11819280    00000060                 : memccpy.obj (.text:_memccpy)
                  118192e0    00000060                 : trgmsg.obj (.text:_writemsg)
                  11819340    00000040                 : isinf.obj (.text:___isinf)
                  11819380    00000040                 : _printfi.obj (.text:___isnan)
                  118193c0    00000040                 : args_main.obj (.text:__args_main)
                  11819400    00000040                 : frcmpyd_div.obj (.text:__frcmpyd_div)
                  11819440    00000040                 : llshift.obj (.text:__llshru)
                  11819480    00000040                 : imath40.obj (.text:__remli)
                  118194c0    00000020                 : negll.obj (.text:__negll)
                  118194e0    00000020                 : _lock.obj (.text:__nop)
                  11819500    00000020                 : printf.obj (.text:__outc)
                  11819520    00000020                 : printf.obj (.text:__outs)
                  11819540    00000020                 : trunc.obj (.text:__trunc)
                  11819560    00000020                 : exit.obj (.text:_abort)
                  11819580    00000020                 : remove.obj (.text:_remove)
                  118195a0    00000020     vectors_intr.obj (.text)

.stack     0    118195c0    00000800     UNINITIALIZED
                  118195c0    00000008     rts6740.lib : boot.obj (.stack)
                  118195c8    000007f8     --HOLE--

.far       0    11819dc0    000004f8     UNINITIALIZED
                  11819dc0    00000324     rts6740.lib : defs.obj (.far)
                  1181a0e4    00000004                 : fopen.obj (.far)
                  1181a0e8    0000011c                 : lowlev.obj (.far)
                  1181a204    00000004     --HOLE--
                  1181a208    00000040     lab1.obj (.far)
                  1181a248    00000040     rts6740.lib : sin.obj (.far)
                  1181a288    0000000c                 : exit.obj (.far)
                  1181a294    00000008     L138_LCDK_aic3106_init.obj (.far)
                  1181a29c    00000008     rts6740.lib : _lock.obj (.far)
                  1181a2a4    00000008                 : memory.obj (.far)
                  1181a2ac    00000004     --HOLE--
                  1181a2b0    00000008                 : trgdrv.obj (.far)

.cio       0    1181a2b8    00000120     UNINITIALIZED
                  1181a2b8    00000120     rts6740.lib : trgmsg.obj (.cio)

.bss       0    1181a3d8    00000028     UNINITIALIZED
                  1181a3d8    0000001c     L138_LCDK_aic3106_init.obj (.bss)
                  1181a3f4    00000006     lab1.obj (.bss)
                  1181a3fa    00000002     --HOLE--
                  1181a3fc    00000004     evmomapl138_bsl.lib : evmomapl138_i2c.obj (.bss)

.vecs      0    1181a400    00000200     
                  1181a400    00000200     vectors_intr.obj (.vecs)

.const     0    1181a600    000001eb     
                  1181a600    00000101     rts6740.lib : ctype.obj (.const:.string:__ctypes_)
                  1181a701    00000002                 : fputs.obj (.const:.string)
                  1181a703    00000005     --HOLE-- [fill = 0]
                  1181a708    00000080     evmomapl138_bsl.lib : evmomapl138.obj (.const:_bitval_u32)
                  1181a788    00000040                         : evmomapl138.obj (.const:.string)
                  1181a7c8    00000023     rts6740.lib : _printfi.obj (.const:.string)

.cinit     0    1181a7f0    000001ec     
                  1181a7f0    0000005c     rts6740.lib : defs.obj (.cinit)
                  1181a84c    00000004     --HOLE-- [fill = 0]
                  1181a850    0000005c                 : lowlev.obj (.cinit)
                  1181a8ac    00000004     --HOLE-- [fill = 0]
                  1181a8b0    00000048                 : sin.obj (.cinit)
                  1181a8f8    0000002c     L138_LCDK_aic3106_init.obj (.cinit)
                  1181a924    00000004     --HOLE-- [fill = 0]
                  1181a928    0000002c     rts6740.lib : exit.obj (.cinit)
                  1181a954    00000004     --HOLE-- [fill = 0]
                  1181a958    0000002c                 : memory.obj (.cinit)
                  1181a984    00000004     --HOLE-- [fill = 0]
                  1181a988    0000001c                 : _lock.obj (.cinit)
                  1181a9a4    00000004     --HOLE-- [fill = 0]
                  1181a9a8    0000001a     lab1.obj (.cinit)
                  1181a9c2    00000006     --HOLE-- [fill = 0]
                  1181a9c8    0000000c     rts6740.lib : fopen.obj (.cinit)
                  1181a9d4    00000004     --HOLE-- [fill = 0]
                  1181a9d8    00000004     (.pad.cinit) [fill = 0]

.switch    0    1181a9dc    00000024     
                  1181a9dc    00000024     evmomapl138_bsl.lib : evmomapl138_gpio.obj (.switch:_getRegisterBankAndBit)


GLOBAL SYMBOLS: SORTED ALPHABETICALLY BY Name 

address    name
--------   ----
1181a3d8   $bss
1181a3d8   .bss
11800000   .data
11810000   .text
11819560   C$$EXIT
11819338   C$$IO$$
11816ce0   _AIC3106_init
11816dd8   _AIC3106_readRegister
11816e30   _AIC3106_writeRegister
1181a294   _AIC31_data
11810258   _EDMA3_PaRAM_setup
118118c8   _EVMOMAPL138_enableDsp
118116e0   _EVMOMAPL138_init
1181170c   _EVMOMAPL138_initRAM
11811990   _EVMOMAPL138_lpscTransition
118118f4   _EVMOMAPL138_pinmuxConfig
11813f98   _GPIO_getInput
11813f20   _GPIO_setDir
1181400c   _GPIO_setOutput
1181408c   _GPIO_toggleLoop
11818540   _HOSTclose
11817760   _HOSTlseek
11817960   _HOSTopen
11817dc0   _HOSTread
11816e80   _HOSTrename
11817e80   _HOSTunlink
11817f40   _HOSTwrite
11812ef4   _I2CGPIO_getInput
11813010   _I2CGPIO_getInputAll
11812e20   _I2CGPIO_init
11813120   _I2CGPIO_setOutput
11813268   _I2CGPIO_setOutputAll
118142a0   _I2C_init
1181438c   _I2C_read
118144e8   _I2C_write
11811118   _L138_init_LCDK_DIP
11810de0   _L138_init_aic3106_registers
11810630   _L138_init_mcasp_edma
118108ec   _L138_init_mcasp_intr
11810b4c   _L138_init_mcasp_poll
118111c4   _L138_initialise_edma
1181142c   _L138_initialise_intr
11811348   _L138_initialise_poll
11816884   _USTIMER_delay
11816944   _USTIMER_get
118167a0   _USTIMER_init
11816914   _USTIMER_reset
11816958   _USTIMER_set
118122e0   _UTIL_isUIBoardAttached
11812188   _UTIL_printMem
1181a2b8   __CIOBUF_
11819dc0   __STACK_END
00000800   __STACK_SIZE
00010000   __SYSMEM_SIZE
00000001   __TI_args_main
118191c0   ___TI_cpp_init
1181a290   ___TI_enable_exit_profile_output
ffffffff   ___TI_pprof_out_hndl
ffffffff   ___TI_prof_data_size
ffffffff   ___TI_prof_data_start
ffffffff   ___binit__
1181a3d8   ___bss__
ffffffff   ___c_args__
1181a7f0   ___cinit__
11800000   ___data__
11800000   ___edata__
1181a400   ___end__
118195c0   ___etext__
11819340   ___isinf
ffffffff   ___pinit__
11810000   ___text__
118193c0   __args_main
11818000   __auto_init
11818180   __c6xabi_divu
118185e0   __cleanup
1181a288   __cleanup_ptr
11817400   __closefile
1181a600   __ctypes_
11812300   __divd
11818680   __divli
11818180   __divu
11816b40   __divul
11815640   __divull
11818240   __doflush
1181a28c   __dtors_ptr
11818860   __fixdli
11818f40   __fltlid
11819400   __frcmpyd_div
1181a0e0   __ft_end
11819dc0   __ftable
11818fc0   __llshl
11819440   __llshru
1181a29c   __lock
118194c0   __negll
118194e0   __nop
11818900   __nround
11813300   __printfi
11819480   __remli
118195c0   __stack
11819220   __subcull
11800000   __sys_memory
11819fa0   __tmpnams
11819540   __trunc
1181a2a0   __unlock
11817860   __wrt_ok
11819560   _abort
11817a40   _atoi
1181a708   _bitval_u32
11819040   _c_int00
11817b20   _close
11811d68   _config_pll0
11811fa4   _config_pll1
11818a40   _copy_in
11818300   _exit
1181a3ec   _fb
11815f60   _fputc
11813b80   _fputs
11815140   _free
11817640   _fseek
1181a3f8   _gain
118101a8   _input_left_sample
11810200   _input_right_sample
11810150   _input_sample
11816180   _interrupt4
11818b80   _lseek
118183c0   _ltoa
11818480   _main
11817000   _malloc
11819280   _memccpy
11818c20   _memcpy
11817c00   _memset
11818d60   _modf
1181a3f6   _n
11810068   _output_left_sample
118100e0   _output_right_sample
11810000   _output_sample
1181a3dc   _pingIN
1181a3e0   _pingOUT
1181a3e4   _pongIN
1181a3e8   _pongOUT
118116b4   _prand
1181a3f0   _prand_seed
11811568   _prbs
11817ce0   _printf
11815f60   _putc
11811638   _rand31_next
11811160   _read_LCDK_user_DIP
118190c0   _readmsg
11819580   _remove
118165a0   _setvbuf
118153c0   _sin
1181a3f4   _sine_ptr
1181a208   _sine_table
1181a298   _sreg
11819140   _unlink
1181a420   _vector1
1181a540   _vector10
1181a560   _vector11
1181a580   _vector12
1181a5a0   _vector13
1181a5c0   _vector14
1181a5e0   _vector15
1181a440   _vector2
1181a460   _vector3
1181a4a0   _vector5
1181a4c0   _vector6
1181a4e0   _vector7
1181a500   _vector8
1181a520   _vector9
1181a400   _vectors
11818ea0   _write
118192e0   _writemsg
ffffffff   binit
1181a7f0   cinit
11800000   edata
1181a400   end
118195c0   etext
ffffffff   pinit


GLOBAL SYMBOLS: SORTED BY Symbol Address 

address    name
--------   ----
00000001   __TI_args_main
00000800   __STACK_SIZE
00010000   __SYSMEM_SIZE
11800000   .data
11800000   ___data__
11800000   ___edata__
11800000   __sys_memory
11800000   edata
11810000   .text
11810000   ___text__
11810000   _output_sample
11810068   _output_left_sample
118100e0   _output_right_sample
11810150   _input_sample
118101a8   _input_left_sample
11810200   _input_right_sample
11810258   _EDMA3_PaRAM_setup
11810630   _L138_init_mcasp_edma
118108ec   _L138_init_mcasp_intr
11810b4c   _L138_init_mcasp_poll
11810de0   _L138_init_aic3106_registers
11811118   _L138_init_LCDK_DIP
11811160   _read_LCDK_user_DIP
118111c4   _L138_initialise_edma
11811348   _L138_initialise_poll
1181142c   _L138_initialise_intr
11811568   _prbs
11811638   _rand31_next
118116b4   _prand
118116e0   _EVMOMAPL138_init
1181170c   _EVMOMAPL138_initRAM
118118c8   _EVMOMAPL138_enableDsp
118118f4   _EVMOMAPL138_pinmuxConfig
11811990   _EVMOMAPL138_lpscTransition
11811d68   _config_pll0
11811fa4   _config_pll1
11812188   _UTIL_printMem
118122e0   _UTIL_isUIBoardAttached
11812300   __divd
11812e20   _I2CGPIO_init
11812ef4   _I2CGPIO_getInput
11813010   _I2CGPIO_getInputAll
11813120   _I2CGPIO_setOutput
11813268   _I2CGPIO_setOutputAll
11813300   __printfi
11813b80   _fputs
11813f20   _GPIO_setDir
11813f98   _GPIO_getInput
1181400c   _GPIO_setOutput
1181408c   _GPIO_toggleLoop
118142a0   _I2C_init
1181438c   _I2C_read
118144e8   _I2C_write
11815140   _free
118153c0   _sin
11815640   __divull
11815f60   _fputc
11815f60   _putc
11816180   _interrupt4
118165a0   _setvbuf
118167a0   _USTIMER_init
11816884   _USTIMER_delay
11816914   _USTIMER_reset
11816944   _USTIMER_get
11816958   _USTIMER_set
11816b40   __divul
11816ce0   _AIC3106_init
11816dd8   _AIC3106_readRegister
11816e30   _AIC3106_writeRegister
11816e80   _HOSTrename
11817000   _malloc
11817400   __closefile
11817640   _fseek
11817760   _HOSTlseek
11817860   __wrt_ok
11817960   _HOSTopen
11817a40   _atoi
11817b20   _close
11817c00   _memset
11817ce0   _printf
11817dc0   _HOSTread
11817e80   _HOSTunlink
11817f40   _HOSTwrite
11818000   __auto_init
11818180   __c6xabi_divu
11818180   __divu
11818240   __doflush
11818300   _exit
118183c0   _ltoa
11818480   _main
11818540   _HOSTclose
118185e0   __cleanup
11818680   __divli
11818860   __fixdli
11818900   __nround
11818a40   _copy_in
11818b80   _lseek
11818c20   _memcpy
11818d60   _modf
11818ea0   _write
11818f40   __fltlid
11818fc0   __llshl
11819040   _c_int00
118190c0   _readmsg
11819140   _unlink
118191c0   ___TI_cpp_init
11819220   __subcull
11819280   _memccpy
118192e0   _writemsg
11819338   C$$IO$$
11819340   ___isinf
118193c0   __args_main
11819400   __frcmpyd_div
11819440   __llshru
11819480   __remli
118194c0   __negll
118194e0   __nop
11819540   __trunc
11819560   C$$EXIT
11819560   _abort
11819580   _remove
118195c0   ___etext__
118195c0   __stack
118195c0   etext
11819dc0   __STACK_END
11819dc0   __ftable
11819fa0   __tmpnams
1181a0e0   __ft_end
1181a208   _sine_table
1181a288   __cleanup_ptr
1181a28c   __dtors_ptr
1181a290   ___TI_enable_exit_profile_output
1181a294   _AIC31_data
1181a298   _sreg
1181a29c   __lock
1181a2a0   __unlock
1181a2b8   __CIOBUF_
1181a3d8   $bss
1181a3d8   .bss
1181a3d8   ___bss__
1181a3dc   _pingIN
1181a3e0   _pingOUT
1181a3e4   _pongIN
1181a3e8   _pongOUT
1181a3ec   _fb
1181a3f0   _prand_seed
1181a3f4   _sine_ptr
1181a3f6   _n
1181a3f8   _gain
1181a400   ___end__
1181a400   _vectors
1181a400   end
1181a420   _vector1
1181a440   _vector2
1181a460   _vector3
1181a4a0   _vector5
1181a4c0   _vector6
1181a4e0   _vector7
1181a500   _vector8
1181a520   _vector9
1181a540   _vector10
1181a560   _vector11
1181a580   _vector12
1181a5a0   _vector13
1181a5c0   _vector14
1181a5e0   _vector15
1181a600   __ctypes_
1181a708   _bitval_u32
1181a7f0   ___cinit__
1181a7f0   cinit
ffffffff   ___TI_pprof_out_hndl
ffffffff   ___TI_prof_data_size
ffffffff   ___TI_prof_data_start
ffffffff   ___binit__
ffffffff   ___c_args__
ffffffff   ___pinit__
ffffffff   binit
ffffffff   pinit

[178 symbols]
