******************************************************************************
               TMS320C6x Linker PC v7.4.4                      
******************************************************************************
>> Linked Mon Oct 10 15:12:21 2016

OUTPUT FILE NAME:   <Lab_2_Basic.out>
ENTRY POINT SYMBOL: "_c_int00"  address: 11818c60


MEMORY CONFIGURATION

         name            origin    length      used     unused   attr    fill
----------------------  --------  ---------  --------  --------  ----  --------
  dsp_l2_ram            11800000   00040000  0001a56f  00025a91  RWIX
  shared_ram            80000000   00020000  00000000  00020000  RWIX
  external_ram          c0000000   08000000  00000000  08000000  RWIX


SECTION ALLOCATION MAP

 output                                  attributes/
section   page    origin      length       input sections
--------  ----  ----------  ----------   ----------------
.data      0    11800000    00000000     UNINITIALIZED

.sysmem    0    11800000    00010000     UNINITIALIZED
                  11800000    00000008     rts6740.lib : memory.obj (.sysmem)
                  11800008    0000fff8     --HOLE--

.text      0    11810000    000091e0     
                  11810000    000016e0     L138_LCDK_aic3106_init.obj (.text)
                  118116e0    00000c20     evmomapl138_bsl.lib : evmomapl138.obj (.text)
                  11812300    000005a0     rts6740.lib : divd.obj (.text:__divd)
                  118128a0    00000580                 : _printfi.obj (.text:__getarg_diouxp)
                  11812e20    000004e0     evmomapl138_bsl.lib : evmomapl138_i2c_gpio.obj (.text)
                  11813300    00000440     rts6740.lib : _printfi.obj (.text:__printfi)
                  11813740    00000440                 : _printfi.obj (.text:__setfield)
                  11813b80    000003a0                 : fputs.obj (.text:_fputs)
                  11813f20    00000380     evmomapl138_bsl.lib : evmomapl138_gpio.obj (.text)
                  118142a0    00000380                         : evmomapl138_i2c.obj (.text)
                  11814620    00000320     rts6740.lib : _printfi.obj (.text:__pproc_fge)
                  11814940    000002c0                 : _printfi.obj (.text:__pproc_fwp)
                  11814c00    000002a0                 : _printfi.obj (.text:_ecvt)
                  11814ea0    000002a0                 : _printfi.obj (.text:_fcvt)
                  11815140    00000280                 : memory.obj (.text:_free)
                  118153c0    00000260                 : imath64.obj (.text:__divull)
                  11815620    00000260                 : _printfi.obj (.text:__pconv_e)
                  11815880    00000240                 : _printfi.obj (.text:__pproc_diouxp)
                  11815ac0    00000220                 : _printfi.obj (.text:__pproc_str)
                  11815ce0    00000220                 : fputc.obj (.text:_fputc)
                  11815f00    00000200                 : _printfi.obj (.text:__pconv_g)
                  11816100    00000200                 : setvbuf.obj (.text:_setvbuf)
                  11816300    00000200     fft.obj (.text:retain)
                  11816500    000001e0     evmomapl138_bsl.lib : evmomapl138_timer.obj (.text)
                  118166e0    000001c0     rts6740.lib : _printfi.obj (.text:__mcpy)
                  118168a0    000001a0                 : imath40.obj (.text:__divul)
                  11816a40    000001a0     evmomapl138_bsl.lib : evmomapl138_aic3106.obj (.text)
                  11816be0    00000180     rts6740.lib : trgdrv.obj (.text:_HOSTrename)
                  11816d60    00000180                 : memory.obj (.text:_malloc)
                  11816ee0    00000140                 : _printfi.obj (.text:__pproc_fflags)
                  11817020    00000140                 : lowlev.obj (.text:_getdevice)
                  11817160    00000120                 : fclose.obj (.text:__closefile)
                  11817280    00000120                 : _printfi.obj (.text:__ltostr)
                  118173a0    00000120                 : fseek.obj (.text:_fseek)
                  118174c0    00000100                 : trgdrv.obj (.text:_HOSTlseek)
                  118175c0    00000100                 : _io_perm.obj (.text:__wrt_ok)
                  118176c0    000000e0                 : trgdrv.obj (.text:_HOSTopen)
                  118177a0    000000e0                 : atoi.obj (.text:_atoi)
                  11817880    000000e0                 : lowlev.obj (.text:_close)
                  11817960    000000e0                 : memset.obj (.text:_memset)
                  11817a40    000000e0                 : printf.obj (.text:_printf)
                  11817b20    000000c0                 : trgdrv.obj (.text:_HOSTread)
                  11817be0    000000c0                 : trgdrv.obj (.text:_HOSTunlink)
                  11817ca0    000000c0                 : trgdrv.obj (.text:_HOSTwrite)
                  11817d60    000000c0                 : autoinit.obj (.text:__auto_init)
                  11817e20    000000c0                 : _printfi.obj (.text:__div)
                  11817ee0    000000c0                 : divu.obj (.text:__divu)
                  11817fa0    000000c0                 : fflush.obj (.text:__doflush)
                  11818060    000000c0                 : remi.obj (.text:__remi)
                  11818120    000000c0                 : exit.obj (.text:_exit)
                  118181e0    000000c0                 : ltoa.obj (.text:_ltoa)
                  118182a0    000000a0                 : trgdrv.obj (.text:_HOSTclose)
                  11818340    000000a0                 : fopen.obj (.text:__cleanup)
                  118183e0    000000a0                 : imath40.obj (.text:__divli)
                  11818480    000000a0                 : _printfi.obj (.text:__ecpy)
                  11818520    000000a0                 : _printfi.obj (.text:__fcpy)
                  118185c0    000000a0                 : fixdli.obj (.text:__fixdli)
                  11818660    000000a0                 : _printfi.obj (.text:__pconv_f)
                  11818700    000000a0                 : cpy_tbl.obj (.text:_copy_in)
                  118187a0    000000a0                 : lowlev.obj (.text:_finddevice)
                  11818840    000000a0                 : lowlev.obj (.text:_lseek)
                  118188e0    000000a0                 : memcpy64.obj (.text:_memcpy)
                  11818980    000000a0                 : memory.obj (.text:_minsert)
                  11818a20    000000a0                 : memory.obj (.text:_mremove)
                  11818ac0    000000a0                 : lowlev.obj (.text:_write)
                  11818b60    00000080                 : fltlid.obj (.text:__fltlid)
                  11818be0    00000080                 : llshift.obj (.text:__llshl)
                  11818c60    00000080                 : boot.obj (.text:_c_int00)
                  11818ce0    00000080                 : trgmsg.obj (.text:_readmsg)
                  11818d60    00000080                 : lowlev.obj (.text:_unlink)
                  11818de0    00000060                 : cpp_init.obj (.text:___TI_cpp_init)
                  11818e40    00000060                 : imath64.obj (.text:__subcull)
                  11818ea0    00000060                 : memccpy.obj (.text:_memccpy)
                  11818f00    00000060                 : trgmsg.obj (.text:_writemsg)
                  11818f60    00000040                 : isinf.obj (.text:___isinf)
                  11818fa0    00000040                 : _printfi.obj (.text:___isnan)
                  11818fe0    00000040                 : args_main.obj (.text:__args_main)
                  11819020    00000040                 : frcmpyd_div.obj (.text:__frcmpyd_div)
                  11819060    00000040                 : llshift.obj (.text:__llshru)
                  118190a0    00000040                 : imath40.obj (.text:__remli)
                  118190e0    00000020                 : negll.obj (.text:__negll)
                  11819100    00000020                 : _lock.obj (.text:__nop)
                  11819120    00000020                 : printf.obj (.text:__outc)
                  11819140    00000020                 : printf.obj (.text:__outs)
                  11819160    00000020                 : exit.obj (.text:_abort)
                  11819180    00000020                 : remove.obj (.text:_remove)
                  118191a0    00000020     fft.obj (.text)
                  118191c0    00000020     vectors_intr.obj (.text)

.stack     0    118191e0    00000800     UNINITIALIZED
                  118191e0    00000008     rts6740.lib : boot.obj (.stack)
                  118191e8    000007f8     --HOLE--

.far       0    118199e0    000004a8     UNINITIALIZED
                  118199e0    00000324     rts6740.lib : defs.obj (.far)
                  11819d04    00000004                 : fopen.obj (.far)
                  11819d08    0000011c                 : lowlev.obj (.far)
                  11819e24    00000004     --HOLE--
                  11819e28    00000030     fft.obj (.far)
                  11819e58    0000000c     rts6740.lib : exit.obj (.far)
                  11819e64    00000008     L138_LCDK_aic3106_init.obj (.far)
                  11819e6c    00000008     rts6740.lib : _lock.obj (.far)
                  11819e74    00000008                 : memory.obj (.far)
                  11819e7c    00000004     --HOLE--
                  11819e80    00000008                 : trgdrv.obj (.far)

.cio       0    11819e88    00000120     UNINITIALIZED
                  11819e88    00000120     rts6740.lib : trgmsg.obj (.cio)

.bss       0    11819fa8    00000024     UNINITIALIZED
                  11819fa8    0000001c     L138_LCDK_aic3106_init.obj (.bss)
                  11819fc4    00000004     evmomapl138_bsl.lib : evmomapl138_i2c.obj (.bss)
                  11819fc8    00000004     fft.obj (.bss)

.switch    0    11819fcc    00000024     
                  11819fcc    00000024     evmomapl138_bsl.lib : evmomapl138_gpio.obj (.switch:_getRegisterBankAndBit)

.vecs      0    1181a000    00000200     
                  1181a000    00000200     vectors_intr.obj (.vecs)

.const     0    1181a200    000001eb     
                  1181a200    00000101     rts6740.lib : ctype.obj (.const:.string:__ctypes_)
                  1181a301    00000002                 : fputs.obj (.const:.string)
                  1181a303    00000005     --HOLE-- [fill = 0]
                  1181a308    00000080     evmomapl138_bsl.lib : evmomapl138.obj (.const:_bitval_u32)
                  1181a388    00000040                         : evmomapl138.obj (.const:.string)
                  1181a3c8    00000023     rts6740.lib : _printfi.obj (.const:.string)

.cinit     0    1181a3f0    00000194     
                  1181a3f0    0000005c     rts6740.lib : defs.obj (.cinit)
                  1181a44c    00000004     --HOLE-- [fill = 0]
                  1181a450    0000005c                 : lowlev.obj (.cinit)
                  1181a4ac    00000004     --HOLE-- [fill = 0]
                  1181a4b0    0000002c     L138_LCDK_aic3106_init.obj (.cinit)
                  1181a4dc    00000004     --HOLE-- [fill = 0]
                  1181a4e0    0000002c     rts6740.lib : exit.obj (.cinit)
                  1181a50c    00000004     --HOLE-- [fill = 0]
                  1181a510    0000002c                 : memory.obj (.cinit)
                  1181a53c    00000004     --HOLE-- [fill = 0]
                  1181a540    0000001c                 : _lock.obj (.cinit)
                  1181a55c    00000004     --HOLE-- [fill = 0]
                  1181a560    0000000c     fft.obj (.cinit)
                  1181a56c    00000004     --HOLE-- [fill = 0]
                  1181a570    0000000c     rts6740.lib : fopen.obj (.cinit)
                  1181a57c    00000004     --HOLE-- [fill = 0]
                  1181a580    00000004     (.pad.cinit) [fill = 0]


GLOBAL SYMBOLS: SORTED ALPHABETICALLY BY Name 

address    name
--------   ----
11819fa8   $bss
11819fa8   .bss
11800000   .data
11810000   .text
11819160   C$$EXIT
11818f58   C$$IO$$
11816a40   _AIC3106_init
11816b38   _AIC3106_readRegister
11816b90   _AIC3106_writeRegister
11819e64   _AIC31_data
11810258   _EDMA3_PaRAM_setup
118118c8   _EVMOMAPL138_enableDsp
118116e0   _EVMOMAPL138_init
1181170c   _EVMOMAPL138_initRAM
11811990   _EVMOMAPL138_lpscTransition
118118f4   _EVMOMAPL138_pinmuxConfig
11813f98   _GPIO_getInput
11813f20   _GPIO_setDir
1181400c   _GPIO_setOutput
1181408c   _GPIO_toggleLoop
118182a0   _HOSTclose
118174c0   _HOSTlseek
118176c0   _HOSTopen
11817b20   _HOSTread
11816be0   _HOSTrename
11817be0   _HOSTunlink
11817ca0   _HOSTwrite
11812ef4   _I2CGPIO_getInput
11813010   _I2CGPIO_getInputAll
11812e20   _I2CGPIO_init
11813120   _I2CGPIO_setOutput
11813268   _I2CGPIO_setOutputAll
118142a0   _I2C_init
1181438c   _I2C_read
118144e8   _I2C_write
11811118   _L138_init_LCDK_DIP
11810de0   _L138_init_aic3106_registers
11810630   _L138_init_mcasp_edma
118108ec   _L138_init_mcasp_intr
11810b4c   _L138_init_mcasp_poll
118111c4   _L138_initialise_edma
1181142c   _L138_initialise_intr
11811348   _L138_initialise_poll
118165e4   _USTIMER_delay
118166a4   _USTIMER_get
11816500   _USTIMER_init
11816674   _USTIMER_reset
118166b8   _USTIMER_set
118122e0   _UTIL_isUIBoardAttached
11812188   _UTIL_printMem
11819e88   __CIOBUF_
118199e0   __STACK_END
00000800   __STACK_SIZE
00010000   __SYSMEM_SIZE
00000001   __TI_args_main
11818de0   ___TI_cpp_init
11819e60   ___TI_enable_exit_profile_output
ffffffff   ___TI_pprof_out_hndl
ffffffff   ___TI_prof_data_size
ffffffff   ___TI_prof_data_start
ffffffff   ___binit__
11819fa8   ___bss__
ffffffff   ___c_args__
1181a3f0   ___cinit__
11800000   ___data__
11800000   ___edata__
11819fcc   ___end__
118191e0   ___etext__
11818f60   ___isinf
ffffffff   ___pinit__
11810000   ___text__
11818fe0   __args_main
11817d60   __auto_init
11817ee0   __c6xabi_divu
11818060   __c6xabi_remi
11818340   __cleanup
11819e58   __cleanup_ptr
11817160   __closefile
1181a200   __ctypes_
11812300   __divd
118183e0   __divli
11817ee0   __divu
118168a0   __divul
118153c0   __divull
11817fa0   __doflush
11819e5c   __dtors_ptr
118185c0   __fixdli
11818b60   __fltlid
11819020   __frcmpyd_div
11819d00   __ft_end
118199e0   __ftable
11818be0   __llshl
11819060   __llshru
11819e6c   __lock
118190e0   __negll
11819100   __nop
11813300   __printfi
11818060   __remi
118190a0   __remli
118191e0   __stack
11818e40   __subcull
11800000   __sys_memory
11819bc0   __tmpnams
11819e70   __unlock
118175c0   __wrt_ok
11819160   _abort
118177a0   _atoi
1181a308   _bitval_u32
11818c60   _c_int00
11819e28   _circ_buff
11817880   _close
11811d68   _config_pll0
11811fa4   _config_pll1
11818700   _copy_in
11818120   _exit
11819fbc   _fb
11815ce0   _fputc
11813b80   _fputs
11815140   _free
118173a0   _fseek
11819fc8   _i
118101a8   _input_left_sample
11810200   _input_right_sample
11810150   _input_sample
11816300   _interrupt4
11818840   _lseek
118181e0   _ltoa
118191a0   _main
11816d60   _malloc
11818ea0   _memccpy
118188e0   _memcpy
11817960   _memset
11810068   _output_left_sample
118100e0   _output_right_sample
11810000   _output_sample
11819fac   _pingIN
11819fb0   _pingOUT
11819fb4   _pongIN
11819fb8   _pongOUT
118116b4   _prand
11819fc0   _prand_seed
11811568   _prbs
11817a40   _printf
11815ce0   _putc
11811638   _rand31_next
11811160   _read_LCDK_user_DIP
11818ce0   _readmsg
11819180   _remove
11816100   _setvbuf
11819e68   _sreg
11818d60   _unlink
1181a020   _vector1
1181a140   _vector10
1181a160   _vector11
1181a180   _vector12
1181a1a0   _vector13
1181a1c0   _vector14
1181a1e0   _vector15
1181a040   _vector2
1181a060   _vector3
1181a0a0   _vector5
1181a0c0   _vector6
1181a0e0   _vector7
1181a100   _vector8
1181a120   _vector9
1181a000   _vectors
11818ac0   _write
11818f00   _writemsg
ffffffff   binit
1181a3f0   cinit
11800000   edata
11819fcc   end
118191e0   etext
ffffffff   pinit


GLOBAL SYMBOLS: SORTED BY Symbol Address 

address    name
--------   ----
00000001   __TI_args_main
00000800   __STACK_SIZE
00010000   __SYSMEM_SIZE
11800000   .data
11800000   ___data__
11800000   ___edata__
11800000   __sys_memory
11800000   edata
11810000   .text
11810000   ___text__
11810000   _output_sample
11810068   _output_left_sample
118100e0   _output_right_sample
11810150   _input_sample
118101a8   _input_left_sample
11810200   _input_right_sample
11810258   _EDMA3_PaRAM_setup
11810630   _L138_init_mcasp_edma
118108ec   _L138_init_mcasp_intr
11810b4c   _L138_init_mcasp_poll
11810de0   _L138_init_aic3106_registers
11811118   _L138_init_LCDK_DIP
11811160   _read_LCDK_user_DIP
118111c4   _L138_initialise_edma
11811348   _L138_initialise_poll
1181142c   _L138_initialise_intr
11811568   _prbs
11811638   _rand31_next
118116b4   _prand
118116e0   _EVMOMAPL138_init
1181170c   _EVMOMAPL138_initRAM
118118c8   _EVMOMAPL138_enableDsp
118118f4   _EVMOMAPL138_pinmuxConfig
11811990   _EVMOMAPL138_lpscTransition
11811d68   _config_pll0
11811fa4   _config_pll1
11812188   _UTIL_printMem
118122e0   _UTIL_isUIBoardAttached
11812300   __divd
11812e20   _I2CGPIO_init
11812ef4   _I2CGPIO_getInput
11813010   _I2CGPIO_getInputAll
11813120   _I2CGPIO_setOutput
11813268   _I2CGPIO_setOutputAll
11813300   __printfi
11813b80   _fputs
11813f20   _GPIO_setDir
11813f98   _GPIO_getInput
1181400c   _GPIO_setOutput
1181408c   _GPIO_toggleLoop
118142a0   _I2C_init
1181438c   _I2C_read
118144e8   _I2C_write
11815140   _free
118153c0   __divull
11815ce0   _fputc
11815ce0   _putc
11816100   _setvbuf
11816300   _interrupt4
11816500   _USTIMER_init
118165e4   _USTIMER_delay
11816674   _USTIMER_reset
118166a4   _USTIMER_get
118166b8   _USTIMER_set
118168a0   __divul
11816a40   _AIC3106_init
11816b38   _AIC3106_readRegister
11816b90   _AIC3106_writeRegister
11816be0   _HOSTrename
11816d60   _malloc
11817160   __closefile
118173a0   _fseek
118174c0   _HOSTlseek
118175c0   __wrt_ok
118176c0   _HOSTopen
118177a0   _atoi
11817880   _close
11817960   _memset
11817a40   _printf
11817b20   _HOSTread
11817be0   _HOSTunlink
11817ca0   _HOSTwrite
11817d60   __auto_init
11817ee0   __c6xabi_divu
11817ee0   __divu
11817fa0   __doflush
11818060   __c6xabi_remi
11818060   __remi
11818120   _exit
118181e0   _ltoa
118182a0   _HOSTclose
11818340   __cleanup
118183e0   __divli
118185c0   __fixdli
11818700   _copy_in
11818840   _lseek
118188e0   _memcpy
11818ac0   _write
11818b60   __fltlid
11818be0   __llshl
11818c60   _c_int00
11818ce0   _readmsg
11818d60   _unlink
11818de0   ___TI_cpp_init
11818e40   __subcull
11818ea0   _memccpy
11818f00   _writemsg
11818f58   C$$IO$$
11818f60   ___isinf
11818fe0   __args_main
11819020   __frcmpyd_div
11819060   __llshru
118190a0   __remli
118190e0   __negll
11819100   __nop
11819160   C$$EXIT
11819160   _abort
11819180   _remove
118191a0   _main
118191e0   ___etext__
118191e0   __stack
118191e0   etext
118199e0   __STACK_END
118199e0   __ftable
11819bc0   __tmpnams
11819d00   __ft_end
11819e28   _circ_buff
11819e58   __cleanup_ptr
11819e5c   __dtors_ptr
11819e60   ___TI_enable_exit_profile_output
11819e64   _AIC31_data
11819e68   _sreg
11819e6c   __lock
11819e70   __unlock
11819e88   __CIOBUF_
11819fa8   $bss
11819fa8   .bss
11819fa8   ___bss__
11819fac   _pingIN
11819fb0   _pingOUT
11819fb4   _pongIN
11819fb8   _pongOUT
11819fbc   _fb
11819fc0   _prand_seed
11819fc8   _i
11819fcc   ___end__
11819fcc   end
1181a000   _vectors
1181a020   _vector1
1181a040   _vector2
1181a060   _vector3
1181a0a0   _vector5
1181a0c0   _vector6
1181a0e0   _vector7
1181a100   _vector8
1181a120   _vector9
1181a140   _vector10
1181a160   _vector11
1181a180   _vector12
1181a1a0   _vector13
1181a1c0   _vector14
1181a1e0   _vector15
1181a200   __ctypes_
1181a308   _bitval_u32
1181a3f0   ___cinit__
1181a3f0   cinit
ffffffff   ___TI_pprof_out_hndl
ffffffff   ___TI_prof_data_size
ffffffff   ___TI_prof_data_start
ffffffff   ___binit__
ffffffff   ___c_args__
ffffffff   ___pinit__
ffffffff   binit
ffffffff   pinit

[174 symbols]
