<?xml version="1.0"?>
<link_info>
   <banner>TMS320C6x Linker PC v7.4.4</banner>
   <copyright>Copyright (c) 1996-2013 Texas Instruments Incorporated</copyright>
   <link_time>0x57d85d71</link_time>
   <output_file>Lab_1.out</output_file>
   <entry_point>
      <name>_c_int00</name>
      <address>0x11819040</address>
   </entry_point>
   <input_file_list>
      <input_file id="fl-2">
         <path>.\</path>
         <kind>object</kind>
         <file>vectors_intr.obj</file>
         <name>vectors_intr.obj</name>
      </input_file>
      <input_file id="fl-3">
         <path>.\</path>
         <kind>object</kind>
         <file>lab1.obj</file>
         <name>lab1.obj</name>
      </input_file>
      <input_file id="fl-4">
         <path>.\</path>
         <kind>object</kind>
         <file>L138_LCDK_aic3106_init.obj</file>
         <name>L138_LCDK_aic3106_init.obj</name>
      </input_file>
      <input_file id="fl-9">
         <path>C:\Users\EE113D\MyProjects\OMAP-L138_GEL_BSL_Files\bsl\lib\</path>
         <kind>archive</kind>
         <file>evmomapl138_bsl.lib</file>
         <name>evmomapl138_timer.obj</name>
      </input_file>
      <input_file id="fl-a">
         <path>C:\Users\EE113D\MyProjects\OMAP-L138_GEL_BSL_Files\bsl\lib\</path>
         <kind>archive</kind>
         <file>evmomapl138_bsl.lib</file>
         <name>evmomapl138_gpio.obj</name>
      </input_file>
      <input_file id="fl-b">
         <path>C:\Users\EE113D\MyProjects\OMAP-L138_GEL_BSL_Files\bsl\lib\</path>
         <kind>archive</kind>
         <file>evmomapl138_bsl.lib</file>
         <name>evmomapl138_aic3106.obj</name>
      </input_file>
      <input_file id="fl-c">
         <path>C:\Users\EE113D\MyProjects\OMAP-L138_GEL_BSL_Files\bsl\lib\</path>
         <kind>archive</kind>
         <file>evmomapl138_bsl.lib</file>
         <name>evmomapl138.obj</name>
      </input_file>
      <input_file id="fl-d">
         <path>C:\Users\EE113D\MyProjects\OMAP-L138_GEL_BSL_Files\bsl\lib\</path>
         <kind>archive</kind>
         <file>evmomapl138_bsl.lib</file>
         <name>evmomapl138_i2c_gpio.obj</name>
      </input_file>
      <input_file id="fl-e">
         <path>C:\Users\EE113D\MyProjects\OMAP-L138_GEL_BSL_Files\bsl\lib\</path>
         <kind>archive</kind>
         <file>evmomapl138_bsl.lib</file>
         <name>evmomapl138_i2c.obj</name>
      </input_file>
      <input_file id="fl-f">
         <path>C:\ti\ccsv5\tools\compiler\c6000_7.4.4\lib\</path>
         <kind>archive</kind>
         <file>rts6740.lib</file>
         <name>boot.obj</name>
      </input_file>
      <input_file id="fl-10">
         <path>C:\ti\ccsv5\tools\compiler\c6000_7.4.4\lib\</path>
         <kind>archive</kind>
         <file>rts6740.lib</file>
         <name>divd.obj</name>
      </input_file>
      <input_file id="fl-11">
         <path>C:\ti\ccsv5\tools\compiler\c6000_7.4.4\lib\</path>
         <kind>archive</kind>
         <file>rts6740.lib</file>
         <name>exit.obj</name>
      </input_file>
      <input_file id="fl-12">
         <path>C:\ti\ccsv5\tools\compiler\c6000_7.4.4\lib\</path>
         <kind>archive</kind>
         <file>rts6740.lib</file>
         <name>frcmpyd_div.obj</name>
      </input_file>
      <input_file id="fl-13">
         <path>C:\ti\ccsv5\tools\compiler\c6000_7.4.4\lib\</path>
         <kind>archive</kind>
         <file>rts6740.lib</file>
         <name>llshift.obj</name>
      </input_file>
      <input_file id="fl-14">
         <path>C:\ti\ccsv5\tools\compiler\c6000_7.4.4\lib\</path>
         <kind>archive</kind>
         <file>rts6740.lib</file>
         <name>memory.obj</name>
      </input_file>
      <input_file id="fl-15">
         <path>C:\ti\ccsv5\tools\compiler\c6000_7.4.4\lib\</path>
         <kind>archive</kind>
         <file>rts6740.lib</file>
         <name>printf.obj</name>
      </input_file>
      <input_file id="fl-16">
         <path>C:\ti\ccsv5\tools\compiler\c6000_7.4.4\lib\</path>
         <kind>archive</kind>
         <file>rts6740.lib</file>
         <name>sin.obj</name>
      </input_file>
      <input_file id="fl-17">
         <path>C:\ti\ccsv5\tools\compiler\c6000_7.4.4\lib\</path>
         <kind>archive</kind>
         <file>rts6740.lib</file>
         <name>trunc.obj</name>
      </input_file>
      <input_file id="fl-18">
         <path>C:\ti\ccsv5\tools\compiler\c6000_7.4.4\lib\</path>
         <kind>archive</kind>
         <file>rts6740.lib</file>
         <name>_lock.obj</name>
      </input_file>
      <input_file id="fl-19">
         <path>C:\ti\ccsv5\tools\compiler\c6000_7.4.4\lib\</path>
         <kind>archive</kind>
         <file>rts6740.lib</file>
         <name>_printfi.obj</name>
      </input_file>
      <input_file id="fl-1a">
         <path>C:\ti\ccsv5\tools\compiler\c6000_7.4.4\lib\</path>
         <kind>archive</kind>
         <file>rts6740.lib</file>
         <name>args_main.obj</name>
      </input_file>
      <input_file id="fl-1b">
         <path>C:\ti\ccsv5\tools\compiler\c6000_7.4.4\lib\</path>
         <kind>archive</kind>
         <file>rts6740.lib</file>
         <name>atoi.obj</name>
      </input_file>
      <input_file id="fl-1c">
         <path>C:\ti\ccsv5\tools\compiler\c6000_7.4.4\lib\</path>
         <kind>archive</kind>
         <file>rts6740.lib</file>
         <name>autoinit.obj</name>
      </input_file>
      <input_file id="fl-1d">
         <path>C:\ti\ccsv5\tools\compiler\c6000_7.4.4\lib\</path>
         <kind>archive</kind>
         <file>rts6740.lib</file>
         <name>cpp_init.obj</name>
      </input_file>
      <input_file id="fl-1e">
         <path>C:\ti\ccsv5\tools\compiler\c6000_7.4.4\lib\</path>
         <kind>archive</kind>
         <file>rts6740.lib</file>
         <name>cpy_tbl.obj</name>
      </input_file>
      <input_file id="fl-1f">
         <path>C:\ti\ccsv5\tools\compiler\c6000_7.4.4\lib\</path>
         <kind>archive</kind>
         <file>rts6740.lib</file>
         <name>ctype.obj</name>
      </input_file>
      <input_file id="fl-20">
         <path>C:\ti\ccsv5\tools\compiler\c6000_7.4.4\lib\</path>
         <kind>archive</kind>
         <file>rts6740.lib</file>
         <name>defs.obj</name>
      </input_file>
      <input_file id="fl-21">
         <path>C:\ti\ccsv5\tools\compiler\c6000_7.4.4\lib\</path>
         <kind>archive</kind>
         <file>rts6740.lib</file>
         <name>divu.obj</name>
      </input_file>
      <input_file id="fl-22">
         <path>C:\ti\ccsv5\tools\compiler\c6000_7.4.4\lib\</path>
         <kind>archive</kind>
         <file>rts6740.lib</file>
         <name>fixdli.obj</name>
      </input_file>
      <input_file id="fl-23">
         <path>C:\ti\ccsv5\tools\compiler\c6000_7.4.4\lib\</path>
         <kind>archive</kind>
         <file>rts6740.lib</file>
         <name>fltlid.obj</name>
      </input_file>
      <input_file id="fl-24">
         <path>C:\ti\ccsv5\tools\compiler\c6000_7.4.4\lib\</path>
         <kind>archive</kind>
         <file>rts6740.lib</file>
         <name>fputc.obj</name>
      </input_file>
      <input_file id="fl-25">
         <path>C:\ti\ccsv5\tools\compiler\c6000_7.4.4\lib\</path>
         <kind>archive</kind>
         <file>rts6740.lib</file>
         <name>fputs.obj</name>
      </input_file>
      <input_file id="fl-26">
         <path>C:\ti\ccsv5\tools\compiler\c6000_7.4.4\lib\</path>
         <kind>archive</kind>
         <file>rts6740.lib</file>
         <name>imath40.obj</name>
      </input_file>
      <input_file id="fl-27">
         <path>C:\ti\ccsv5\tools\compiler\c6000_7.4.4\lib\</path>
         <kind>archive</kind>
         <file>rts6740.lib</file>
         <name>imath64.obj</name>
      </input_file>
      <input_file id="fl-28">
         <path>C:\ti\ccsv5\tools\compiler\c6000_7.4.4\lib\</path>
         <kind>archive</kind>
         <file>rts6740.lib</file>
         <name>isinf.obj</name>
      </input_file>
      <input_file id="fl-29">
         <path>C:\ti\ccsv5\tools\compiler\c6000_7.4.4\lib\</path>
         <kind>archive</kind>
         <file>rts6740.lib</file>
         <name>lowlev.obj</name>
      </input_file>
      <input_file id="fl-2a">
         <path>C:\ti\ccsv5\tools\compiler\c6000_7.4.4\lib\</path>
         <kind>archive</kind>
         <file>rts6740.lib</file>
         <name>ltoa.obj</name>
      </input_file>
      <input_file id="fl-2b">
         <path>C:\ti\ccsv5\tools\compiler\c6000_7.4.4\lib\</path>
         <kind>archive</kind>
         <file>rts6740.lib</file>
         <name>memccpy.obj</name>
      </input_file>
      <input_file id="fl-2c">
         <path>C:\ti\ccsv5\tools\compiler\c6000_7.4.4\lib\</path>
         <kind>archive</kind>
         <file>rts6740.lib</file>
         <name>memcpy64.obj</name>
      </input_file>
      <input_file id="fl-2d">
         <path>C:\ti\ccsv5\tools\compiler\c6000_7.4.4\lib\</path>
         <kind>archive</kind>
         <file>rts6740.lib</file>
         <name>memset.obj</name>
      </input_file>
      <input_file id="fl-2e">
         <path>C:\ti\ccsv5\tools\compiler\c6000_7.4.4\lib\</path>
         <kind>archive</kind>
         <file>rts6740.lib</file>
         <name>modf.obj</name>
      </input_file>
      <input_file id="fl-2f">
         <path>C:\ti\ccsv5\tools\compiler\c6000_7.4.4\lib\</path>
         <kind>archive</kind>
         <file>rts6740.lib</file>
         <name>negll.obj</name>
      </input_file>
      <input_file id="fl-30">
         <path>C:\ti\ccsv5\tools\compiler\c6000_7.4.4\lib\</path>
         <kind>archive</kind>
         <file>rts6740.lib</file>
         <name>round.obj</name>
      </input_file>
      <input_file id="fl-31">
         <path>C:\ti\ccsv5\tools\compiler\c6000_7.4.4\lib\</path>
         <kind>archive</kind>
         <file>rts6740.lib</file>
         <name>trgdrv.obj</name>
      </input_file>
      <input_file id="fl-32">
         <path>C:\ti\ccsv5\tools\compiler\c6000_7.4.4\lib\</path>
         <kind>archive</kind>
         <file>rts6740.lib</file>
         <name>trgmsg.obj</name>
      </input_file>
      <input_file id="fl-33">
         <path>C:\ti\ccsv5\tools\compiler\c6000_7.4.4\lib\</path>
         <kind>archive</kind>
         <file>rts6740.lib</file>
         <name>_io_perm.obj</name>
      </input_file>
      <input_file id="fl-34">
         <path>C:\ti\ccsv5\tools\compiler\c6000_7.4.4\lib\</path>
         <kind>archive</kind>
         <file>rts6740.lib</file>
         <name>abs.obj</name>
      </input_file>
      <input_file id="fl-35">
         <path>C:\ti\ccsv5\tools\compiler\c6000_7.4.4\lib\</path>
         <kind>archive</kind>
         <file>rts6740.lib</file>
         <name>fflush.obj</name>
      </input_file>
      <input_file id="fl-36">
         <path>C:\ti\ccsv5\tools\compiler\c6000_7.4.4\lib\</path>
         <kind>archive</kind>
         <file>rts6740.lib</file>
         <name>fseek.obj</name>
      </input_file>
      <input_file id="fl-37">
         <path>C:\ti\ccsv5\tools\compiler\c6000_7.4.4\lib\</path>
         <kind>archive</kind>
         <file>rts6740.lib</file>
         <name>setvbuf.obj</name>
      </input_file>
      <input_file id="fl-38">
         <path>C:\ti\ccsv5\tools\compiler\c6000_7.4.4\lib\</path>
         <kind>archive</kind>
         <file>rts6740.lib</file>
         <name>fopen.obj</name>
      </input_file>
      <input_file id="fl-39">
         <path>C:\ti\ccsv5\tools\compiler\c6000_7.4.4\lib\</path>
         <kind>archive</kind>
         <file>rts6740.lib</file>
         <name>fclose.obj</name>
      </input_file>
      <input_file id="fl-3a">
         <path>C:\ti\ccsv5\tools\compiler\c6000_7.4.4\lib\</path>
         <kind>archive</kind>
         <file>rts6740.lib</file>
         <name>remove.obj</name>
      </input_file>
   </input_file_list>
   <object_component_list>
      <object_component id="oc-d6">
         <name>.text</name>
         <load_address>0x11810000</load_address>
         <run_address>0x11810000</run_address>
         <size>0x16e0</size>
         <input_file_ref idref="fl-4"/>
      </object_component>
      <object_component id="oc-e8">
         <name>.text</name>
         <load_address>0x118116e0</load_address>
         <run_address>0x118116e0</run_address>
         <size>0xc20</size>
         <input_file_ref idref="fl-c"/>
      </object_component>
      <object_component id="oc-eb">
         <name>.text:__divd</name>
         <load_address>0x11812300</load_address>
         <run_address>0x11812300</run_address>
         <size>0x5a0</size>
         <input_file_ref idref="fl-10"/>
      </object_component>
      <object_component id="oc-112">
         <name>.text:__getarg_diouxp</name>
         <load_address>0x118128a0</load_address>
         <run_address>0x118128a0</run_address>
         <size>0x580</size>
         <input_file_ref idref="fl-19"/>
      </object_component>
      <object_component id="oc-f3">
         <name>.text</name>
         <load_address>0x11812e20</load_address>
         <run_address>0x11812e20</run_address>
         <size>0x4e0</size>
         <input_file_ref idref="fl-d"/>
      </object_component>
      <object_component id="oc-fa">
         <name>.text:__printfi</name>
         <load_address>0x11813300</load_address>
         <run_address>0x11813300</run_address>
         <size>0x440</size>
         <input_file_ref idref="fl-19"/>
      </object_component>
      <object_component id="oc-ff">
         <name>.text:__setfield</name>
         <load_address>0x11813740</load_address>
         <run_address>0x11813740</run_address>
         <size>0x440</size>
         <input_file_ref idref="fl-19"/>
      </object_component>
      <object_component id="oc-fc">
         <name>.text:_fputs</name>
         <load_address>0x11813b80</load_address>
         <run_address>0x11813b80</run_address>
         <size>0x3a0</size>
         <input_file_ref idref="fl-25"/>
      </object_component>
      <object_component id="oc-e5">
         <name>.text</name>
         <load_address>0x11813f20</load_address>
         <run_address>0x11813f20</run_address>
         <size>0x380</size>
         <input_file_ref idref="fl-a"/>
      </object_component>
      <object_component id="oc-ed">
         <name>.text</name>
         <load_address>0x118142a0</load_address>
         <run_address>0x118142a0</run_address>
         <size>0x380</size>
         <input_file_ref idref="fl-e"/>
      </object_component>
      <object_component id="oc-107">
         <name>.text:__pproc_fge</name>
         <load_address>0x11814620</load_address>
         <run_address>0x11814620</run_address>
         <size>0x320</size>
         <input_file_ref idref="fl-19"/>
      </object_component>
      <object_component id="oc-fe">
         <name>.text:__pproc_fwp</name>
         <load_address>0x11814940</load_address>
         <run_address>0x11814940</run_address>
         <size>0x2c0</size>
         <input_file_ref idref="fl-19"/>
      </object_component>
      <object_component id="oc-118">
         <name>.text:_ecvt</name>
         <load_address>0x11814c00</load_address>
         <run_address>0x11814c00</run_address>
         <size>0x2a0</size>
         <input_file_ref idref="fl-19"/>
      </object_component>
      <object_component id="oc-11b">
         <name>.text:_fcvt</name>
         <load_address>0x11814ea0</load_address>
         <run_address>0x11814ea0</run_address>
         <size>0x2a0</size>
         <input_file_ref idref="fl-19"/>
      </object_component>
      <object_component id="oc-116">
         <name>.text:_free</name>
         <load_address>0x11815140</load_address>
         <run_address>0x11815140</run_address>
         <size>0x280</size>
         <input_file_ref idref="fl-14"/>
      </object_component>
      <object_component id="oc-ec">
         <name>.text:_sin</name>
         <load_address>0x118153c0</load_address>
         <run_address>0x118153c0</run_address>
         <size>0x280</size>
         <input_file_ref idref="fl-16"/>
      </object_component>
      <object_component id="oc-124">
         <name>.text:__divull</name>
         <load_address>0x11815640</load_address>
         <run_address>0x11815640</run_address>
         <size>0x260</size>
         <input_file_ref idref="fl-27"/>
      </object_component>
      <object_component id="oc-111">
         <name>.text:__pconv_e</name>
         <load_address>0x118158a0</load_address>
         <run_address>0x118158a0</run_address>
         <size>0x260</size>
         <input_file_ref idref="fl-19"/>
      </object_component>
      <object_component id="oc-108">
         <name>.text:__pproc_diouxp</name>
         <load_address>0x11815b00</load_address>
         <run_address>0x11815b00</run_address>
         <size>0x240</size>
         <input_file_ref idref="fl-19"/>
      </object_component>
      <object_component id="oc-100">
         <name>.text:__pproc_str</name>
         <load_address>0x11815d40</load_address>
         <run_address>0x11815d40</run_address>
         <size>0x220</size>
         <input_file_ref idref="fl-19"/>
      </object_component>
      <object_component id="oc-101">
         <name>.text:_fputc</name>
         <load_address>0x11815f60</load_address>
         <run_address>0x11815f60</run_address>
         <size>0x220</size>
         <input_file_ref idref="fl-24"/>
      </object_component>
      <object_component id="oc-18">
         <name>.text:retain</name>
         <load_address>0x11816180</load_address>
         <run_address>0x11816180</run_address>
         <size>0x220</size>
         <input_file_ref idref="fl-3"/>
      </object_component>
      <object_component id="oc-10f">
         <name>.text:__pconv_g</name>
         <load_address>0x118163a0</load_address>
         <run_address>0x118163a0</run_address>
         <size>0x200</size>
         <input_file_ref idref="fl-19"/>
      </object_component>
      <object_component id="oc-10b">
         <name>.text:_setvbuf</name>
         <load_address>0x118165a0</load_address>
         <run_address>0x118165a0</run_address>
         <size>0x200</size>
         <input_file_ref idref="fl-37"/>
      </object_component>
      <object_component id="oc-e7">
         <name>.text</name>
         <load_address>0x118167a0</load_address>
         <run_address>0x118167a0</run_address>
         <size>0x1e0</size>
         <input_file_ref idref="fl-9"/>
      </object_component>
      <object_component id="oc-11a">
         <name>.text:__mcpy</name>
         <load_address>0x11816980</load_address>
         <run_address>0x11816980</run_address>
         <size>0x1c0</size>
         <input_file_ref idref="fl-19"/>
      </object_component>
      <object_component id="oc-123">
         <name>.text:__divul</name>
         <load_address>0x11816b40</load_address>
         <run_address>0x11816b40</run_address>
         <size>0x1a0</size>
         <input_file_ref idref="fl-26"/>
      </object_component>
      <object_component id="oc-e4">
         <name>.text</name>
         <load_address>0x11816ce0</load_address>
         <run_address>0x11816ce0</run_address>
         <size>0x1a0</size>
         <input_file_ref idref="fl-b"/>
      </object_component>
      <object_component id="oc-de">
         <name>.text:_HOSTrename</name>
         <load_address>0x11816e80</load_address>
         <run_address>0x11816e80</run_address>
         <size>0x180</size>
         <input_file_ref idref="fl-31"/>
      </object_component>
      <object_component id="oc-e6">
         <name>.text:_malloc</name>
         <load_address>0x11817000</load_address>
         <run_address>0x11817000</run_address>
         <size>0x180</size>
         <input_file_ref idref="fl-14"/>
      </object_component>
      <object_component id="oc-fd">
         <name>.text:__pproc_fflags</name>
         <load_address>0x11817180</load_address>
         <run_address>0x11817180</run_address>
         <size>0x140</size>
         <input_file_ref idref="fl-19"/>
      </object_component>
      <object_component id="oc-12c">
         <name>.text:_getdevice</name>
         <load_address>0x118172c0</load_address>
         <run_address>0x118172c0</run_address>
         <size>0x140</size>
         <input_file_ref idref="fl-29"/>
      </object_component>
      <object_component id="oc-11e">
         <name>.text:__closefile</name>
         <load_address>0x11817400</load_address>
         <run_address>0x11817400</run_address>
         <size>0x120</size>
         <input_file_ref idref="fl-39"/>
      </object_component>
      <object_component id="oc-114">
         <name>.text:__ltostr</name>
         <load_address>0x11817520</load_address>
         <run_address>0x11817520</run_address>
         <size>0x120</size>
         <input_file_ref idref="fl-19"/>
      </object_component>
      <object_component id="oc-10a">
         <name>.text:_fseek</name>
         <load_address>0x11817640</load_address>
         <run_address>0x11817640</run_address>
         <size>0x120</size>
         <input_file_ref idref="fl-36"/>
      </object_component>
      <object_component id="oc-dc">
         <name>.text:_HOSTlseek</name>
         <load_address>0x11817760</load_address>
         <run_address>0x11817760</run_address>
         <size>0x100</size>
         <input_file_ref idref="fl-31"/>
      </object_component>
      <object_component id="oc-102">
         <name>.text:__wrt_ok</name>
         <load_address>0x11817860</load_address>
         <run_address>0x11817860</run_address>
         <size>0x100</size>
         <input_file_ref idref="fl-33"/>
      </object_component>
      <object_component id="oc-d8">
         <name>.text:_HOSTopen</name>
         <load_address>0x11817960</load_address>
         <run_address>0x11817960</run_address>
         <size>0xe0</size>
         <input_file_ref idref="fl-31"/>
      </object_component>
      <object_component id="oc-106">
         <name>.text:_atoi</name>
         <load_address>0x11817a40</load_address>
         <run_address>0x11817a40</run_address>
         <size>0xe0</size>
         <input_file_ref idref="fl-1b"/>
      </object_component>
      <object_component id="oc-125">
         <name>.text:_close</name>
         <load_address>0x11817b20</load_address>
         <run_address>0x11817b20</run_address>
         <size>0xe0</size>
         <input_file_ref idref="fl-29"/>
      </object_component>
      <object_component id="oc-105">
         <name>.text:_memset</name>
         <load_address>0x11817c00</load_address>
         <run_address>0x11817c00</run_address>
         <size>0xe0</size>
         <input_file_ref idref="fl-2d"/>
      </object_component>
      <object_component id="oc-f2">
         <name>.text:_printf</name>
         <load_address>0x11817ce0</load_address>
         <run_address>0x11817ce0</run_address>
         <size>0xe0</size>
         <input_file_ref idref="fl-15"/>
      </object_component>
      <object_component id="oc-da">
         <name>.text:_HOSTread</name>
         <load_address>0x11817dc0</load_address>
         <run_address>0x11817dc0</run_address>
         <size>0xc0</size>
         <input_file_ref idref="fl-31"/>
      </object_component>
      <object_component id="oc-dd">
         <name>.text:_HOSTunlink</name>
         <load_address>0x11817e80</load_address>
         <run_address>0x11817e80</run_address>
         <size>0xc0</size>
         <input_file_ref idref="fl-31"/>
      </object_component>
      <object_component id="oc-db">
         <name>.text:_HOSTwrite</name>
         <load_address>0x11817f40</load_address>
         <run_address>0x11817f40</run_address>
         <size>0xc0</size>
         <input_file_ref idref="fl-31"/>
      </object_component>
      <object_component id="oc-d3">
         <name>.text:__auto_init</name>
         <load_address>0x11818000</load_address>
         <run_address>0x11818000</run_address>
         <size>0xc0</size>
         <input_file_ref idref="fl-1c"/>
      </object_component>
      <object_component id="oc-11d">
         <name>.text:__div</name>
         <load_address>0x118180c0</load_address>
         <run_address>0x118180c0</run_address>
         <size>0xc0</size>
         <input_file_ref idref="fl-19"/>
      </object_component>
      <object_component id="oc-122">
         <name>.text:__divu</name>
         <load_address>0x11818180</load_address>
         <run_address>0x11818180</run_address>
         <size>0xc0</size>
         <input_file_ref idref="fl-21"/>
      </object_component>
      <object_component id="oc-103">
         <name>.text:__doflush</name>
         <load_address>0x11818240</load_address>
         <run_address>0x11818240</run_address>
         <size>0xc0</size>
         <input_file_ref idref="fl-35"/>
      </object_component>
      <object_component id="oc-d5">
         <name>.text:_exit</name>
         <load_address>0x11818300</load_address>
         <run_address>0x11818300</run_address>
         <size>0xc0</size>
         <input_file_ref idref="fl-11"/>
      </object_component>
      <object_component id="oc-120">
         <name>.text:_ltoa</name>
         <load_address>0x118183c0</load_address>
         <run_address>0x118183c0</run_address>
         <size>0xc0</size>
         <input_file_ref idref="fl-2a"/>
      </object_component>
      <object_component id="oc-e2">
         <name>.text</name>
         <load_address>0x11818480</load_address>
         <run_address>0x11818480</run_address>
         <size>0xc0</size>
         <input_file_ref idref="fl-3"/>
      </object_component>
      <object_component id="oc-d9">
         <name>.text:_HOSTclose</name>
         <load_address>0x11818540</load_address>
         <run_address>0x11818540</run_address>
         <size>0xa0</size>
         <input_file_ref idref="fl-31"/>
      </object_component>
      <object_component id="oc-117">
         <name>.text:__cleanup</name>
         <load_address>0x118185e0</load_address>
         <run_address>0x118185e0</run_address>
         <size>0xa0</size>
         <input_file_ref idref="fl-38"/>
      </object_component>
      <object_component id="oc-128">
         <name>.text:__divli</name>
         <load_address>0x11818680</load_address>
         <run_address>0x11818680</run_address>
         <size>0xa0</size>
         <input_file_ref idref="fl-26"/>
      </object_component>
      <object_component id="oc-119">
         <name>.text:__ecpy</name>
         <load_address>0x11818720</load_address>
         <run_address>0x11818720</run_address>
         <size>0xa0</size>
         <input_file_ref idref="fl-19"/>
      </object_component>
      <object_component id="oc-11c">
         <name>.text:__fcpy</name>
         <load_address>0x118187c0</load_address>
         <run_address>0x118187c0</run_address>
         <size>0xa0</size>
         <input_file_ref idref="fl-19"/>
      </object_component>
      <object_component id="oc-11f">
         <name>.text:__fixdli</name>
         <load_address>0x11818860</load_address>
         <run_address>0x11818860</run_address>
         <size>0xa0</size>
         <input_file_ref idref="fl-22"/>
      </object_component>
      <object_component id="oc-f7">
         <name>.text:__nround</name>
         <load_address>0x11818900</load_address>
         <run_address>0x11818900</run_address>
         <size>0xa0</size>
         <input_file_ref idref="fl-30"/>
      </object_component>
      <object_component id="oc-110">
         <name>.text:__pconv_f</name>
         <load_address>0x118189a0</load_address>
         <run_address>0x118189a0</run_address>
         <size>0xa0</size>
         <input_file_ref idref="fl-19"/>
      </object_component>
      <object_component id="oc-df">
         <name>.text:_copy_in</name>
         <load_address>0x11818a40</load_address>
         <run_address>0x11818a40</run_address>
         <size>0xa0</size>
         <input_file_ref idref="fl-1e"/>
      </object_component>
      <object_component id="oc-12d">
         <name>.text:_finddevice</name>
         <load_address>0x11818ae0</load_address>
         <run_address>0x11818ae0</run_address>
         <size>0xa0</size>
         <input_file_ref idref="fl-29"/>
      </object_component>
      <object_component id="oc-115">
         <name>.text:_lseek</name>
         <load_address>0x11818b80</load_address>
         <run_address>0x11818b80</run_address>
         <size>0xa0</size>
         <input_file_ref idref="fl-29"/>
      </object_component>
      <object_component id="oc-e0">
         <name>.text:_memcpy</name>
         <load_address>0x11818c20</load_address>
         <run_address>0x11818c20</run_address>
         <size>0xa0</size>
         <input_file_ref idref="fl-2c"/>
      </object_component>
      <object_component id="oc-f1">
         <name>.text:_minsert</name>
         <load_address>0x11818cc0</load_address>
         <run_address>0x11818cc0</run_address>
         <size>0xa0</size>
         <input_file_ref idref="fl-14"/>
      </object_component>
      <object_component id="oc-f8">
         <name>.text:_modf</name>
         <load_address>0x11818d60</load_address>
         <run_address>0x11818d60</run_address>
         <size>0xa0</size>
         <input_file_ref idref="fl-2e"/>
      </object_component>
      <object_component id="oc-f0">
         <name>.text:_mremove</name>
         <load_address>0x11818e00</load_address>
         <run_address>0x11818e00</run_address>
         <size>0xa0</size>
         <input_file_ref idref="fl-14"/>
      </object_component>
      <object_component id="oc-104">
         <name>.text:_write</name>
         <load_address>0x11818ea0</load_address>
         <run_address>0x11818ea0</run_address>
         <size>0xa0</size>
         <input_file_ref idref="fl-29"/>
      </object_component>
      <object_component id="oc-121">
         <name>.text:__fltlid</name>
         <load_address>0x11818f40</load_address>
         <run_address>0x11818f40</run_address>
         <size>0x80</size>
         <input_file_ref idref="fl-23"/>
      </object_component>
      <object_component id="oc-129">
         <name>.text:__llshl</name>
         <load_address>0x11818fc0</load_address>
         <run_address>0x11818fc0</run_address>
         <size>0x80</size>
         <input_file_ref idref="fl-13"/>
      </object_component>
      <object_component id="oc-e">
         <name>.text:_c_int00</name>
         <load_address>0x11819040</load_address>
         <run_address>0x11819040</run_address>
         <size>0x80</size>
         <input_file_ref idref="fl-f"/>
      </object_component>
      <object_component id="oc-ea">
         <name>.text:_readmsg</name>
         <load_address>0x118190c0</load_address>
         <run_address>0x118190c0</run_address>
         <size>0x80</size>
         <input_file_ref idref="fl-32"/>
      </object_component>
      <object_component id="oc-12b">
         <name>.text:_unlink</name>
         <load_address>0x11819140</load_address>
         <run_address>0x11819140</run_address>
         <size>0x80</size>
         <input_file_ref idref="fl-29"/>
      </object_component>
      <object_component id="oc-e1">
         <name>.text:___TI_cpp_init</name>
         <load_address>0x118191c0</load_address>
         <run_address>0x118191c0</run_address>
         <size>0x60</size>
         <input_file_ref idref="fl-1d"/>
      </object_component>
      <object_component id="oc-12a">
         <name>.text:__subcull</name>
         <load_address>0x11819220</load_address>
         <run_address>0x11819220</run_address>
         <size>0x60</size>
         <input_file_ref idref="fl-27"/>
      </object_component>
      <object_component id="oc-109">
         <name>.text:_memccpy</name>
         <load_address>0x11819280</load_address>
         <run_address>0x11819280</run_address>
         <size>0x60</size>
         <input_file_ref idref="fl-2b"/>
      </object_component>
      <object_component id="oc-e9">
         <name>.text:_writemsg</name>
         <load_address>0x118192e0</load_address>
         <run_address>0x118192e0</run_address>
         <size>0x60</size>
         <input_file_ref idref="fl-32"/>
      </object_component>
      <object_component id="oc-10e">
         <name>.text:___isinf</name>
         <load_address>0x11819340</load_address>
         <run_address>0x11819340</run_address>
         <size>0x40</size>
         <input_file_ref idref="fl-28"/>
      </object_component>
      <object_component id="oc-10d">
         <name>.text:___isnan</name>
         <load_address>0x11819380</load_address>
         <run_address>0x11819380</run_address>
         <size>0x40</size>
         <input_file_ref idref="fl-19"/>
      </object_component>
      <object_component id="oc-d4">
         <name>.text:__args_main</name>
         <load_address>0x118193c0</load_address>
         <run_address>0x118193c0</run_address>
         <size>0x40</size>
         <input_file_ref idref="fl-1a"/>
      </object_component>
      <object_component id="oc-f5">
         <name>.text:__frcmpyd_div</name>
         <load_address>0x11819400</load_address>
         <run_address>0x11819400</run_address>
         <size>0x40</size>
         <input_file_ref idref="fl-12"/>
      </object_component>
      <object_component id="oc-f4">
         <name>.text:__llshru</name>
         <load_address>0x11819440</load_address>
         <run_address>0x11819440</run_address>
         <size>0x40</size>
         <input_file_ref idref="fl-13"/>
      </object_component>
      <object_component id="oc-127">
         <name>.text:__remli</name>
         <load_address>0x11819480</load_address>
         <run_address>0x11819480</run_address>
         <size>0x40</size>
         <input_file_ref idref="fl-26"/>
      </object_component>
      <object_component id="oc-113">
         <name>.text:__negll</name>
         <load_address>0x118194c0</load_address>
         <run_address>0x118194c0</run_address>
         <size>0x20</size>
         <input_file_ref idref="fl-2f"/>
      </object_component>
      <object_component id="oc-d7">
         <name>.text:__nop</name>
         <load_address>0x118194e0</load_address>
         <run_address>0x118194e0</run_address>
         <size>0x20</size>
         <input_file_ref idref="fl-18"/>
      </object_component>
      <object_component id="oc-fb">
         <name>.text:__outc</name>
         <load_address>0x11819500</load_address>
         <run_address>0x11819500</run_address>
         <size>0x20</size>
         <input_file_ref idref="fl-15"/>
      </object_component>
      <object_component id="oc-f9">
         <name>.text:__outs</name>
         <load_address>0x11819520</load_address>
         <run_address>0x11819520</run_address>
         <size>0x20</size>
         <input_file_ref idref="fl-15"/>
      </object_component>
      <object_component id="oc-f6">
         <name>.text:__trunc</name>
         <load_address>0x11819540</load_address>
         <run_address>0x11819540</run_address>
         <size>0x20</size>
         <input_file_ref idref="fl-17"/>
      </object_component>
      <object_component id="oc-e3">
         <name>.text:_abort</name>
         <load_address>0x11819560</load_address>
         <run_address>0x11819560</run_address>
         <size>0x20</size>
         <input_file_ref idref="fl-11"/>
      </object_component>
      <object_component id="oc-126">
         <name>.text:_remove</name>
         <load_address>0x11819580</load_address>
         <run_address>0x11819580</run_address>
         <size>0x20</size>
         <input_file_ref idref="fl-3a"/>
      </object_component>
      <object_component id="oc-f">
         <name>.text</name>
         <load_address>0x118195a0</load_address>
         <run_address>0x118195a0</run_address>
         <size>0x20</size>
         <input_file_ref idref="fl-2"/>
      </object_component>
      <object_component id="oc-10c">
         <name>.const:.string:__ctypes_</name>
         <load_address>0x1181a600</load_address>
         <run_address>0x1181a600</run_address>
         <size>0x101</size>
         <input_file_ref idref="fl-1f"/>
      </object_component>
      <object_component id="oc-8b">
         <name>.const:.string</name>
         <load_address>0x1181a701</load_address>
         <run_address>0x1181a701</run_address>
         <size>0x2</size>
         <input_file_ref idref="fl-25"/>
      </object_component>
      <object_component id="oc-ef">
         <name>.const:_bitval_u32</name>
         <load_address>0x1181a708</load_address>
         <run_address>0x1181a708</run_address>
         <size>0x80</size>
         <input_file_ref idref="fl-c"/>
      </object_component>
      <object_component id="oc-30">
         <name>.const:.string</name>
         <load_address>0x1181a788</load_address>
         <run_address>0x1181a788</run_address>
         <size>0x40</size>
         <input_file_ref idref="fl-c"/>
      </object_component>
      <object_component id="oc-66">
         <name>.const:.string</name>
         <load_address>0x1181a7c8</load_address>
         <run_address>0x1181a7c8</run_address>
         <size>0x23</size>
         <input_file_ref idref="fl-19"/>
      </object_component>
      <object_component id="oc-14">
         <name>.bss</name>
         <uninitialized>true</uninitialized>
         <run_address>0x1181a3f4</run_address>
         <size>0x6</size>
         <input_file_ref idref="fl-3"/>
      </object_component>
      <object_component id="oc-1c">
         <name>.bss</name>
         <uninitialized>true</uninitialized>
         <run_address>0x1181a3d8</run_address>
         <size>0x1c</size>
         <input_file_ref idref="fl-4"/>
      </object_component>
      <object_component id="oc-38">
         <name>.bss</name>
         <uninitialized>true</uninitialized>
         <run_address>0x1181a3fc</run_address>
         <size>0x4</size>
         <input_file_ref idref="fl-e"/>
      </object_component>
      <object_component id="oc-17">
         <name>.far</name>
         <uninitialized>true</uninitialized>
         <run_address>0x1181a208</run_address>
         <size>0x40</size>
         <input_file_ref idref="fl-3"/>
      </object_component>
      <object_component id="oc-1f">
         <name>.far</name>
         <uninitialized>true</uninitialized>
         <run_address>0x1181a294</run_address>
         <size>0x8</size>
         <input_file_ref idref="fl-4"/>
      </object_component>
      <object_component id="oc-46">
         <name>.far</name>
         <uninitialized>true</uninitialized>
         <run_address>0x1181a288</run_address>
         <size>0xc</size>
         <input_file_ref idref="fl-11"/>
      </object_component>
      <object_component id="oc-51">
         <name>.far</name>
         <uninitialized>true</uninitialized>
         <run_address>0x1181a2a4</run_address>
         <size>0x8</size>
         <input_file_ref idref="fl-14"/>
      </object_component>
      <object_component id="oc-5a">
         <name>.far</name>
         <uninitialized>true</uninitialized>
         <run_address>0x1181a248</run_address>
         <size>0x40</size>
         <input_file_ref idref="fl-16"/>
      </object_component>
      <object_component id="oc-62">
         <name>.far</name>
         <uninitialized>true</uninitialized>
         <run_address>0x1181a29c</run_address>
         <size>0x8</size>
         <input_file_ref idref="fl-18"/>
      </object_component>
      <object_component id="oc-7c">
         <name>.far</name>
         <uninitialized>true</uninitialized>
         <run_address>0x11819dc0</run_address>
         <size>0x324</size>
         <input_file_ref idref="fl-20"/>
      </object_component>
      <object_component id="oc-99">
         <name>.far</name>
         <uninitialized>true</uninitialized>
         <run_address>0x1181a0e8</run_address>
         <size>0x11c</size>
         <input_file_ref idref="fl-29"/>
      </object_component>
      <object_component id="oc-b2">
         <name>.far</name>
         <uninitialized>true</uninitialized>
         <run_address>0x1181a2b0</run_address>
         <size>0x8</size>
         <input_file_ref idref="fl-31"/>
      </object_component>
      <object_component id="oc-ca">
         <name>.far</name>
         <uninitialized>true</uninitialized>
         <run_address>0x1181a0e4</run_address>
         <size>0x4</size>
         <input_file_ref idref="fl-38"/>
      </object_component>
      <object_component id="oc-ee">
         <name>.switch:_getRegisterBankAndBit</name>
         <load_address>0x1181a9dc</load_address>
         <run_address>0x1181a9dc</run_address>
         <size>0x24</size>
         <input_file_ref idref="fl-a"/>
      </object_component>
      <object_component id="oc-3e">
         <name>.stack</name>
         <uninitialized>true</uninitialized>
         <run_address>0x118195c0</run_address>
         <size>0x8</size>
         <input_file_ref idref="fl-f"/>
      </object_component>
      <object_component id="oc-143">
         <name>.stack</name>
         <uninitialized>true</uninitialized>
         <run_address>0x118195c0</run_address>
         <size>0x0</size>
      </object_component>
      <object_component id="oc-7b">
         <name>.cinit</name>
         <load_address>0x1181a7f0</load_address>
         <run_address>0x1181a7f0</run_address>
         <size>0x5c</size>
         <input_file_ref idref="fl-20"/>
      </object_component>
      <object_component id="oc-98">
         <name>.cinit</name>
         <load_address>0x1181a850</load_address>
         <run_address>0x1181a850</run_address>
         <size>0x5c</size>
         <input_file_ref idref="fl-29"/>
      </object_component>
      <object_component id="oc-59">
         <name>.cinit</name>
         <load_address>0x1181a8b0</load_address>
         <run_address>0x1181a8b0</run_address>
         <size>0x48</size>
         <input_file_ref idref="fl-16"/>
      </object_component>
      <object_component id="oc-1e">
         <name>.cinit</name>
         <load_address>0x1181a8f8</load_address>
         <run_address>0x1181a8f8</run_address>
         <size>0x2c</size>
         <input_file_ref idref="fl-4"/>
      </object_component>
      <object_component id="oc-45">
         <name>.cinit</name>
         <load_address>0x1181a928</load_address>
         <run_address>0x1181a928</run_address>
         <size>0x2c</size>
         <input_file_ref idref="fl-11"/>
      </object_component>
      <object_component id="oc-50">
         <name>.cinit</name>
         <load_address>0x1181a958</load_address>
         <run_address>0x1181a958</run_address>
         <size>0x2c</size>
         <input_file_ref idref="fl-14"/>
      </object_component>
      <object_component id="oc-61">
         <name>.cinit</name>
         <load_address>0x1181a988</load_address>
         <run_address>0x1181a988</run_address>
         <size>0x1c</size>
         <input_file_ref idref="fl-18"/>
      </object_component>
      <object_component id="oc-16">
         <name>.cinit</name>
         <load_address>0x1181a9a8</load_address>
         <run_address>0x1181a9a8</run_address>
         <size>0x1a</size>
         <input_file_ref idref="fl-3"/>
      </object_component>
      <object_component id="oc-c9">
         <name>.cinit</name>
         <load_address>0x1181a9c8</load_address>
         <run_address>0x1181a9c8</run_address>
         <size>0xc</size>
         <input_file_ref idref="fl-38"/>
      </object_component>
      <object_component id="oc-52">
         <name>.sysmem</name>
         <uninitialized>true</uninitialized>
         <run_address>0x11800000</run_address>
         <size>0x8</size>
         <input_file_ref idref="fl-14"/>
      </object_component>
      <object_component id="oc-144">
         <name>.sysmem</name>
         <uninitialized>true</uninitialized>
         <run_address>0x11800000</run_address>
         <size>0x0</size>
      </object_component>
      <object_component id="oc-b6">
         <name>.cio</name>
         <uninitialized>true</uninitialized>
         <run_address>0x1181a2b8</run_address>
         <size>0x120</size>
         <input_file_ref idref="fl-32"/>
      </object_component>
      <object_component id="oc-10">
         <name>.vecs</name>
         <load_address>0x1181a400</load_address>
         <run_address>0x1181a400</run_address>
         <size>0x200</size>
         <input_file_ref idref="fl-2"/>
      </object_component>
      <object_component id="oc-11">
         <name>.debug_info</name>
         <load_address>0x0</load_address>
         <run_address>0x0</run_address>
         <size>0xdb</size>
         <input_file_ref idref="fl-2"/>
      </object_component>
      <object_component id="oc-15">
         <name>.debug_info</name>
         <load_address>0xdb</load_address>
         <run_address>0xdb</run_address>
         <size>0x87b</size>
         <input_file_ref idref="fl-3"/>
      </object_component>
      <object_component id="oc-1d">
         <name>.debug_info</name>
         <load_address>0x956</load_address>
         <run_address>0x956</run_address>
         <size>0x3dc9</size>
         <input_file_ref idref="fl-4"/>
      </object_component>
      <object_component id="oc-23">
         <name>.debug_info</name>
         <load_address>0x471f</load_address>
         <run_address>0x471f</run_address>
         <size>0xb66</size>
         <input_file_ref idref="fl-9"/>
      </object_component>
      <object_component id="oc-27">
         <name>.debug_info</name>
         <load_address>0x5285</load_address>
         <run_address>0x5285</run_address>
         <size>0x103b</size>
         <input_file_ref idref="fl-a"/>
      </object_component>
      <object_component id="oc-2b">
         <name>.debug_info</name>
         <load_address>0x62c0</load_address>
         <run_address>0x62c0</run_address>
         <size>0xf0d</size>
         <input_file_ref idref="fl-b"/>
      </object_component>
      <object_component id="oc-2f">
         <name>.debug_info</name>
         <load_address>0x71cd</load_address>
         <run_address>0x71cd</run_address>
         <size>0x27ab</size>
         <input_file_ref idref="fl-c"/>
      </object_component>
      <object_component id="oc-34">
         <name>.debug_info</name>
         <load_address>0x9978</load_address>
         <run_address>0x9978</run_address>
         <size>0xf63</size>
         <input_file_ref idref="fl-d"/>
      </object_component>
      <object_component id="oc-39">
         <name>.debug_info</name>
         <load_address>0xa8db</load_address>
         <run_address>0xa8db</run_address>
         <size>0x1400</size>
         <input_file_ref idref="fl-e"/>
      </object_component>
      <object_component id="oc-3d">
         <name>.debug_info</name>
         <load_address>0xbcdb</load_address>
         <run_address>0xbcdb</run_address>
         <size>0x6f2</size>
         <input_file_ref idref="fl-f"/>
      </object_component>
      <object_component id="oc-41">
         <name>.debug_info</name>
         <load_address>0xc3cd</load_address>
         <run_address>0xc3cd</run_address>
         <size>0x96a</size>
         <input_file_ref idref="fl-10"/>
      </object_component>
      <object_component id="oc-44">
         <name>.debug_info</name>
         <load_address>0xcd37</load_address>
         <run_address>0xcd37</run_address>
         <size>0x7bf</size>
         <input_file_ref idref="fl-11"/>
      </object_component>
      <object_component id="oc-49">
         <name>.debug_info</name>
         <load_address>0xd4f6</load_address>
         <run_address>0xd4f6</run_address>
         <size>0x653</size>
         <input_file_ref idref="fl-12"/>
      </object_component>
      <object_component id="oc-4c">
         <name>.debug_info</name>
         <load_address>0xdb49</load_address>
         <run_address>0xdb49</run_address>
         <size>0x6e8</size>
         <input_file_ref idref="fl-13"/>
      </object_component>
      <object_component id="oc-4f">
         <name>.debug_info</name>
         <load_address>0xe231</load_address>
         <run_address>0xe231</run_address>
         <size>0xabf</size>
         <input_file_ref idref="fl-14"/>
      </object_component>
      <object_component id="oc-55">
         <name>.debug_info</name>
         <load_address>0xecf0</load_address>
         <run_address>0xecf0</run_address>
         <size>0x8e9</size>
         <input_file_ref idref="fl-15"/>
      </object_component>
      <object_component id="oc-58">
         <name>.debug_info</name>
         <load_address>0xf5d9</load_address>
         <run_address>0xf5d9</run_address>
         <size>0x6e4</size>
         <input_file_ref idref="fl-16"/>
      </object_component>
      <object_component id="oc-5d">
         <name>.debug_info</name>
         <load_address>0xfcbd</load_address>
         <run_address>0xfcbd</run_address>
         <size>0x638</size>
         <input_file_ref idref="fl-17"/>
      </object_component>
      <object_component id="oc-60">
         <name>.debug_info</name>
         <load_address>0x102f5</load_address>
         <run_address>0x102f5</run_address>
         <size>0x633</size>
         <input_file_ref idref="fl-18"/>
      </object_component>
      <object_component id="oc-65">
         <name>.debug_info</name>
         <load_address>0x10928</load_address>
         <run_address>0x10928</run_address>
         <size>0x2674</size>
         <input_file_ref idref="fl-19"/>
      </object_component>
      <object_component id="oc-69">
         <name>.debug_info</name>
         <load_address>0x12f9c</load_address>
         <run_address>0x12f9c</run_address>
         <size>0x6c8</size>
         <input_file_ref idref="fl-1a"/>
      </object_component>
      <object_component id="oc-6c">
         <name>.debug_info</name>
         <load_address>0x13664</load_address>
         <run_address>0x13664</run_address>
         <size>0x6d5</size>
         <input_file_ref idref="fl-1b"/>
      </object_component>
      <object_component id="oc-6f">
         <name>.debug_info</name>
         <load_address>0x13d39</load_address>
         <run_address>0x13d39</run_address>
         <size>0x83e</size>
         <input_file_ref idref="fl-1c"/>
      </object_component>
      <object_component id="oc-72">
         <name>.debug_info</name>
         <load_address>0x14577</load_address>
         <run_address>0x14577</run_address>
         <size>0x6b6</size>
         <input_file_ref idref="fl-1d"/>
      </object_component>
      <object_component id="oc-75">
         <name>.debug_info</name>
         <load_address>0x14c2d</load_address>
         <run_address>0x14c2d</run_address>
         <size>0x7ac</size>
         <input_file_ref idref="fl-1e"/>
      </object_component>
      <object_component id="oc-78">
         <name>.debug_info</name>
         <load_address>0x153d9</load_address>
         <run_address>0x153d9</run_address>
         <size>0x5e1</size>
         <input_file_ref idref="fl-1f"/>
      </object_component>
      <object_component id="oc-7a">
         <name>.debug_info</name>
         <load_address>0x159ba</load_address>
         <run_address>0x159ba</run_address>
         <size>0x6ce</size>
         <input_file_ref idref="fl-20"/>
      </object_component>
      <object_component id="oc-7e">
         <name>.debug_info</name>
         <load_address>0x16088</load_address>
         <run_address>0x16088</run_address>
         <size>0xbd</size>
         <input_file_ref idref="fl-21"/>
      </object_component>
      <object_component id="oc-81">
         <name>.debug_info</name>
         <load_address>0x16145</load_address>
         <run_address>0x16145</run_address>
         <size>0x67e</size>
         <input_file_ref idref="fl-22"/>
      </object_component>
      <object_component id="oc-84">
         <name>.debug_info</name>
         <load_address>0x167c3</load_address>
         <run_address>0x167c3</run_address>
         <size>0x697</size>
         <input_file_ref idref="fl-23"/>
      </object_component>
      <object_component id="oc-87">
         <name>.debug_info</name>
         <load_address>0x16e5a</load_address>
         <run_address>0x16e5a</run_address>
         <size>0x811</size>
         <input_file_ref idref="fl-24"/>
      </object_component>
      <object_component id="oc-8a">
         <name>.debug_info</name>
         <load_address>0x1766b</load_address>
         <run_address>0x1766b</run_address>
         <size>0xa9d</size>
         <input_file_ref idref="fl-25"/>
      </object_component>
      <object_component id="oc-8e">
         <name>.debug_info</name>
         <load_address>0x18108</load_address>
         <run_address>0x18108</run_address>
         <size>0x78a</size>
         <input_file_ref idref="fl-26"/>
      </object_component>
      <object_component id="oc-91">
         <name>.debug_info</name>
         <load_address>0x18892</load_address>
         <run_address>0x18892</run_address>
         <size>0x785</size>
         <input_file_ref idref="fl-27"/>
      </object_component>
      <object_component id="oc-94">
         <name>.debug_info</name>
         <load_address>0x19017</load_address>
         <run_address>0x19017</run_address>
         <size>0x7fd</size>
         <input_file_ref idref="fl-28"/>
      </object_component>
      <object_component id="oc-97">
         <name>.debug_info</name>
         <load_address>0x19814</load_address>
         <run_address>0x19814</run_address>
         <size>0xe70</size>
         <input_file_ref idref="fl-29"/>
      </object_component>
      <object_component id="oc-9c">
         <name>.debug_info</name>
         <load_address>0x1a684</load_address>
         <run_address>0x1a684</run_address>
         <size>0x716</size>
         <input_file_ref idref="fl-2a"/>
      </object_component>
      <object_component id="oc-9f">
         <name>.debug_info</name>
         <load_address>0x1ad9a</load_address>
         <run_address>0x1ad9a</run_address>
         <size>0x6b9</size>
         <input_file_ref idref="fl-2b"/>
      </object_component>
      <object_component id="oc-a2">
         <name>.debug_info</name>
         <load_address>0x1b453</load_address>
         <run_address>0x1b453</run_address>
         <size>0xcc</size>
         <input_file_ref idref="fl-2c"/>
      </object_component>
      <object_component id="oc-a5">
         <name>.debug_info</name>
         <load_address>0x1b51f</load_address>
         <run_address>0x1b51f</run_address>
         <size>0x79d</size>
         <input_file_ref idref="fl-2d"/>
      </object_component>
      <object_component id="oc-a8">
         <name>.debug_info</name>
         <load_address>0x1bcbc</load_address>
         <run_address>0x1bcbc</run_address>
         <size>0x667</size>
         <input_file_ref idref="fl-2e"/>
      </object_component>
      <object_component id="oc-ab">
         <name>.debug_info</name>
         <load_address>0x1c323</load_address>
         <run_address>0x1c323</run_address>
         <size>0x5ff</size>
         <input_file_ref idref="fl-2f"/>
      </object_component>
      <object_component id="oc-ae">
         <name>.debug_info</name>
         <load_address>0x1c922</load_address>
         <run_address>0x1c922</run_address>
         <size>0x63a</size>
         <input_file_ref idref="fl-30"/>
      </object_component>
      <object_component id="oc-b1">
         <name>.debug_info</name>
         <load_address>0x1cf5c</load_address>
         <run_address>0x1cf5c</run_address>
         <size>0xdc3</size>
         <input_file_ref idref="fl-31"/>
      </object_component>
      <object_component id="oc-b5">
         <name>.debug_info</name>
         <load_address>0x1dd1f</load_address>
         <run_address>0x1dd1f</run_address>
         <size>0x850</size>
         <input_file_ref idref="fl-32"/>
      </object_component>
      <object_component id="oc-b9">
         <name>.debug_info</name>
         <load_address>0x1e56f</load_address>
         <run_address>0x1e56f</run_address>
         <size>0x741</size>
         <input_file_ref idref="fl-33"/>
      </object_component>
      <object_component id="oc-bc">
         <name>.debug_info</name>
         <load_address>0x1ecb0</load_address>
         <run_address>0x1ecb0</run_address>
         <size>0x5b3</size>
         <input_file_ref idref="fl-34"/>
      </object_component>
      <object_component id="oc-bf">
         <name>.debug_info</name>
         <load_address>0x1f263</load_address>
         <run_address>0x1f263</run_address>
         <size>0x768</size>
         <input_file_ref idref="fl-35"/>
      </object_component>
      <object_component id="oc-c2">
         <name>.debug_info</name>
         <load_address>0x1f9cb</load_address>
         <run_address>0x1f9cb</run_address>
         <size>0x7a0</size>
         <input_file_ref idref="fl-36"/>
      </object_component>
      <object_component id="oc-c5">
         <name>.debug_info</name>
         <load_address>0x2016b</load_address>
         <run_address>0x2016b</run_address>
         <size>0x7f3</size>
         <input_file_ref idref="fl-37"/>
      </object_component>
      <object_component id="oc-c8">
         <name>.debug_info</name>
         <load_address>0x2095e</load_address>
         <run_address>0x2095e</run_address>
         <size>0x852</size>
         <input_file_ref idref="fl-38"/>
      </object_component>
      <object_component id="oc-cd">
         <name>.debug_info</name>
         <load_address>0x211b0</load_address>
         <run_address>0x211b0</run_address>
         <size>0x7ed</size>
         <input_file_ref idref="fl-39"/>
      </object_component>
      <object_component id="oc-d0">
         <name>.debug_info</name>
         <load_address>0x2199d</load_address>
         <run_address>0x2199d</run_address>
         <size>0x64b</size>
         <input_file_ref idref="fl-3a"/>
      </object_component>
      <object_component id="oc-145">
         <name>.debug_info</name>
         <load_address>0x21fe8</load_address>
         <run_address>0x21fe8</run_address>
         <size>0x6d</size>
      </object_component>
      <object_component id="oc-12">
         <name>.debug_line</name>
         <load_address>0x0</load_address>
         <run_address>0x0</run_address>
         <size>0xcd</size>
         <input_file_ref idref="fl-2"/>
      </object_component>
      <object_component id="oc-1a">
         <name>.debug_line</name>
         <load_address>0xcd</load_address>
         <run_address>0xcd</run_address>
         <size>0x70</size>
         <input_file_ref idref="fl-3"/>
      </object_component>
      <object_component id="oc-21">
         <name>.debug_line</name>
         <load_address>0x13d</load_address>
         <run_address>0x13d</run_address>
         <size>0x65d</size>
         <input_file_ref idref="fl-4"/>
      </object_component>
      <object_component id="oc-25">
         <name>.debug_line</name>
         <load_address>0x79a</load_address>
         <run_address>0x79a</run_address>
         <size>0xd8</size>
         <input_file_ref idref="fl-9"/>
      </object_component>
      <object_component id="oc-29">
         <name>.debug_line</name>
         <load_address>0x872</load_address>
         <run_address>0x872</run_address>
         <size>0x1ba</size>
         <input_file_ref idref="fl-a"/>
      </object_component>
      <object_component id="oc-2d">
         <name>.debug_line</name>
         <load_address>0xa2c</load_address>
         <run_address>0xa2c</run_address>
         <size>0xad</size>
         <input_file_ref idref="fl-b"/>
      </object_component>
      <object_component id="oc-32">
         <name>.debug_line</name>
         <load_address>0xad9</load_address>
         <run_address>0xad9</run_address>
         <size>0x2d8</size>
         <input_file_ref idref="fl-c"/>
      </object_component>
      <object_component id="oc-36">
         <name>.debug_line</name>
         <load_address>0xdb1</load_address>
         <run_address>0xdb1</run_address>
         <size>0x169</size>
         <input_file_ref idref="fl-d"/>
      </object_component>
      <object_component id="oc-3b">
         <name>.debug_line</name>
         <load_address>0xf1a</load_address>
         <run_address>0xf1a</run_address>
         <size>0x143</size>
         <input_file_ref idref="fl-e"/>
      </object_component>
      <object_component id="oc-3f">
         <name>.debug_line</name>
         <load_address>0x105d</load_address>
         <run_address>0x105d</run_address>
         <size>0x3d</size>
         <input_file_ref idref="fl-f"/>
      </object_component>
      <object_component id="oc-42">
         <name>.debug_line</name>
         <load_address>0x109a</load_address>
         <run_address>0x109a</run_address>
         <size>0x3c</size>
         <input_file_ref idref="fl-10"/>
      </object_component>
      <object_component id="oc-47">
         <name>.debug_line</name>
         <load_address>0x10d6</load_address>
         <run_address>0x10d6</run_address>
         <size>0x4f</size>
         <input_file_ref idref="fl-11"/>
      </object_component>
      <object_component id="oc-4a">
         <name>.debug_line</name>
         <load_address>0x1125</load_address>
         <run_address>0x1125</run_address>
         <size>0x3e</size>
         <input_file_ref idref="fl-12"/>
      </object_component>
      <object_component id="oc-4d">
         <name>.debug_line</name>
         <load_address>0x1163</load_address>
         <run_address>0x1163</run_address>
         <size>0x56</size>
         <input_file_ref idref="fl-13"/>
      </object_component>
      <object_component id="oc-53">
         <name>.debug_line</name>
         <load_address>0x11b9</load_address>
         <run_address>0x11b9</run_address>
         <size>0xa7</size>
         <input_file_ref idref="fl-14"/>
      </object_component>
      <object_component id="oc-56">
         <name>.debug_line</name>
         <load_address>0x1260</load_address>
         <run_address>0x1260</run_address>
         <size>0x6a</size>
         <input_file_ref idref="fl-15"/>
      </object_component>
      <object_component id="oc-5b">
         <name>.debug_line</name>
         <load_address>0x12ca</load_address>
         <run_address>0x12ca</run_address>
         <size>0x50</size>
         <input_file_ref idref="fl-16"/>
      </object_component>
      <object_component id="oc-5e">
         <name>.debug_line</name>
         <load_address>0x131a</load_address>
         <run_address>0x131a</run_address>
         <size>0x38</size>
         <input_file_ref idref="fl-17"/>
      </object_component>
      <object_component id="oc-63">
         <name>.debug_line</name>
         <load_address>0x1352</load_address>
         <run_address>0x1352</run_address>
         <size>0x35</size>
         <input_file_ref idref="fl-18"/>
      </object_component>
      <object_component id="oc-67">
         <name>.debug_line</name>
         <load_address>0x1387</load_address>
         <run_address>0x1387</run_address>
         <size>0x31a</size>
         <input_file_ref idref="fl-19"/>
      </object_component>
      <object_component id="oc-6a">
         <name>.debug_line</name>
         <load_address>0x16a1</load_address>
         <run_address>0x16a1</run_address>
         <size>0x3f</size>
         <input_file_ref idref="fl-1a"/>
      </object_component>
      <object_component id="oc-6d">
         <name>.debug_line</name>
         <load_address>0x16e0</load_address>
         <run_address>0x16e0</run_address>
         <size>0x45</size>
         <input_file_ref idref="fl-1b"/>
      </object_component>
      <object_component id="oc-70">
         <name>.debug_line</name>
         <load_address>0x1725</load_address>
         <run_address>0x1725</run_address>
         <size>0x49</size>
         <input_file_ref idref="fl-1c"/>
      </object_component>
      <object_component id="oc-73">
         <name>.debug_line</name>
         <load_address>0x176e</load_address>
         <run_address>0x176e</run_address>
         <size>0x45</size>
         <input_file_ref idref="fl-1d"/>
      </object_component>
      <object_component id="oc-76">
         <name>.debug_line</name>
         <load_address>0x17b3</load_address>
         <run_address>0x17b3</run_address>
         <size>0x44</size>
         <input_file_ref idref="fl-1e"/>
      </object_component>
      <object_component id="oc-7f">
         <name>.debug_line</name>
         <load_address>0x17f7</load_address>
         <run_address>0x17f7</run_address>
         <size>0x44</size>
         <input_file_ref idref="fl-21"/>
      </object_component>
      <object_component id="oc-82">
         <name>.debug_line</name>
         <load_address>0x183b</load_address>
         <run_address>0x183b</run_address>
         <size>0x3d</size>
         <input_file_ref idref="fl-22"/>
      </object_component>
      <object_component id="oc-85">
         <name>.debug_line</name>
         <load_address>0x1878</load_address>
         <run_address>0x1878</run_address>
         <size>0x3d</size>
         <input_file_ref idref="fl-23"/>
      </object_component>
      <object_component id="oc-88">
         <name>.debug_line</name>
         <load_address>0x18b5</load_address>
         <run_address>0x18b5</run_address>
         <size>0x3f</size>
         <input_file_ref idref="fl-24"/>
      </object_component>
      <object_component id="oc-8c">
         <name>.debug_line</name>
         <load_address>0x18f4</load_address>
         <run_address>0x18f4</run_address>
         <size>0x93</size>
         <input_file_ref idref="fl-25"/>
      </object_component>
      <object_component id="oc-8f">
         <name>.debug_line</name>
         <load_address>0x1987</load_address>
         <run_address>0x1987</run_address>
         <size>0x73</size>
         <input_file_ref idref="fl-26"/>
      </object_component>
      <object_component id="oc-92">
         <name>.debug_line</name>
         <load_address>0x19fa</load_address>
         <run_address>0x19fa</run_address>
         <size>0x61</size>
         <input_file_ref idref="fl-27"/>
      </object_component>
      <object_component id="oc-95">
         <name>.debug_line</name>
         <load_address>0x1a5b</load_address>
         <run_address>0x1a5b</run_address>
         <size>0x38</size>
         <input_file_ref idref="fl-28"/>
      </object_component>
      <object_component id="oc-9a">
         <name>.debug_line</name>
         <load_address>0x1a93</load_address>
         <run_address>0x1a93</run_address>
         <size>0xf5</size>
         <input_file_ref idref="fl-29"/>
      </object_component>
      <object_component id="oc-9d">
         <name>.debug_line</name>
         <load_address>0x1b88</load_address>
         <run_address>0x1b88</run_address>
         <size>0x40</size>
         <input_file_ref idref="fl-2a"/>
      </object_component>
      <object_component id="oc-a0">
         <name>.debug_line</name>
         <load_address>0x1bc8</load_address>
         <run_address>0x1bc8</run_address>
         <size>0x3f</size>
         <input_file_ref idref="fl-2b"/>
      </object_component>
      <object_component id="oc-a3">
         <name>.debug_line</name>
         <load_address>0x1c07</load_address>
         <run_address>0x1c07</run_address>
         <size>0x4a</size>
         <input_file_ref idref="fl-2c"/>
      </object_component>
      <object_component id="oc-a6">
         <name>.debug_line</name>
         <load_address>0x1c51</load_address>
         <run_address>0x1c51</run_address>
         <size>0x46</size>
         <input_file_ref idref="fl-2d"/>
      </object_component>
      <object_component id="oc-a9">
         <name>.debug_line</name>
         <load_address>0x1c97</load_address>
         <run_address>0x1c97</run_address>
         <size>0x37</size>
         <input_file_ref idref="fl-2e"/>
      </object_component>
      <object_component id="oc-ac">
         <name>.debug_line</name>
         <load_address>0x1cce</load_address>
         <run_address>0x1cce</run_address>
         <size>0x39</size>
         <input_file_ref idref="fl-2f"/>
      </object_component>
      <object_component id="oc-af">
         <name>.debug_line</name>
         <load_address>0x1d07</load_address>
         <run_address>0x1d07</run_address>
         <size>0x38</size>
         <input_file_ref idref="fl-30"/>
      </object_component>
      <object_component id="oc-b3">
         <name>.debug_line</name>
         <load_address>0x1d3f</load_address>
         <run_address>0x1d3f</run_address>
         <size>0x126</size>
         <input_file_ref idref="fl-31"/>
      </object_component>
      <object_component id="oc-b7">
         <name>.debug_line</name>
         <load_address>0x1e65</load_address>
         <run_address>0x1e65</run_address>
         <size>0x66</size>
         <input_file_ref idref="fl-32"/>
      </object_component>
      <object_component id="oc-ba">
         <name>.debug_line</name>
         <load_address>0x1ecb</load_address>
         <run_address>0x1ecb</run_address>
         <size>0x40</size>
         <input_file_ref idref="fl-33"/>
      </object_component>
      <object_component id="oc-bd">
         <name>.debug_line</name>
         <load_address>0x1f0b</load_address>
         <run_address>0x1f0b</run_address>
         <size>0x23</size>
         <input_file_ref idref="fl-34"/>
      </object_component>
      <object_component id="oc-c0">
         <name>.debug_line</name>
         <load_address>0x1f2e</load_address>
         <run_address>0x1f2e</run_address>
         <size>0x3e</size>
         <input_file_ref idref="fl-35"/>
      </object_component>
      <object_component id="oc-c3">
         <name>.debug_line</name>
         <load_address>0x1f6c</load_address>
         <run_address>0x1f6c</run_address>
         <size>0x3c</size>
         <input_file_ref idref="fl-36"/>
      </object_component>
      <object_component id="oc-c6">
         <name>.debug_line</name>
         <load_address>0x1fa8</load_address>
         <run_address>0x1fa8</run_address>
         <size>0x3f</size>
         <input_file_ref idref="fl-37"/>
      </object_component>
      <object_component id="oc-cb">
         <name>.debug_line</name>
         <load_address>0x1fe7</load_address>
         <run_address>0x1fe7</run_address>
         <size>0x42</size>
         <input_file_ref idref="fl-38"/>
      </object_component>
      <object_component id="oc-ce">
         <name>.debug_line</name>
         <load_address>0x2029</load_address>
         <run_address>0x2029</run_address>
         <size>0x3e</size>
         <input_file_ref idref="fl-39"/>
      </object_component>
      <object_component id="oc-d1">
         <name>.debug_line</name>
         <load_address>0x2067</load_address>
         <run_address>0x2067</run_address>
         <size>0x39</size>
         <input_file_ref idref="fl-3a"/>
      </object_component>
      <object_component id="oc-13">
         <name>.debug_abbrev</name>
         <load_address>0x0</load_address>
         <run_address>0x0</run_address>
         <size>0x20</size>
         <input_file_ref idref="fl-2"/>
      </object_component>
      <object_component id="oc-1b">
         <name>.debug_abbrev</name>
         <load_address>0x20</load_address>
         <run_address>0x20</run_address>
         <size>0x11e</size>
         <input_file_ref idref="fl-3"/>
      </object_component>
      <object_component id="oc-22">
         <name>.debug_abbrev</name>
         <load_address>0x13e</load_address>
         <run_address>0x13e</run_address>
         <size>0x230</size>
         <input_file_ref idref="fl-4"/>
      </object_component>
      <object_component id="oc-26">
         <name>.debug_abbrev</name>
         <load_address>0x36e</load_address>
         <run_address>0x36e</run_address>
         <size>0x104</size>
         <input_file_ref idref="fl-9"/>
      </object_component>
      <object_component id="oc-2a">
         <name>.debug_abbrev</name>
         <load_address>0x472</load_address>
         <run_address>0x472</run_address>
         <size>0x175</size>
         <input_file_ref idref="fl-a"/>
      </object_component>
      <object_component id="oc-2e">
         <name>.debug_abbrev</name>
         <load_address>0x5e7</load_address>
         <run_address>0x5e7</run_address>
         <size>0xf0</size>
         <input_file_ref idref="fl-b"/>
      </object_component>
      <object_component id="oc-33">
         <name>.debug_abbrev</name>
         <load_address>0x6d7</load_address>
         <run_address>0x6d7</run_address>
         <size>0x208</size>
         <input_file_ref idref="fl-c"/>
      </object_component>
      <object_component id="oc-37">
         <name>.debug_abbrev</name>
         <load_address>0x8df</load_address>
         <run_address>0x8df</run_address>
         <size>0x147</size>
         <input_file_ref idref="fl-d"/>
      </object_component>
      <object_component id="oc-3c">
         <name>.debug_abbrev</name>
         <load_address>0xa26</load_address>
         <run_address>0xa26</run_address>
         <size>0x136</size>
         <input_file_ref idref="fl-e"/>
      </object_component>
      <object_component id="oc-40">
         <name>.debug_abbrev</name>
         <load_address>0xb5c</load_address>
         <run_address>0xb5c</run_address>
         <size>0xfe</size>
         <input_file_ref idref="fl-f"/>
      </object_component>
      <object_component id="oc-43">
         <name>.debug_abbrev</name>
         <load_address>0xc5a</load_address>
         <run_address>0xc5a</run_address>
         <size>0xf5</size>
         <input_file_ref idref="fl-10"/>
      </object_component>
      <object_component id="oc-48">
         <name>.debug_abbrev</name>
         <load_address>0xd4f</load_address>
         <run_address>0xd4f</run_address>
         <size>0x119</size>
         <input_file_ref idref="fl-11"/>
      </object_component>
      <object_component id="oc-4b">
         <name>.debug_abbrev</name>
         <load_address>0xe68</load_address>
         <run_address>0xe68</run_address>
         <size>0x8c</size>
         <input_file_ref idref="fl-12"/>
      </object_component>
      <object_component id="oc-4e">
         <name>.debug_abbrev</name>
         <load_address>0xef4</load_address>
         <run_address>0xef4</run_address>
         <size>0xa3</size>
         <input_file_ref idref="fl-13"/>
      </object_component>
      <object_component id="oc-54">
         <name>.debug_abbrev</name>
         <load_address>0xf97</load_address>
         <run_address>0xf97</run_address>
         <size>0x1f8</size>
         <input_file_ref idref="fl-14"/>
      </object_component>
      <object_component id="oc-57">
         <name>.debug_abbrev</name>
         <load_address>0x118f</load_address>
         <run_address>0x118f</run_address>
         <size>0x161</size>
         <input_file_ref idref="fl-15"/>
      </object_component>
      <object_component id="oc-5c">
         <name>.debug_abbrev</name>
         <load_address>0x12f0</load_address>
         <run_address>0x12f0</run_address>
         <size>0xcc</size>
         <input_file_ref idref="fl-16"/>
      </object_component>
      <object_component id="oc-5f">
         <name>.debug_abbrev</name>
         <load_address>0x13bc</load_address>
         <run_address>0x13bc</run_address>
         <size>0xaf</size>
         <input_file_ref idref="fl-17"/>
      </object_component>
      <object_component id="oc-64">
         <name>.debug_abbrev</name>
         <load_address>0x146b</load_address>
         <run_address>0x146b</run_address>
         <size>0x9f</size>
         <input_file_ref idref="fl-18"/>
      </object_component>
      <object_component id="oc-68">
         <name>.debug_abbrev</name>
         <load_address>0x150a</load_address>
         <run_address>0x150a</run_address>
         <size>0x1d1</size>
         <input_file_ref idref="fl-19"/>
      </object_component>
      <object_component id="oc-6b">
         <name>.debug_abbrev</name>
         <load_address>0x16db</load_address>
         <run_address>0x16db</run_address>
         <size>0xe1</size>
         <input_file_ref idref="fl-1a"/>
      </object_component>
      <object_component id="oc-6e">
         <name>.debug_abbrev</name>
         <load_address>0x17bc</load_address>
         <run_address>0x17bc</run_address>
         <size>0xcc</size>
         <input_file_ref idref="fl-1b"/>
      </object_component>
      <object_component id="oc-71">
         <name>.debug_abbrev</name>
         <load_address>0x1888</load_address>
         <run_address>0x1888</run_address>
         <size>0x13f</size>
         <input_file_ref idref="fl-1c"/>
      </object_component>
      <object_component id="oc-74">
         <name>.debug_abbrev</name>
         <load_address>0x19c7</load_address>
         <run_address>0x19c7</run_address>
         <size>0xdd</size>
         <input_file_ref idref="fl-1d"/>
      </object_component>
      <object_component id="oc-77">
         <name>.debug_abbrev</name>
         <load_address>0x1aa4</load_address>
         <run_address>0x1aa4</run_address>
         <size>0x10c</size>
         <input_file_ref idref="fl-1e"/>
      </object_component>
      <object_component id="oc-79">
         <name>.debug_abbrev</name>
         <load_address>0x1bb0</load_address>
         <run_address>0x1bb0</run_address>
         <size>0x5f</size>
         <input_file_ref idref="fl-1f"/>
      </object_component>
      <object_component id="oc-7d">
         <name>.debug_abbrev</name>
         <load_address>0x1c0f</load_address>
         <run_address>0x1c0f</run_address>
         <size>0x8e</size>
         <input_file_ref idref="fl-20"/>
      </object_component>
      <object_component id="oc-80">
         <name>.debug_abbrev</name>
         <load_address>0x1c9d</load_address>
         <run_address>0x1c9d</run_address>
         <size>0x3a</size>
         <input_file_ref idref="fl-21"/>
      </object_component>
[...]
         <value>0x1181a294</value>
         <object_component_ref idref="oc-1f"/>
      </symbol>
      <symbol id="sm-182">
         <name>_sreg</name>
         <value>0x1181a298</value>
         <object_component_ref idref="oc-1f"/>
      </symbol>
      <symbol id="sm-183">
         <name>_input_right_sample</name>
         <value>0x11810200</value>
         <object_component_ref idref="oc-d6"/>
      </symbol>
      <symbol id="sm-184">
         <name>_EDMA3_PaRAM_setup</name>
         <value>0x11810258</value>
         <object_component_ref idref="oc-d6"/>
      </symbol>
      <symbol id="sm-185">
         <name>_L138_init_LCDK_DIP</name>
         <value>0x11811118</value>
         <object_component_ref idref="oc-d6"/>
      </symbol>
      <symbol id="sm-186">
         <name>_prand</name>
         <value>0x118116b4</value>
         <object_component_ref idref="oc-d6"/>
      </symbol>
      <symbol id="sm-187">
         <name>_fb</name>
         <value>0x1181a3ec</value>
         <object_component_ref idref="oc-1c"/>
      </symbol>
      <symbol id="sm-188">
         <name>_rand31_next</name>
         <value>0x11811638</value>
         <object_component_ref idref="oc-d6"/>
      </symbol>
      <symbol id="sm-189">
         <name>_read_LCDK_user_DIP</name>
         <value>0x11811160</value>
         <object_component_ref idref="oc-d6"/>
      </symbol>
      <symbol id="sm-18a">
         <name>_L138_init_mcasp_edma</name>
         <value>0x11810630</value>
         <object_component_ref idref="oc-d6"/>
      </symbol>
      <symbol id="sm-18b">
         <name>_L138_init_aic3106_registers</name>
         <value>0x11810de0</value>
         <object_component_ref idref="oc-d6"/>
      </symbol>
      <symbol id="sm-18c">
         <name>_L138_initialise_intr</name>
         <value>0x1181142c</value>
         <object_component_ref idref="oc-d6"/>
      </symbol>
      <symbol id="sm-18d">
         <name>_input_sample</name>
         <value>0x11810150</value>
         <object_component_ref idref="oc-d6"/>
      </symbol>
      <symbol id="sm-18e">
         <name>_output_right_sample</name>
         <value>0x118100e0</value>
         <object_component_ref idref="oc-d6"/>
      </symbol>
      <symbol id="sm-18f">
         <name>_pongIN</name>
         <value>0x1181a3e4</value>
         <object_component_ref idref="oc-1c"/>
      </symbol>
      <symbol id="sm-190">
         <name>_pongOUT</name>
         <value>0x1181a3e8</value>
         <object_component_ref idref="oc-1c"/>
      </symbol>
      <symbol id="sm-191">
         <name>_pingOUT</name>
         <value>0x1181a3e0</value>
         <object_component_ref idref="oc-1c"/>
      </symbol>
      <symbol id="sm-192">
         <name>_L138_init_mcasp_poll</name>
         <value>0x11810b4c</value>
         <object_component_ref idref="oc-d6"/>
      </symbol>
      <symbol id="sm-1a1">
         <name>_USTIMER_get</name>
         <value>0x11816944</value>
         <object_component_ref idref="oc-e7"/>
      </symbol>
      <symbol id="sm-1a2">
         <name>_USTIMER_delay</name>
         <value>0x11816884</value>
         <object_component_ref idref="oc-e7"/>
      </symbol>
      <symbol id="sm-1a3">
         <name>_USTIMER_set</name>
         <value>0x11816958</value>
         <object_component_ref idref="oc-e7"/>
      </symbol>
      <symbol id="sm-1a4">
         <name>_USTIMER_init</name>
         <value>0x118167a0</value>
         <object_component_ref idref="oc-e7"/>
      </symbol>
      <symbol id="sm-1a5">
         <name>_USTIMER_reset</name>
         <value>0x11816914</value>
         <object_component_ref idref="oc-e7"/>
      </symbol>
      <symbol id="sm-1df">
         <name>_GPIO_getInput</name>
         <value>0x11813f98</value>
         <object_component_ref idref="oc-e5"/>
      </symbol>
      <symbol id="sm-1e0">
         <name>_GPIO_setDir</name>
         <value>0x11813f20</value>
         <object_component_ref idref="oc-e5"/>
      </symbol>
      <symbol id="sm-1e1">
         <name>_GPIO_toggleLoop</name>
         <value>0x1181408c</value>
         <object_component_ref idref="oc-e5"/>
      </symbol>
      <symbol id="sm-1e2">
         <name>_GPIO_setOutput</name>
         <value>0x1181400c</value>
         <object_component_ref idref="oc-e5"/>
      </symbol>
      <symbol id="sm-20e">
         <name>_AIC3106_writeRegister</name>
         <value>0x11816e30</value>
         <object_component_ref idref="oc-e4"/>
      </symbol>
      <symbol id="sm-20f">
         <name>_AIC3106_init</name>
         <value>0x11816ce0</value>
         <object_component_ref idref="oc-e4"/>
      </symbol>
      <symbol id="sm-210">
         <name>_AIC3106_readRegister</name>
         <value>0x11816dd8</value>
         <object_component_ref idref="oc-e4"/>
      </symbol>
      <symbol id="sm-2ad">
         <name>_config_pll1</name>
         <value>0x11811fa4</value>
         <object_component_ref idref="oc-e8"/>
      </symbol>
      <symbol id="sm-2ae">
         <name>_config_pll0</name>
         <value>0x11811d68</value>
         <object_component_ref idref="oc-e8"/>
      </symbol>
      <symbol id="sm-2af">
         <name>_UTIL_isUIBoardAttached</name>
         <value>0x118122e0</value>
         <object_component_ref idref="oc-e8"/>
      </symbol>
      <symbol id="sm-2b0">
         <name>_EVMOMAPL138_initRAM</name>
         <value>0x1181170c</value>
         <object_component_ref idref="oc-e8"/>
      </symbol>
      <symbol id="sm-2b1">
         <name>_EVMOMAPL138_lpscTransition</name>
         <value>0x11811990</value>
         <object_component_ref idref="oc-e8"/>
      </symbol>
      <symbol id="sm-2b2">
         <name>_EVMOMAPL138_enableDsp</name>
         <value>0x118118c8</value>
         <object_component_ref idref="oc-e8"/>
      </symbol>
      <symbol id="sm-2b3">
         <name>_EVMOMAPL138_init</name>
         <value>0x118116e0</value>
         <object_component_ref idref="oc-e8"/>
      </symbol>
      <symbol id="sm-2b4">
         <name>_UTIL_printMem</name>
         <value>0x11812188</value>
         <object_component_ref idref="oc-e8"/>
      </symbol>
      <symbol id="sm-2b5">
         <name>_EVMOMAPL138_pinmuxConfig</name>
         <value>0x118118f4</value>
         <object_component_ref idref="oc-e8"/>
      </symbol>
      <symbol id="sm-2b6">
         <name>_bitval_u32</name>
         <value>0x1181a708</value>
         <object_component_ref idref="oc-ef"/>
      </symbol>
      <symbol id="sm-2e4">
         <name>_I2CGPIO_getInput</name>
         <value>0x11812ef4</value>
         <object_component_ref idref="oc-f3"/>
      </symbol>
      <symbol id="sm-2e5">
         <name>_I2CGPIO_setOutputAll</name>
         <value>0x11813268</value>
         <object_component_ref idref="oc-f3"/>
      </symbol>
      <symbol id="sm-2e6">
         <name>_I2CGPIO_setOutput</name>
         <value>0x11813120</value>
         <object_component_ref idref="oc-f3"/>
      </symbol>
      <symbol id="sm-2e7">
         <name>_I2CGPIO_getInputAll</name>
         <value>0x11813010</value>
         <object_component_ref idref="oc-f3"/>
      </symbol>
      <symbol id="sm-2e8">
         <name>_I2CGPIO_init</name>
         <value>0x11812e20</value>
         <object_component_ref idref="oc-f3"/>
      </symbol>
      <symbol id="sm-331">
         <name>_I2C_read</name>
         <value>0x1181438c</value>
         <object_component_ref idref="oc-ed"/>
      </symbol>
      <symbol id="sm-332">
         <name>_I2C_write</name>
         <value>0x118144e8</value>
         <object_component_ref idref="oc-ed"/>
      </symbol>
      <symbol id="sm-333">
         <name>_I2C_init</name>
         <value>0x118142a0</value>
         <object_component_ref idref="oc-ed"/>
      </symbol>
      <symbol id="sm-342">
         <name>_c_int00</name>
         <value>0x11819040</value>
         <object_component_ref idref="oc-e"/>
      </symbol>
      <symbol id="sm-343">
         <name>__stack</name>
         <value>0x118195c0</value>
         <object_component_ref idref="oc-3e"/>
      </symbol>
      <symbol id="sm-355">
         <name>__divd</name>
         <value>0x11812300</value>
         <object_component_ref idref="oc-eb"/>
      </symbol>
      <symbol id="sm-36c">
         <name>C$$EXIT</name>
         <value>0x11819560</value>
         <object_component_ref idref="oc-e3"/>
      </symbol>
      <symbol id="sm-36d">
         <name>_exit</name>
         <value>0x11818300</value>
         <object_component_ref idref="oc-d5"/>
      </symbol>
      <symbol id="sm-36e">
         <name>___TI_enable_exit_profile_output</name>
         <value>0x1181a290</value>
         <object_component_ref idref="oc-46"/>
      </symbol>
      <symbol id="sm-36f">
         <name>_abort</name>
         <value>0x11819560</value>
         <object_component_ref idref="oc-e3"/>
      </symbol>
      <symbol id="sm-370">
         <name>__cleanup_ptr</name>
         <value>0x1181a288</value>
         <object_component_ref idref="oc-46"/>
      </symbol>
      <symbol id="sm-371">
         <name>__dtors_ptr</name>
         <value>0x1181a28c</value>
         <object_component_ref idref="oc-46"/>
      </symbol>
      <symbol id="sm-37b">
         <name>__frcmpyd_div</name>
         <value>0x11819400</value>
         <object_component_ref idref="oc-f5"/>
      </symbol>
      <symbol id="sm-389">
         <name>__llshl</name>
         <value>0x11818fc0</value>
         <object_component_ref idref="oc-129"/>
      </symbol>
      <symbol id="sm-38a">
         <name>__llshru</name>
         <value>0x11819440</value>
         <object_component_ref idref="oc-f4"/>
      </symbol>
      <symbol id="sm-3c3">
         <name>__sys_memory</name>
         <value>0x11800000</value>
         <object_component_ref idref="oc-52"/>
      </symbol>
      <symbol id="sm-3c4">
         <name>_free</name>
         <value>0x11815140</value>
         <object_component_ref idref="oc-116"/>
      </symbol>
      <symbol id="sm-3c5">
         <name>_malloc</name>
         <value>0x11817000</value>
         <object_component_ref idref="oc-e6"/>
      </symbol>
      <symbol id="sm-3da">
         <name>_printf</name>
         <value>0x11817ce0</value>
         <object_component_ref idref="oc-f2"/>
      </symbol>
      <symbol id="sm-3ef">
         <name>_sin</name>
         <value>0x118153c0</value>
         <object_component_ref idref="oc-ec"/>
      </symbol>
      <symbol id="sm-3f9">
         <name>__trunc</name>
         <value>0x11819540</value>
         <object_component_ref idref="oc-f6"/>
      </symbol>
      <symbol id="sm-407">
         <name>__unlock</name>
         <value>0x1181a2a0</value>
         <object_component_ref idref="oc-62"/>
      </symbol>
      <symbol id="sm-408">
         <name>__lock</name>
         <value>0x1181a29c</value>
         <object_component_ref idref="oc-62"/>
      </symbol>
      <symbol id="sm-409">
         <name>__nop</name>
         <value>0x118194e0</value>
         <object_component_ref idref="oc-d7"/>
      </symbol>
      <symbol id="sm-513">
         <name>__printfi</name>
         <value>0x11813300</value>
         <object_component_ref idref="oc-fa"/>
      </symbol>
      <symbol id="sm-51d">
         <name>__args_main</name>
         <value>0x118193c0</value>
         <object_component_ref idref="oc-d4"/>
      </symbol>
      <symbol id="sm-51e">
         <name>__TI_args_main</name>
         <value>0x1</value>
      </symbol>
      <symbol id="sm-52c">
         <name>_atoi</name>
         <value>0x11817a40</value>
         <object_component_ref idref="oc-106"/>
      </symbol>
      <symbol id="sm-53b">
         <name>__auto_init</name>
         <value>0x11818000</value>
         <object_component_ref idref="oc-d3"/>
      </symbol>
      <symbol id="sm-548">
         <name>___TI_cpp_init</name>
         <value>0x118191c0</value>
         <object_component_ref idref="oc-e1"/>
      </symbol>
      <symbol id="sm-556">
         <name>_copy_in</name>
         <value>0x11818a40</value>
         <object_component_ref idref="oc-df"/>
      </symbol>
      <symbol id="sm-55e">
         <name>__ctypes_</name>
         <value>0x1181a600</value>
         <object_component_ref idref="oc-10c"/>
      </symbol>
      <symbol id="sm-568">
         <name>__tmpnams</name>
         <value>0x11819fa0</value>
         <object_component_ref idref="oc-7c"/>
      </symbol>
      <symbol id="sm-569">
         <name>__ft_end</name>
         <value>0x1181a0e0</value>
         <object_component_ref idref="oc-7c"/>
      </symbol>
      <symbol id="sm-56a">
         <name>__ftable</name>
         <value>0x11819dc0</value>
         <object_component_ref idref="oc-7c"/>
      </symbol>
      <symbol id="sm-573">
         <name>__c6xabi_divu</name>
         <value>0x11818180</value>
         <object_component_ref idref="oc-122"/>
      </symbol>
      <symbol id="sm-574">
         <name>__divu</name>
         <value>0x11818180</value>
         <object_component_ref idref="oc-122"/>
      </symbol>
      <symbol id="sm-581">
         <name>__fixdli</name>
         <value>0x11818860</value>
         <object_component_ref idref="oc-11f"/>
      </symbol>
      <symbol id="sm-58c">
         <name>__fltlid</name>
         <value>0x11818f40</value>
         <object_component_ref idref="oc-121"/>
      </symbol>
      <symbol id="sm-5a7">
         <name>_putc</name>
         <value>0x11815f60</value>
         <object_component_ref idref="oc-101"/>
      </symbol>
      <symbol id="sm-5a8">
         <name>_fputc</name>
         <value>0x11815f60</value>
         <object_component_ref idref="oc-101"/>
      </symbol>
      <symbol id="sm-5ca">
         <name>_fputs</name>
         <value>0x11813b80</value>
         <object_component_ref idref="oc-fc"/>
      </symbol>
      <symbol id="sm-5da">
         <name>__divul</name>
         <value>0x11816b40</value>
         <object_component_ref idref="oc-123"/>
      </symbol>
      <symbol id="sm-5db">
         <name>__remli</name>
         <value>0x11819480</value>
         <object_component_ref idref="oc-127"/>
      </symbol>
      <symbol id="sm-5dc">
         <name>__divli</name>
         <value>0x11818680</value>
         <object_component_ref idref="oc-128"/>
      </symbol>
      <symbol id="sm-5f0">
         <name>__subcull</name>
         <value>0x11819220</value>
         <object_component_ref idref="oc-12a"/>
      </symbol>
      <symbol id="sm-5f1">
         <name>__divull</name>
         <value>0x11815640</value>
         <object_component_ref idref="oc-124"/>
      </symbol>
      <symbol id="sm-5fb">
         <name>___isinf</name>
         <value>0x11819340</value>
         <object_component_ref idref="oc-10e"/>
      </symbol>
      <symbol id="sm-638">
         <name>_unlink</name>
         <value>0x11819140</value>
         <object_component_ref idref="oc-12b"/>
      </symbol>
      <symbol id="sm-639">
         <name>_lseek</name>
         <value>0x11818b80</value>
         <object_component_ref idref="oc-115"/>
      </symbol>
      <symbol id="sm-63a">
         <name>_close</name>
         <value>0x11817b20</value>
         <object_component_ref idref="oc-125"/>
      </symbol>
      <symbol id="sm-63b">
         <name>_write</name>
         <value>0x11818ea0</value>
         <object_component_ref idref="oc-104"/>
      </symbol>
      <symbol id="sm-648">
         <name>_ltoa</name>
         <value>0x118183c0</value>
         <object_component_ref idref="oc-120"/>
      </symbol>
      <symbol id="sm-655">
         <name>_memccpy</name>
         <value>0x11819280</value>
         <object_component_ref idref="oc-109"/>
      </symbol>
      <symbol id="sm-65d">
         <name>_memcpy</name>
         <value>0x11818c20</value>
         <object_component_ref idref="oc-e0"/>
      </symbol>
      <symbol id="sm-668">
         <name>_memset</name>
         <value>0x11817c00</value>
         <object_component_ref idref="oc-105"/>
      </symbol>
      <symbol id="sm-674">
         <name>_modf</name>
         <value>0x11818d60</value>
         <object_component_ref idref="oc-f8"/>
      </symbol>
      <symbol id="sm-67e">
         <name>__negll</name>
         <value>0x118194c0</value>
         <object_component_ref idref="oc-113"/>
      </symbol>
      <symbol id="sm-688">
         <name>__nround</name>
         <value>0x11818900</value>
         <object_component_ref idref="oc-f7"/>
      </symbol>
      <symbol id="sm-6b1">
         <name>_HOSTopen</name>
         <value>0x11817960</value>
         <object_component_ref idref="oc-d8"/>
      </symbol>
      <symbol id="sm-6b2">
         <name>_HOSTread</name>
         <value>0x11817dc0</value>
         <object_component_ref idref="oc-da"/>
      </symbol>
      <symbol id="sm-6b3">
         <name>_HOSTrename</name>
         <value>0x11816e80</value>
         <object_component_ref idref="oc-de"/>
      </symbol>
      <symbol id="sm-6b4">
         <name>_HOSTwrite</name>
         <value>0x11817f40</value>
         <object_component_ref idref="oc-db"/>
      </symbol>
      <symbol id="sm-6b5">
         <name>_HOSTlseek</name>
         <value>0x11817760</value>
         <object_component_ref idref="oc-dc"/>
      </symbol>
      <symbol id="sm-6b6">
         <name>_HOSTunlink</name>
         <value>0x11817e80</value>
         <object_component_ref idref="oc-dd"/>
      </symbol>
      <symbol id="sm-6b7">
         <name>_HOSTclose</name>
         <value>0x11818540</value>
         <object_component_ref idref="oc-d9"/>
      </symbol>
      <symbol id="sm-6c7">
         <name>C$$IO$$</name>
         <value>0x11819338</value>
         <object_component_ref idref="oc-e9"/>
      </symbol>
      <symbol id="sm-6c8">
         <name>__CIOBUF_</name>
         <value>0x1181a2b8</value>
         <object_component_ref idref="oc-b6"/>
      </symbol>
      <symbol id="sm-6c9">
         <name>_readmsg</name>
         <value>0x118190c0</value>
         <object_component_ref idref="oc-ea"/>
      </symbol>
      <symbol id="sm-6ca">
         <name>_writemsg</name>
         <value>0x118192e0</value>
         <object_component_ref idref="oc-e9"/>
      </symbol>
      <symbol id="sm-6d9">
         <name>__wrt_ok</name>
         <value>0x11817860</value>
         <object_component_ref idref="oc-102"/>
      </symbol>
      <symbol id="sm-6ed">
         <name>__doflush</name>
         <value>0x11818240</value>
         <object_component_ref idref="oc-103"/>
      </symbol>
      <symbol id="sm-6fe">
         <name>_fseek</name>
         <value>0x11817640</value>
         <object_component_ref idref="oc-10a"/>
      </symbol>
      <symbol id="sm-714">
         <name>_setvbuf</name>
         <value>0x118165a0</value>
         <object_component_ref idref="oc-10b"/>
      </symbol>
      <symbol id="sm-727">
         <name>__cleanup</name>
         <value>0x118185e0</value>
         <object_component_ref idref="oc-117"/>
      </symbol>
      <symbol id="sm-739">
         <name>__closefile</name>
         <value>0x11817400</value>
         <object_component_ref idref="oc-11e"/>
      </symbol>
      <symbol id="sm-743">
         <name>_remove</name>
         <value>0x11819580</value>
         <object_component_ref idref="oc-126"/>
      </symbol>
   </symbol_table>
</link_info>
